FALLBACK block=2 at outer i=9: block_range=[11, 19] rows_=[0, 1, 2, 3, 4, 5, 6, 7, 8]
  j=1/8 block=2 nodes={'56': (1, 1), '57': (0, 1), '256': (2, 1), '257': (2, 1), '265': (2, 1), '267': (2, 1), '275': (2, 1), '283': (2, 1), '291': (2, 1), '299': (2, 1), '307': (2, 1), '315': (2, 1), '323': (2, 1), '331': (2, 1), '332': (2, 1), '340': (2, 1)}
  j=1 block=2 embedded by MCTS/ceiling tier; state has 47 nodes
  j=2/8 block=2 nodes={'58': (1, 1), '59': (0, 1), '66': (5, 1), '258': (2, 1), '266': (2, 1), '268': (2, 1), '276': (2, 1), '284': (2, 1), '292': (2, 1), '300': (2, 1), '308': (2, 1), '316': (2, 1), '324': (2, 1), '333': (2, 1), '341': (2, 1), '342': (2, 1)}
  j=2 block=2 embedded by MCTS/ceiling tier; state has 63 nodes
  j=3/8 block=2 nodes={'60': (1, 1), '61': (0, 1), '67': (5, 1), '259': (2, 1), '269': (2, 1), '277': (2, 1), '285': (2, 1), '293': (2, 1), '301': (2, 1), '309': (2, 1), '317': (2, 1), '325': (2, 1), '334': (2, 1), '343': (2, 1), '346': (2, 1), '347': (2, 1)}
  j=3 block=2 embedded by MCTS/ceiling tier; state has 79 nodes
  j=4/8 block=2 nodes={'62': (5, 1), '64': (5, 1), '260': (2, 1), '270': (2, 1), '278': (2, 1), '286': (2, 1), '294': (2, 1), '302': (2, 1), '310': (2, 1), '318': (2, 1), '326': (2, 1), '335': (2, 1), '344': (2, 1), '348': (2, 1), '351': (2, 1), '358': (2, 1)}
  j=4 block=2 embedded by MCTS/ceiling tier; state has 95 nodes
  j=5/8 block=2 nodes={'63': (5, 1), '65': (5, 1), '261': (2, 1), '271': (2, 1), '279': (2, 1), '287': (2, 1), '295': (2, 1), '303': (2, 1), '311': (2, 1), '319': (2, 1), '327': (2, 1), '336': (2, 1), '345': (2, 1), '349': (2, 1), '352': (2, 1), '359': (2, 1)}
  j=5 block=2 embedded by MCTS/ceiling tier; state has 111 nodes
  j=6/8 block=2 nodes={'68': (1, 1), '69': (0, 1), '262': (2, 1), '272': (2, 1), '280': (2, 1), '288': (2, 1), '296': (2, 1), '304': (2, 1), '312': (2, 1), '320': (2, 1), '328': (2, 1), '337': (2, 1), '350': (2, 1), '353': (2, 1), '355': (2, 1), '356': (2, 1)}
  j=6 block=2 embedded by MCTS/ceiling tier; state has 127 nodes
  j=7/8 block=2 nodes={'70': (1, 1), '71': (0, 1), '263': (2, 1), '273': (2, 1), '281': (2, 1), '289': (2, 1), '297': (2, 1), '305': (2, 1), '313': (2, 1), '321': (2, 1), '329': (2, 1), '338': (2, 1), '354': (2, 1), '357': (2, 1), '360': (2, 1), '362': (2, 1)}
  j=7 block=2 embedded by MCTS/ceiling tier; state has 143 nodes
  j=8/8 block=2 nodes={'72': (1, 0), '73': (0, 0), '82': (5, 0), '264': (2, 0), '274': (2, 0), '282': (2, 0), '290': (2, 0), '298': (2, 0), '306': (2, 0), '314': (2, 0), '322': (2, 0), '330': (2, 0), '339': (2, 0), '361': (2, 0), '363': (2, 0), '364': (2, 0)}
  j=8 block=2 embedded by MCTS/ceiling tier; state has 159 nodes
outer i=10 block=3 leaving fallback-done block 2, input_mapping_flag=1
FALLBACK block=5 at outer i=17: block_range=[32, 40] rows_=[0, 1, 2, 3, 4, 5, 6, 7, 8]
  j=1/8 block=5 nodes={'123': (1, 1), '124': (0, 1), '131': (5, 1), '256': (2, 1), '258': (2, 1), '266': (2, 1), '267': (2, 1), '275': (2, 1), '283': (2, 1), '291': (2, 1), '299': (2, 1), '307': (2, 1), '315': (2, 1), '316': (2, 1), '318': (2, 1), '326': (2, 1)}
  j=1 block=5 embedded by MCTS/ceiling tier; state has 48 nodes
  j=2/8 block=5 nodes={'125': (1, 1), '126': (0, 1), '257': (2, 1), '259': (2, 1), '268': (2, 1), '276': (2, 1), '284': (2, 1), '292': (2, 1), '300': (2, 1), '308': (2, 1), '317': (2, 1), '319': (2, 1), '327': (2, 1), '329': (2, 1), '330': (2, 1), '342': (2, 1)}
  j=2 block=5 embedded by MCTS/ceiling tier; state has 64 nodes
  j=3/8 block=5 nodes={'128': (1, 1), '129': (0, 1), '134': (5, 1), '138': (5, 1), '260': (2, 1), '269': (2, 1), '277': (2, 1), '285': (2, 1), '293': (2, 1), '301': (2, 1), '309': (2, 1), '320': (2, 1), '328': (2, 1), '331': (2, 1), '334': (2, 1), '343': (2, 1)}
  j=3 block=5 embedded by MCTS/ceiling tier; state has 80 nodes
  j=4/8 block=5 nodes={'132': (5, 1), '135': (5, 1), '136': (5, 1), '139': (5, 1), '261': (2, 1), '270': (2, 1), '278': (2, 1), '286': (2, 1), '294': (2, 1), '302': (2, 1), '310': (2, 1), '321': (2, 1), '332': (2, 1), '335': (2, 1), '338': (2, 1), '344': (2, 1)}
  j=4 block=5 embedded by MCTS/ceiling tier; state has 96 nodes
  j=5/8 block=5 nodes={'133': (5, 1), '137': (5, 1), '262': (2, 1), '271': (2, 1), '279': (2, 1), '287': (2, 1), '295': (2, 1), '303': (2, 1), '311': (2, 1), '322': (2, 1), '333': (2, 1), '336': (2, 1), '339': (2, 1), '345': (2, 1), '352': (2, 1), '355': (2, 1)}
  j=5 block=5 embedded by MCTS/ceiling tier; state has 112 nodes
  j=6/8 block=5 nodes={'141': (1, 1), '142': (0, 1), '263': (2, 1), '272': (2, 1), '280': (2, 1), '288': (2, 1), '296': (2, 1), '304': (2, 1), '312': (2, 1), '323': (2, 1), '337': (2, 1), '340': (2, 1), '346': (2, 1), '349': (2, 1), '353': (2, 1), '356': (2, 1)}
  j=6 block=5 embedded by MCTS/ceiling tier; state has 128 nodes
  j=7/8 block=5 nodes={'143': (1, 1), '144': (0, 1), '264': (2, 1), '273': (2, 1), '281': (2, 1), '289': (2, 1), '297': (2, 1), '305': (2, 1), '313': (2, 1), '324': (2, 1), '341': (2, 1), '347': (2, 1), '350': (2, 1), '354': (2, 1), '357': (2, 1), '359': (2, 1)}
  j=7 block=5 embedded by MCTS/ceiling tier; state has 160 nodes
  j=8/8 block=5 nodes={'146': (1, 0), '147': (0, 0), '156': (5, 0), '265': (2, 0), '274': (2, 0), '282': (2, 0), '290': (2, 0), '298': (2, 0), '306': (2, 0), '314': (2, 0), '325': (2, 0), '348': (2, 0), '351': (2, 0), '358': (2, 0), '360': (2, 0), '361': (2, 0)}
  j=8 block=5 embedded by MCTS/ceiling tier; state has 176 nodes
outer i=18 block=5 SKIPPED (fallback already did this block)
outer i=19 block=6 leaving fallback-done block 5, input_mapping_flag=1
FALLBACK block=6 at outer i=21: block_range=[40, 48] rows_=[0, 1, 2, 3, 4, 5, 6, 7, 8]
  j=1/8 block=6 nodes={'150': (1, 1), '151': (0, 1), '157': (5, 1), '158': (5, 1), '256': (2, 1), '257': (2, 1), '265': (2, 1), '273': (2, 1), '281': (2, 1), '283': (2, 1), '291': (2, 1), '299': (2, 1), '307': (2, 1), '315': (2, 1), '323': (2, 1), '325': (2, 1)}
  j=1 block=6 embedded by MCTS/ceiling tier; state has 45 nodes
  j=2/8 block=6 nodes={'152': (1, 1), '153': (0, 1), '159': (5, 1), '258': (2, 1), '266': (2, 1), '274': (2, 1), '282': (2, 1), '284': (2, 1), '292': (2, 1), '300': (2, 1), '308': (2, 1), '316': (2, 1), '324': (2, 1), '326': (2, 1), '328': (2, 1), '341': (2, 1)}
  j=2 block=6 embedded by MCTS/ceiling tier; state has 61 nodes
  j=3/8 block=6 nodes={'154': (1, 1), '155': (0, 1), '259': (2, 1), '267': (2, 1), '275': (2, 1), '285': (2, 1), '293': (2, 1), '301': (2, 1), '309': (2, 1), '317': (2, 1), '327': (2, 1), '329': (2, 1), '332': (2, 1), '333': (2, 1), '342': (2, 1), '348': (2, 1)}
  j=3 block=6 embedded by MCTS/ceiling tier; state has 77 nodes
  j=4/8 block=6 nodes={'160': (5, 1), '162': (5, 1), '164': (5, 1), '260': (2, 1), '268': (2, 1), '276': (2, 1), '286': (2, 1), '294': (2, 1), '302': (2, 1), '310': (2, 1), '318': (2, 1), '330': (2, 1), '334': (2, 1), '337': (2, 1), '343': (2, 1), '349': (2, 1)}
  j=4 block=6 embedded by MCTS/ceiling tier; state has 93 nodes
  j=5/8 block=6 nodes={'161': (5, 1), '163': (5, 1), '165': (5, 1), '261': (2, 1), '269': (2, 1), '277': (2, 1), '287': (2, 1), '295': (2, 1), '303': (2, 1), '311': (2, 1), '319': (2, 1), '331': (2, 1), '335': (2, 1), '338': (2, 1), '344': (2, 1), '350': (2, 1)}
  j=5 block=6 embedded by MCTS/ceiling tier; state has 109 nodes
  j=6/8 block=6 nodes={'168': (1, 1), '169': (0, 1), '262': (2, 1), '270': (2, 1), '278': (2, 1), '288': (2, 1), '296': (2, 1), '304': (2, 1), '312': (2, 1), '320': (2, 1), '336': (2, 1), '339': (2, 1), '345': (2, 1), '351': (2, 1), '354': (2, 1), '355': (2, 1)}
  j=6 block=6 embedded by MCTS/ceiling tier; state has 125 nodes
  j=7/8 block=6 nodes={'170': (1, 1), '171': (0, 1), '263': (2, 1), '271': (2, 1), '279': (2, 1), '289': (2, 1), '297': (2, 1), '305': (2, 1), '313': (2, 1), '321': (2, 1), '340': (2, 1), '346': (2, 1), '352': (2, 1), '356': (2, 1), '357': (2, 1), '359': (2, 1)}
  j=7 block=6 embedded by MCTS/ceiling tier; state has 141 nodes
  j=8/8 block=6 nodes={'172': (1, 0), '173': (0, 0), '264': (2, 0), '272': (2, 0), '280': (2, 0), '290': (2, 0), '298': (2, 0), '306': (2, 0), '314': (2, 0), '322': (2, 0), '347': (2, 0), '353': (2, 0), '358': (2, 0), '360': (2, 0), '361': (2, 0), '362': (2, 0)}
  j=8 block=6 embedded by MCTS/ceiling tier; state has 157 nodes
outer i=22 block=7 leaving fallback-done block 6, input_mapping_flag=1
FALLBACK block=7 at outer i=24: block_range=[48, 56] rows_=[0, 1, 2, 3, 4, 5, 6, 7, 8]
  j=1/8 block=7 nodes={'174': (1, 1), '175': (0, 1), '256': (2, 1), '264': (2, 1), '272': (2, 1), '280': (2, 1), '281': (2, 1), '289': (2, 1), '297': (2, 1), '305': (2, 1), '313': (2, 1), '321': (2, 1), '323': (2, 1), '325': (2, 1), '327': (2, 1), '328': (2, 1)}
  j=1 block=7 embedded by MCTS/ceiling tier; state has 46 nodes
  j=2/8 block=7 nodes={'177': (1, 1), '178': (0, 1), '190': (5, 1), '257': (2, 1), '265': (2, 1), '273': (2, 1), '282': (2, 1), '290': (2, 1), '298': (2, 1), '306': (2, 1), '314': (2, 1), '322': (2, 1), '324': (2, 1), '326': (2, 1), '329': (2, 1), '331': (2, 1)}
  j=2 block=7 embedded by MCTS/ceiling tier; state has 62 nodes
  j=3/8 block=7 nodes={'179': (1, 1), '180': (0, 1), '182': (5, 1), '188': (5, 1), '191': (5, 1), '258': (2, 1), '266': (2, 1), '274': (2, 1), '283': (2, 1), '291': (2, 1), '299': (2, 1), '307': (2, 1), '315': (2, 1), '330': (2, 1), '332': (2, 1), '335': (2, 1)}
  j=3 block=7 embedded by MCTS/ceiling tier; state has 78 nodes
  j=4/8 block=7 nodes={'183': (5, 1), '184': (5, 1), '186': (5, 1), '189': (5, 1), '259': (2, 1), '267': (2, 1), '275': (2, 1), '284': (2, 1), '292': (2, 1), '300': (2, 1), '308': (2, 1), '316': (2, 1), '333': (2, 1), '336': (2, 1), '339': (2, 1), '351': (2, 1)}
  j=4 block=7 embedded by MCTS/ceiling tier; state has 110 nodes
  j=5/8 block=7 nodes={'185': (5, 1), '187': (5, 1), '260': (2, 1), '268': (2, 1), '276': (2, 1), '285': (2, 1), '293': (2, 1), '301': (2, 1), '309': (2, 1), '317': (2, 1), '334': (2, 1), '337': (2, 1), '340': (2, 1), '343': (2, 1), '349': (2, 1), '352': (2, 1)}
  j=5 block=7 embedded by MCTS/ceiling tier; state has 126 nodes
  j=6/8 block=7 nodes={'192': (1, 1), '193': (0, 1), '261': (2, 1), '269': (2, 1), '277': (2, 1), '286': (2, 1), '294': (2, 1), '302': (2, 1), '310': (2, 1), '318': (2, 1), '338': (2, 1), '341': (2, 1), '344': (2, 1), '347': (2, 1), '350': (2, 1), '353': (2, 1)}
  j=6 block=7 embedded by MCTS/ceiling tier; state has 142 nodes
  j=7/8 block=7 nodes={'195': (1, 1), '196': (0, 1), '262': (2, 1), '270': (2, 1), '278': (2, 1), '287': (2, 1), '295': (2, 1), '303': (2, 1), '311': (2, 1), '319': (2, 1), '342': (2, 1), '345': (2, 1), '348': (2, 1), '354': (2, 1), '356': (2, 1), '358': (2, 1)}
  j=7 block=7 embedded by MCTS/ceiling tier; state has 158 nodes
  j=8/8 block=7 nodes={'197': (1, 0), '198': (0, 0), '206': (5, 0), '263': (2, 0), '271': (2, 0), '279': (2, 0), '288': (2, 0), '296': (2, 0), '304': (2, 0), '312': (2, 0), '320': (2, 0), '346': (2, 0), '355': (2, 0), '357': (2, 0), '359': (2, 0), '360': (2, 0)}
  j=8 block=7 embedded by MCTS/ceiling tier; state has 174 nodes
outer i=25 block=8 leaving fallback-done block 7, input_mapping_flag=1
FALLBACK block=9 at outer i=30: block_range=[62, 70] rows_=[0, 1, 2, 3, 4, 5, 6, 7]
  j=1/7 block=9 nodes={'226': (5, 1), '227': (5, 1), '256': (2, 1), '261': (2, 1), '266': (2, 1), '271': (2, 1), '276': (2, 1), '281': (2, 1), '286': (2, 1), '291': (2, 1), '296': (2, 1), '301': (2, 1), '306': (2, 1), '311': (2, 1), '316': (2, 1), '321': (2, 1)}
  j=1 block=9 embedded by MCTS/ceiling tier; state has 48 nodes
  j=2/7 block=9 nodes={'228': (5, 1), '257': (2, 1), '262': (2, 1), '267': (2, 1), '272': (2, 1), '277': (2, 1), '282': (2, 1), '287': (2, 1), '292': (2, 1), '297': (2, 1), '302': (2, 1), '307': (2, 1), '312': (2, 1), '317': (2, 1), '322': (2, 1), '323': (2, 1)}
  j=2 block=9 embedded by MCTS/ceiling tier; state has 64 nodes
  j=3/7 block=9 nodes={'230': (1, 1), '231': (0, 1), '258': (2, 1), '263': (2, 1), '268': (2, 1), '273': (2, 1), '278': (2, 1), '283': (2, 1), '288': (2, 1), '293': (2, 1), '298': (2, 1), '303': (2, 1), '308': (2, 1), '313': (2, 1), '318': (2, 1), '324': (2, 1)}
  j=3 block=9 embedded by MCTS/ceiling tier; state has 80 nodes
  j=4/7 block=9 nodes={'234': (5, 1), '236': (5, 1), '259': (2, 1), '264': (2, 1), '269': (2, 1), '274': (2, 1), '279': (2, 1), '284': (2, 1), '289': (2, 1), '294': (2, 1), '299': (2, 1), '304': (2, 1), '309': (2, 1), '314': (2, 1), '319': (2, 1), '325': (2, 1)}
  j=4 block=9 embedded by MCTS/ceiling tier; state has 96 nodes
  j=5/7 block=9 nodes={'235': (5, 1), '237': (5, 1), '260': (2, 0), '265': (2, 0), '270': (2, 0), '275': (2, 0), '280': (2, 0), '285': (2, 0), '290': (2, 0), '295': (2, 0), '300': (2, 0), '305': (2, 0), '310': (2, 0), '315': (2, 0), '320': (2, 0), '326': (2, 0)}
  j=5 block=9 embedded by BRUTE FORCE (basic_embedding)
  j=6/7 block=9 nodes={'327': (3, 1), '328': (3, 1)}
  j=6 block=9 embedded by BRUTE FORCE (basic_embedding)
  j=7/7 block=9 nodes={}
RETURN j-loop seal block=9 j=7
