Executing qaoa_16 benchmark.
HTable: 48 same-qubit H, 0 cross-qubit H, 574 registered nodes
Embedding progress:
x_length: 9.0 y_length: 9.0 z_length: 65
Space-time volume: 5265.0
Time: 65
Space: 81.0
Compilation time: 236.06661868095398
QASM H-gate count: 48
H-boxes kept as cubes (on an output-port wire): 1
Expected collars (odd-length H runs, H*H=I cancelled): 48
Rendered yellow-collar count: 48
SAFETY CHECK PASSED
=== tail trace: blocks 8-10 and every RETURN ===
MAIN i=9 block=2: ceiling-retry tier returned None too -> gate-by-gate FALLBACK
FALLBACK block=2 at outer i=9: block_range=[11, 19] rows_=[0, 1, 2, 3, 4, 5, 6, 7, 8]
MAIN i=17 block=5: ceiling-retry tier returned None too -> gate-by-gate FALLBACK
FALLBACK block=5 at outer i=17: block_range=[32, 40] rows_=[0, 1, 2, 3, 4, 5, 6, 7, 8]
MAIN i=21 block=6: ceiling-retry tier returned None too -> gate-by-gate FALLBACK
FALLBACK block=6 at outer i=21: block_range=[40, 48] rows_=[0, 1, 2, 3, 4, 5, 6, 7, 8]
MAIN i=24 block=7: ceiling-retry tier returned None too -> gate-by-gate FALLBACK
FALLBACK block=7 at outer i=24: block_range=[48, 56] rows_=[0, 1, 2, 3, 4, 5, 6, 7, 8]
MAIN i=28 block=9 nodes={'223': (1, 1), '224': (0, 2), '225': (5, 1), '442': (2, 1), '462': (2, 1), '501': (2, 1), '530': (2, 1), '544': (2, 1), '572': (2, 1), '583': (2, 1), '598': (2, 1), '606': (2, 1), '621': (2, 1), '626': (2, 1), '631': (2, 1), '636': (2, 1)} inputs={'223': [('640', True)], '224': [('613', True)], '225': [('617', True)], '442': [('441', True)], '462': [('461', True)], '501': [('500', True)], '530': [('529', True)], '544': [('543', True)], '572': [('571', True)], '583': [('582', True)], '598': [('597', True)], '606': [('605', True)], '621': [('620', True)], '626': [('625', True)], '631': [('630', True)], '636': [('635', True)]}
MAIN i=29 block=9 nodes={'227': (5, 1), '230': (1, 2), '234': (5, 1), '226': (5, 1), '443': (2, 1), '463': (2, 1), '502': (2, 1), '531': (2, 1), '545': (2, 1), '573': (2, 1), '584': (2, 1), '599': (2, 1), '607': (2, 1), '622': (2, 1), '627': (2, 1), '632': (2, 1), '637': (2, 1)} inputs={'227': [('223', True)], '230': [('224', True)], '234': [('224', True)], '226': [('225', True)], '443': [('442', True)], '463': [('462', True)], '502': [('501', True)], '531': [('530', True)], '545': [('544', True)], '573': [('572', True)], '584': [('583', True)], '599': [('598', True)], '607': [('606', True)], '622': [('621', True)], '627': [('626', True)], '632': [('631', True)], '637': [('636', True)]}
MAIN i=30 block=9 nodes={'228': (5, 0), '236': (5, 1), '235': (5, 1), '444': (2, 1), '464': (2, 1), '503': (2, 1), '532': (2, 1), '546': (2, 1), '574': (2, 1), '585': (2, 1), '600': (2, 1), '608': (2, 1), '623': (2, 1), '628': (2, 1), '633': (2, 1), '638': (2, 1), '641': (2, 1)} inputs={'228': [('227', True), ('230', True)], '236': [('230', True)], '235': [('234', True)], '444': [('443', True)], '464': [('463', True)], '503': [('502', True)], '532': [('531', True)], '546': [('545', True)], '574': [('573', True)], '585': [('584', True)], '600': [('599', True)], '608': [('607', True)], '623': [('622', True)], '628': [('627', True)], '633': [('632', True)], '638': [('637', True)], '641': [('226', True)]}
MAIN i=30 block=9: MCTS tier returned None for every seed (ceiling_flag=0)
MAIN i=30 block=9: ceiling-retry tier returned None too -> gate-by-gate FALLBACK
FALLBACK block=9 at outer i=30: block_range=[62, 70] rows_=[0, 1, 2, 3, 4, 5, 6, 7]
  j=1/7 block=9 nodes={'226': (5, 1), '227': (5, 1), '256': (2, 1), '261': (2, 1), '266': (2, 1), '271': (2, 1), '276': (2, 1), '281': (2, 1), '286': (2, 1), '291': (2, 1), '296': (2, 1), '301': (2, 1), '306': (2, 1), '311': (2, 1), '316': (2, 1), '321': (2, 1)}
  j=1 block=9 embedded by MCTS/ceiling tier; state has 48 nodes
  j=2/7 block=9 nodes={'228': (5, 1), '257': (2, 1), '262': (2, 1), '267': (2, 1), '272': (2, 1), '277': (2, 1), '282': (2, 1), '287': (2, 1), '292': (2, 1), '297': (2, 1), '302': (2, 1), '307': (2, 1), '312': (2, 1), '317': (2, 1), '322': (2, 1), '323': (2, 1)}
  j=2 block=9 embedded by MCTS/ceiling tier; state has 64 nodes
  j=3/7 block=9 nodes={'230': (1, 1), '231': (0, 1), '258': (2, 1), '263': (2, 1), '268': (2, 1), '273': (2, 1), '278': (2, 1), '283': (2, 1), '288': (2, 1), '293': (2, 1), '298': (2, 1), '303': (2, 1), '308': (2, 1), '313': (2, 1), '318': (2, 1), '324': (2, 1)}
  j=3 block=9 embedded by MCTS/ceiling tier; state has 80 nodes
  j=4/7 block=9 nodes={'234': (5, 1), '236': (5, 1), '259': (2, 1), '264': (2, 1), '269': (2, 1), '274': (2, 1), '279': (2, 1), '284': (2, 1), '289': (2, 1), '294': (2, 1), '299': (2, 1), '304': (2, 1), '309': (2, 1), '314': (2, 1), '319': (2, 1), '325': (2, 1)}
  j=4 block=9 embedded by MCTS/ceiling tier; state has 96 nodes
  j=5/7 block=9 nodes={'235': (5, 1), '237': (5, 1), '260': (2, 0), '265': (2, 0), '270': (2, 0), '275': (2, 0), '280': (2, 0), '285': (2, 0), '290': (2, 0), '295': (2, 0), '300': (2, 0), '305': (2, 0), '310': (2, 0), '315': (2, 0), '320': (2, 0), '326': (2, 0)}
  j=5 block=9 embedded by BRUTE FORCE (basic_embedding); brute_last=True
  j=6/7 block=9 nodes={'327': (3, 1), '328': (3, 1)}
  j=6 block=9 embedded by BRUTE FORCE (basic_embedding); brute_last=True
  j=7/7 block=9 nodes={}
RETURN j-loop seal block=9 j=7 brute_last=True
=== attribution (expect 48/48/0) ===
[seam wire, attributed by qubit/row] ((4, 42),) -> ['285_9', '284_9', '284_9_old', '283_9', '282_9', '281_9', '571_old', '570', '569', '312_7', '312_7_old', '311_7', '310_7', '308_7', '307_7', '307_7_old', '306_7', '305_7', '347_6', '347_6_old', '345_6', '344_6', '343_6', '342_6', '157_6']  collars=1
[seam wire, attributed by qubit/row] ((6, 35),) -> ['132_5', '328_5', '327_5', '326_5', '487', '487_old', '106']  collars=1
[seam wire, attributed by qubit/row] ((8, 55),) -> ['295_9', '294_9', '294_9_old', '293_9', '292_9', '291_9', '597_old', '596', '595', '346_7', '346_7_old', '345_7', '344_7', '183_7']  collars=1
[seam wire, attributed by qubit/row] ((11, 70),) -> ['327_9', '235_9', '235_9_old']  collars=1
[seam wire, attributed by qubit/row] ((14, 49),) -> ['172_6', '327_7', '190_7']  collars=1
[seam wire, attributed by qubit/row] ((15, 70),) -> ['328_9', '237_9', '237_9_old']  collars=1

benchmark=qaoa_16 pkl=qaoa_16_wire2
expected H = 48   rendered collars = 48   H with a collar on their wire = 48   -> missing = 0

================ MISSING: 0 ================
Interactive pipe diagram written to: result/visualization/qaoa_16_interactive.html
