################ run 1 ################
x_length: 9.0 y_length: 9.0 z_length: 64
Space-time volume: 5184.0
Rendered yellow-collar count: 48
SAFETY CHECK PASSED
  j=5 block=9 embedded by BRUTE FORCE (basic_embedding); brute_last=True
  j=6 block=9 embedded by BRUTE FORCE (basic_embedding); brute_last=True
RETURN j-loop seal block=9 j=7 brute_last=True
  z=64: 16 nodes, types=['Z']
  z=63: 2 nodes, types=['idle']
  z=62: 0 nodes, types=[]
  orphan path endpoints strictly inside the xy box: 0 []
################ run 2 ################
x_length: 9.0 y_length: 9.0 z_length: 64
Space-time volume: 5184.0
Rendered yellow-collar count: 48
SAFETY CHECK PASSED
  j=5 block=9 embedded by BRUTE FORCE (basic_embedding); brute_last=True
  j=6 block=9 embedded by BRUTE FORCE (basic_embedding); brute_last=True
RETURN j-loop seal block=9 j=7 brute_last=True
  z=64: 16 nodes, types=['Z']
  z=63: 2 nodes, types=['idle']
  z=62: 0 nodes, types=[]
  orphan path endpoints strictly inside the xy box: 0 []
Interactive pipe diagram written to: result/visualization/qaoa_16_interactive.html
