HEAD: 854ee28
 M docs/prog.py
 M src/topols/driver.py
 M src/topols/embedding/fallback.py
 M src/topols/embedding/ports.py
 M src/topols/embedding/state.py
 M src/topols/export/visualize_interactive.py
?? src/topols/embedding/hadamard.py

################ bv_16 (-b 20 -r 1) ################
Executing bv_16 benchmark.
HTable: 21 same-qubit H, 0 cross-qubit H, 67 registered nodes
Embedding progress:
x_length: 9.0 y_length: 9.0 z_length: 6
Space-time volume: 486.0
Time: 6
Space: 81.0
Compilation time: 13.256653547286987
QASM H-gate count: 21
H-boxes kept as cubes (on an output-port wire): 0
Expected collars (odd-length H runs, H*H=I cancelled): 21
Rendered yellow-collar count: 21
SAFETY CHECK PASSED

################ dj_16 (-b 20 -r 0) ################
Executing dj_16 benchmark.
HTable: 31 same-qubit H, 0 cross-qubit H, 119 registered nodes
Embedding progress:
x_length: 9.0 y_length: 9.0 z_length: 8
Space-time volume: 648.0
Time: 8
Space: 81.0
Compilation time: 14.805623054504395
QASM H-gate count: 31
H-boxes kept as cubes (on an output-port wire): 0
Expected collars (odd-length H runs, H*H=I cancelled): 31
Rendered yellow-collar count: 31
SAFETY CHECK PASSED

################ cnot_s_cnot_h_2 (-b 10 -r 0) ################
Executing cnot_s_cnot_h_2 benchmark.
HTable: 20 same-qubit H, 0 cross-qubit H, 97 registered nodes
Embedding progress:
x_length: 5.0 y_length: 3.0 z_length: 65
Space-time volume: 975.0
Time: 65
Space: 15.0
Compilation time: 188.51946640014648
QASM H-gate count: 20
H-boxes kept as cubes (on an output-port wire): 1
Expected collars (odd-length H runs, H*H=I cancelled): 20
Rendered yellow-collar count: 20
SAFETY CHECK PASSED

################ qaoa_16 (-b 20 -r 0) ################
Executing qaoa_16 benchmark.
HTable: 48 same-qubit H, 0 cross-qubit H, 574 registered nodes
Embedding progress:
x_length: 9.0 y_length: 9.0 z_length: 60
Space-time volume: 4860.0
Time: 60
Space: 81.0
Compilation time: 234.65244889259338
QASM H-gate count: 48
H-boxes kept as cubes (on an output-port wire): 1
Expected collars (odd-length H runs, H*H=I cancelled): 48
Rendered yellow-collar count: 46
SAFETY CHECK FAILED (diff -2)

################ qaoa_16: which H are still missing ################
[seam wire, attributed by qubit/row] ((4, 42),) -> ['284_9', '284_9_old', '283_9', '282_9', '281_9', '571_old', '570', '569', '312_7', '312_7_old', '311_7', '310_7', '308_7', '307_7', '307_7_old', '306_7', '305_7', '347_6', '347_6_old', '345_6', '344_6', '343_6', '342_6', '157_6']  collars=1
[seam wire, attributed by qubit/row] ((6, 35),) -> ['132_5', '328_5', '327_5', '326_5', '487', '487_old', '106']  collars=1
[seam wire, attributed by qubit/row] ((14, 49),) -> ['172_6', '327_7', '190_7']  collars=1

benchmark=qaoa_16 pkl=qaoa_16_wire
expected H = 48   rendered collars = 46   H with a collar on their wire = 45   -> missing = 3
NOTE 1 wire(s) render a collar but match no H (tool gap, not an embedding fact):
   ['294_9', '294_9_old', '293_9', '292_9', '291_9', '597_old', '596', '595', '346_7', '346_7_old', '345_7', '344_7', '183_7']  collars=1

================ MISSING: 3 ================

#1  H ((8, 55),)   qubit 8, row 55
    ZX nodes (outer graph, before idling): 183 -- 248
    flag after idling/remat in outer graph: edge frozenset({594, 183})
    NO embedded wire carries this H.  endpoint realisations: {183: ['183_7'], 248: []}
           183_7  pos=(6, 2, 48)  type=5 (T)  qrow=(8, 52)  ori=j  tqec=XZX  <- gate-by-gate block 7
    crop x[1,11] y[-3,7] z[43,53]  275 nodes -> result/visualization/qaoa_16_missing1_q8_r55_interactive.html

#2  H ((11, 70),)   qubit 11, row 70
    ZX nodes (outer graph, before idling): 235 -- 251
    flag after idling/remat in outer graph: edge frozenset({235, 643})
    NO embedded wire carries this H.  endpoint realisations: {235: [], 251: []}
    nothing to crop (not embedded)

#3  H ((15, 70),)   qubit 15, row 70
    ZX nodes (outer graph, before idling): 237 -- 255
    flag after idling/remat in outer graph: hbox 644
    NO embedded wire carries this H.  endpoint realisations: {237: [], 255: []}
    nothing to crop (not embedded)
Interactive pipe diagram written to: result/visualization/qaoa_16_interactive.html
