Executing cnot_s_cnot_h_2 benchmark.
Embedding progress:
[DIAG] site B firing at block 0, node_input_connect={2: [1], 3: [0]}, qubit_map_pre_layer={0: 0, 1: 1}
[DIAG] siteB check key=2 natural_input=1 matched=False hadamard_edges_raw={frozenset({104, 101}), frozenset({59, 62}), frozenset({123, 119}), frozenset({26, 23}), frozenset({41, 44}), frozenset({56, 53}), frozenset({65, 68}), frozenset({50, 47}), frozenset({8, 5}), frozenset({98, 95}), frozenset({11, 14}), frozenset({35, 38}), frozenset({89, 92}), frozenset({113, 116}), frozenset({107, 110}), frozenset({74, 71}), frozenset({17, 20}), frozenset({83, 86}), frozenset({80, 77}), frozenset({32, 29})}
[DIAG] siteB check key=3 natural_input=0 matched=False hadamard_edges_raw={frozenset({104, 101}), frozenset({59, 62}), frozenset({123, 119}), frozenset({26, 23}), frozenset({41, 44}), frozenset({56, 53}), frozenset({65, 68}), frozenset({50, 47}), frozenset({8, 5}), frozenset({98, 95}), frozenset({11, 14}), frozenset({35, 38}), frozenset({89, 92}), frozenset({113, 116}), frozenset({107, 110}), frozenset({74, 71}), frozenset({17, 20}), frozenset({83, 86}), frozenset({80, 77}), frozenset({32, 29})}
[DIAG] site A firing at layer 5, block 1, node_input_connect={16: [14], 18: [124]}, qubit_output_map={1: '14_0', 0: '15_0'}
[DIAG] siteA check key=16 natural_input=14 matched=False
[DIAG] siteA check key=18 natural_input=124 matched=False
[DIAG] site B firing at block 1, node_input_connect={17: [16], 18: []}, qubit_map_pre_layer={1: '14_0', 0: '15_0'}
[DIAG] siteB check key=17 natural_input=16 matched=False hadamard_edges_raw={frozenset({104, 101}), frozenset({59, 62}), frozenset({123, 119}), frozenset({26, 23}), frozenset({41, 44}), frozenset({56, 53}), frozenset({65, 68}), frozenset({50, 47}), frozenset({8, 5}), frozenset({98, 95}), frozenset({11, 14}), frozenset({35, 38}), frozenset({89, 92}), frozenset({113, 116}), frozenset({107, 110}), frozenset({74, 71}), frozenset({17, 20}), frozenset({83, 86}), frozenset({80, 77}), frozenset({32, 29})}
[DIAG] site A firing at layer 9, block 2, node_input_connect={32: [29], 33: [125]}, qubit_output_map={1: '29_1', 0: '30_1'}
[DIAG] siteA check key=32 natural_input=29 matched=True
[DIAG] siteA check key=33 natural_input=125 matched=False
[DIAG] site B firing at block 2, node_input_connect={34: [32], 124: [33]}, qubit_map_pre_layer={1: '29_1', 0: '30_1'}
[DIAG] siteB check key=34 natural_input=32 matched=False hadamard_edges_raw={frozenset({104, 101}), frozenset({59, 62}), frozenset({123, 119}), frozenset({26, 23}), frozenset({41, 44}), frozenset({56, 53}), frozenset({65, 68}), frozenset({50, 47}), frozenset({8, 5}), frozenset({98, 95}), frozenset({11, 14}), frozenset({35, 38}), frozenset({89, 92}), frozenset({113, 116}), frozenset({107, 110}), frozenset({74, 71}), frozenset({17, 20}), frozenset({83, 86}), frozenset({80, 77}), frozenset({32, 29})}
[DIAG] siteB check key=124 natural_input=33 matched=False hadamard_edges_raw={frozenset({104, 101}), frozenset({59, 62}), frozenset({123, 119}), frozenset({26, 23}), frozenset({41, 44}), frozenset({56, 53}), frozenset({65, 68}), frozenset({50, 47}), frozenset({8, 5}), frozenset({98, 95}), frozenset({11, 14}), frozenset({35, 38}), frozenset({89, 92}), frozenset({113, 116}), frozenset({107, 110}), frozenset({74, 71}), frozenset({17, 20}), frozenset({83, 86}), frozenset({80, 77}), frozenset({32, 29})}
[DIAG] site A firing at layer 13, block 3, node_input_connect={46: [44], 48: [126]}, qubit_output_map={1: '44_2', 0: '45_2'}
[DIAG] siteA check key=46 natural_input=44 matched=False
[DIAG] siteA check key=48 natural_input=126 matched=False
[DIAG] site B firing at block 3, node_input_connect={47: [46], 48: []}, qubit_map_pre_layer={1: '44_2', 0: '45_2'}
[DIAG] siteB check key=47 natural_input=46 matched=False hadamard_edges_raw={frozenset({104, 101}), frozenset({59, 62}), frozenset({123, 119}), frozenset({26, 23}), frozenset({41, 44}), frozenset({56, 53}), frozenset({65, 68}), frozenset({50, 47}), frozenset({8, 5}), frozenset({98, 95}), frozenset({11, 14}), frozenset({35, 38}), frozenset({89, 92}), frozenset({113, 116}), frozenset({107, 110}), frozenset({74, 71}), frozenset({17, 20}), frozenset({83, 86}), frozenset({80, 77}), frozenset({32, 29})}
[DIAG] site A firing at layer 17, block 4, node_input_connect={62: [59], 63: [127]}, qubit_output_map={1: '59_3', 0: '60_3'}
[DIAG] siteA check key=62 natural_input=59 matched=True
[DIAG] siteA check key=63 natural_input=127 matched=False
[DIAG] site B firing at block 4, node_input_connect={64: [62], 124: [63]}, qubit_map_pre_layer={1: '59_3', 0: '60_3'}
[DIAG] siteB check key=64 natural_input=62 matched=False hadamard_edges_raw={frozenset({104, 101}), frozenset({59, 62}), frozenset({123, 119}), frozenset({26, 23}), frozenset({41, 44}), frozenset({56, 53}), frozenset({65, 68}), frozenset({50, 47}), frozenset({8, 5}), frozenset({98, 95}), frozenset({11, 14}), frozenset({35, 38}), frozenset({89, 92}), frozenset({113, 116}), frozenset({107, 110}), frozenset({74, 71}), frozenset({17, 20}), frozenset({83, 86}), frozenset({80, 77}), frozenset({32, 29})}
[DIAG] siteB check key=124 natural_input=63 matched=False hadamard_edges_raw={frozenset({104, 101}), frozenset({59, 62}), frozenset({123, 119}), frozenset({26, 23}), frozenset({41, 44}), frozenset({56, 53}), frozenset({65, 68}), frozenset({50, 47}), frozenset({8, 5}), frozenset({98, 95}), frozenset({11, 14}), frozenset({35, 38}), frozenset({89, 92}), frozenset({113, 116}), frozenset({107, 110}), frozenset({74, 71}), frozenset({17, 20}), frozenset({83, 86}), frozenset({80, 77}), frozenset({32, 29})}
[DIAG] site A firing at layer 21, block 5, node_input_connect={76: [74], 78: [128]}, qubit_output_map={1: '74_4', 0: '75_4'}
[DIAG] siteA check key=76 natural_input=74 matched=False
[DIAG] siteA check key=78 natural_input=128 matched=False
[DIAG] site B firing at block 5, node_input_connect={77: [76], 78: []}, qubit_map_pre_layer={1: '74_4', 0: '75_4'}
[DIAG] siteB check key=77 natural_input=76 matched=False hadamard_edges_raw={frozenset({104, 101}), frozenset({59, 62}), frozenset({123, 119}), frozenset({26, 23}), frozenset({41, 44}), frozenset({56, 53}), frozenset({65, 68}), frozenset({50, 47}), frozenset({8, 5}), frozenset({98, 95}), frozenset({11, 14}), frozenset({35, 38}), frozenset({89, 92}), frozenset({113, 116}), frozenset({107, 110}), frozenset({74, 71}), frozenset({17, 20}), frozenset({83, 86}), frozenset({80, 77}), frozenset({32, 29})}
[DIAG] site A firing at layer 25, block 6, node_input_connect={92: [89], 93: [129]}, qubit_output_map={1: '89_5', 0: '90_5'}
[DIAG] siteA check key=92 natural_input=89 matched=True
[DIAG] siteA check key=93 natural_input=129 matched=False
[DIAG] site B firing at block 6, node_input_connect={94: [92], 124: [93]}, qubit_map_pre_layer={1: '89_5', 0: '90_5'}
[DIAG] siteB check key=94 natural_input=92 matched=False hadamard_edges_raw={frozenset({104, 101}), frozenset({59, 62}), frozenset({123, 119}), frozenset({26, 23}), frozenset({41, 44}), frozenset({56, 53}), frozenset({65, 68}), frozenset({50, 47}), frozenset({8, 5}), frozenset({98, 95}), frozenset({11, 14}), frozenset({35, 38}), frozenset({89, 92}), frozenset({113, 116}), frozenset({107, 110}), frozenset({74, 71}), frozenset({17, 20}), frozenset({83, 86}), frozenset({80, 77}), frozenset({32, 29})}
[DIAG] siteB check key=124 natural_input=93 matched=False hadamard_edges_raw={frozenset({104, 101}), frozenset({59, 62}), frozenset({123, 119}), frozenset({26, 23}), frozenset({41, 44}), frozenset({56, 53}), frozenset({65, 68}), frozenset({50, 47}), frozenset({8, 5}), frozenset({98, 95}), frozenset({11, 14}), frozenset({35, 38}), frozenset({89, 92}), frozenset({113, 116}), frozenset({107, 110}), frozenset({74, 71}), frozenset({17, 20}), frozenset({83, 86}), frozenset({80, 77}), frozenset({32, 29})}
[DIAG] site A firing at layer 29, block 7, node_input_connect={106: [104], 108: [130]}, qubit_output_map={1: '104_6', 0: '105_6'}
[DIAG] siteA check key=106 natural_input=104 matched=False
[DIAG] siteA check key=108 natural_input=130 matched=False
[DIAG] site B firing at block 7, node_input_connect={107: [106], 108: []}, qubit_map_pre_layer={1: '104_6', 0: '105_6'}
[DIAG] siteB check key=107 natural_input=106 matched=False hadamard_edges_raw={frozenset({104, 101}), frozenset({59, 62}), frozenset({123, 119}), frozenset({26, 23}), frozenset({41, 44}), frozenset({56, 53}), frozenset({65, 68}), frozenset({50, 47}), frozenset({8, 5}), frozenset({98, 95}), frozenset({11, 14}), frozenset({35, 38}), frozenset({89, 92}), frozenset({113, 116}), frozenset({107, 110}), frozenset({74, 71}), frozenset({17, 20}), frozenset({83, 86}), frozenset({80, 77}), frozenset({32, 29})}
[DIAG] site A firing at layer 33, block 9, node_input_connect={}, qubit_output_map={1: '119_7', 0: '120_7'}
x_length: 5.0 y_length: 3.0 z_length: 58
Space-time volume: 870.0
Time: 58
Space: 15.0
Compilation time: 206.96231770515442
Interactive pipe diagram written to: result/visualization/cnot_s_cnot_h_2_interactive.html
QASM H-gate count: 20
Rendered yellow-collar count: 16
SAFETY CHECK FAILED
