
############ qaoa_16 ############
Executing qaoa_16 benchmark.
Embedding progress:

############ cnot_s_cnot_h_2 ############
Executing cnot_s_cnot_h_2 benchmark.
Embedding progress:
x_length: 5.0 y_length: 3.0 z_length: 66
Space-time volume: 990.0
Time: 66
Space: 15.0
Compilation time: 185.76724410057068
Interactive pipe diagram written to: result/visualization/cnot_s_cnot_h_2_interactive.html
QASM H-gate count: 20
H-boxes kept as cubes (on an output-port wire): 1
Expected collars (odd-length H runs, H*H=I cancelled): 20
Rendered yellow-collar count: 17
SAFETY CHECK FAILED (diff -3)

############ bv_16 ############
Executing bv_16 benchmark.
Embedding progress:
x_length: 9.0 y_length: 9.0 z_length: 6
Space-time volume: 486.0
Time: 6
Space: 81.0
Compilation time: 13.257365226745605
Interactive pipe diagram written to: result/visualization/bv_16_interactive.html
QASM H-gate count: 21
H-boxes kept as cubes (on an output-port wire): 0
Expected collars (odd-length H runs, H*H=I cancelled): 21
Rendered yellow-collar count: 21
SAFETY CHECK PASSED

############ dj_16 ############
Executing dj_16 benchmark.
Embedding progress:
x_length: 9.0 y_length: 9.0 z_length: 8
Space-time volume: 648.0
Time: 8
Space: 81.0
Compilation time: 14.826586246490479
Interactive pipe diagram written to: result/visualization/dj_16_interactive.html
QASM H-gate count: 31
H-boxes kept as cubes (on an output-port wire): 0
Expected collars (odd-length H runs, H*H=I cancelled): 31
Rendered yellow-collar count: 31
SAFETY CHECK PASSED
