== [Tue Sep 22 07:04:22 PM EDT 2026] bv_16 ==
Executing bv_16 benchmark.
Embedding progress:
x_length: 9.0 y_length: 9.0 z_length: 6
Space-time volume: 486.0
Time: 6
Space: 81.0
Compilation time: 13.876929521560669
== [Tue Sep 22 07:04:37 PM EDT 2026] dj_16 ==
Executing dj_16 benchmark.
Embedding progress:
x_length: 9.0 y_length: 9.0 z_length: 11
Space-time volume: 891.0
Time: 11
Space: 81.0
Compilation time: 23.79589080810547
== [Tue Sep 22 07:05:01 PM EDT 2026] grover_6 ==
Executing grover_6 benchmark.
Embedding progress:
x_length: 5.0 y_length: 7.0 z_length: 637
Space-time volume: 22295.0
Time: 637
Space: 35.0
Compilation time: 682.5606961250305
== [Tue Sep 22 07:16:32 PM EDT 2026] qft_16 ==
Executing qft_16 benchmark.
Embedding progress:
x_length: 9.0 y_length: 9.0 z_length: 2
Space-time volume: 162.0
Time: 2
Space: 81.0
Compilation time: 9.77833080291748
== [Tue Sep 22 07:17:01 PM EDT 2026] qpe_16 ==
Executing qpe_16 benchmark.
Embedding progress:
x_length: 9.0 y_length: 9.0 z_length: 526
Space-time volume: 42606.0
Time: 526
Space: 81.0
Compilation time: 1498.6955528259277
== [Tue Sep 22 07:42:20 PM EDT 2026] vqe_16 ==
Executing vqe_16 benchmark.
Embedding progress:
x_length: 9.0 y_length: 9.0 z_length: 49
Space-time volume: 3969.0
Time: 49
Space: 81.0
Compilation time: 165.65147614479065
== [Tue Sep 22 07:45:07 PM EDT 2026] ghz_16 ==
Executing ghz_16 benchmark.
Embedding progress:
x_length: 9.0 y_length: 9.0 z_length: 3
Space-time volume: 243.0
Time: 3
Space: 81.0
Compilation time: 6.6033666133880615
== [Tue Sep 22 07:45:14 PM EDT 2026] wstate_16 ==
Executing wstate_16 benchmark.
Embedding progress:
x_length: 9.0 y_length: 9.0 z_length: 109
Space-time volume: 8829.0
Time: 109
Space: 81.0
Compilation time: 152.23815894126892
== [Tue Sep 22 07:47:47 PM EDT 2026] qaoa_16 ==
Executing qaoa_16 benchmark.
Embedding progress:
x_length: 9.0 y_length: 9.0 z_length: 66
Space-time volume: 5346.0
Time: 66
Space: 81.0
Compilation time: 259.0385913848877
== [Tue Sep 22 07:52:07 PM EDT 2026] full experiment done ==
