
################ bv_16 ################
Executing bv_16 benchmark.
Embedding progress:
x_length: 9.0 y_length: 9.0 z_length: 6
Space-time volume: 486.0
Time: 6
Space: 81.0
Compilation time: 13.240604639053345
Interactive pipe diagram written to: result/visualization/bv_16_interactive.html
QASM H-gate count: 21
Expected collars (odd-length H runs, H*H=I cancelled): 21
Rendered yellow-collar count: 21
SAFETY CHECK PASSED

################ dj_16 ################
Executing dj_16 benchmark.
Embedding progress:
x_length: 9.0 y_length: 9.0 z_length: 8
Space-time volume: 648.0
Time: 8
Space: 81.0
Compilation time: 14.842890977859497
Interactive pipe diagram written to: result/visualization/dj_16_interactive.html
QASM H-gate count: 31
Expected collars (odd-length H runs, H*H=I cancelled): 31
Rendered yellow-collar count: 31
SAFETY CHECK PASSED

################ vqe_16 ################
Executing vqe_16 benchmark.
Embedding progress:
x_length: 9.0 y_length: 9.0 z_length: 45
Space-time volume: 3645.0
Time: 45
Space: 81.0
Compilation time: 142.10041332244873
Interactive pipe diagram written to: result/visualization/vqe_16_interactive.html
QASM H-gate count: 84
Expected collars (odd-length H runs, H*H=I cancelled): 82
Rendered yellow-collar count: 82
SAFETY CHECK PASSED

################ qaoa_16 ################
Executing qaoa_16 benchmark.
Embedding progress:
x_length: 9.0 y_length: 9.0 z_length: 58
Space-time volume: 4698.0
Time: 58
Space: 81.0
Compilation time: 227.96801853179932
Interactive pipe diagram written to: result/visualization/qaoa_16_interactive.html
QASM H-gate count: 48
Expected collars (odd-length H runs, H*H=I cancelled): 48
Rendered yellow-collar count: 44
SAFETY CHECK FAILED (diff -4)

################ grover_6 ################
Executing grover_6 benchmark.
Embedding progress:
x_length: 5.0 y_length: 7.0 z_length: 655
Space-time volume: 22925.0
Time: 655
Space: 35.0
Compilation time: 568.5965163707733
Interactive pipe diagram written to: result/visualization/grover_6_interactive.html
QASM H-gate count: 104
Expected collars (odd-length H runs, H*H=I cancelled): 100
Rendered yellow-collar count: 98
SAFETY CHECK FAILED (diff -2)
