################ A. tail structure ################
distinct rows: 672  (last five: [667, 668, 669, 670, 671])
block_info (167 blocks): last three = [(164, [661, 666]), (165, [667, 670]), (166, [671, 671])]

=== the nodes in the OUTER graph ===
  1260: qubit=1 row=667 type=X layer=586 block=165  neighbours=[(1261, 667, 'T'), (3755, 666.5, 'idle'), (3758, 669.0, 'idle')]
  1235: qubit=3 row=653 type=T layer=573 block=161  neighbours=[(1234, 652, 'T'), (3730, 654.2, 'idle')]
  1164: qubit=4 row=616 type=T layer=539 block=151  neighbours=[(1163, 615, 'T'), (3619, 617.1224489795918, 'idle')]
  1043: qubit=5 row=553 type=T layer=483 block=135  neighbours=[(1042, 552, 'T'), (3352, 554.1238095238095, 'idle')]
  3758: qubit=1 row=669.0 type=idle layer=587 block=165  neighbours=[(1260, 667, 'X'), (1267, 671, 'BOUNDARY')]
  3730: qubit=3 row=654.2 type=idle layer=574 block=161  neighbours=[(1235, 653, 'T'), (3731, 655.4, 'idle')]
  3619: qubit=4 row=617.1224489795918 type=idle layer=540 block=152  neighbours=[(1164, 616, 'T'), (3620, 618.2448979591836, 'idle')]
  3352: qubit=5 row=554.1238095238095 type=idle layer=484 block=136  neighbours=[(1043, 553, 'T'), (3353, 555.2476190476191, 'idle')]

=== everything on those qubits in the OUTER graph, last rows ===
  q1: 1256(r665.0,T,L583,B164)  1257(r666.0,T,L584,B164)  3755(r666.5,idle,L585,B164)  1260(r667.0,X,L586,B165)  3758(r669.0,idle,L587,B165)  1267(r671.0,BOUNDARY,L588,B166)
  q3: 3739(r665.0,idle,L583,B164)  3740(r666.2,idle,L584,B164)  3741(r667.4,idle,L585,B164)  3742(r668.6,idle,L586,B165)  3743(r669.8,idle,L587,B165)  1269(r671.0,BOUNDARY,L588,B166)
  q4: 3662(r665.4,idle,L583,B164)  3663(r666.5,idle,L584,B164)  3664(r667.6,idle,L585,B164)  3665(r668.8,idle,L586,B165)  3666(r669.9,idle,L587,B165)  1270(r671.0,BOUNDARY,L588,B166)
  q5: 3451(r665.4,idle,L583,B164)  3452(r666.5,idle,L584,B164)  3453(r667.6,idle,L585,B164)  3454(r668.8,idle,L586,B165)  3455(r669.9,idle,L587,B165)  1271(r671.0,BOUNDARY,L588,B166)

=== fallback layering of the last blocks (as driver.py does it) ===
  block 164: block_info=[661, 666] -> block_range rows [660, 666]  layers=[0, 1, 2, 3, 4, 5, 6]
     layer 0: 1 nodes; on q[1, 3, 4, 5]: []
     layer 1: 6 nodes; on q[1, 3, 4, 5]: ['1248(q1,r661,Z)', '1284(q3,r661,idle)', '1278(q4,r661,idle)', '1272(q5,r661,idle)']
     layer 2: 6 nodes; on q[1, 3, 4, 5]: ['1249(q1,r662,T)', '1285(q3,r662,idle)', '1279(q4,r662,idle)', '1273(q5,r662,idle)']
     layer 3: 6 nodes; on q[1, 3, 4, 5]: ['1250(q1,r663,T)', '1286(q3,r663,idle)', '1280(q4,r663,idle)', '1274(q5,r663,idle)']
     layer 4: 6 nodes; on q[1, 3, 4, 5]: ['1253(q1,r664,X)', '1287(q3,r663,idle)', '1281(q4,r663,idle)', '1275(q5,r663,idle)']
     layer 5: 6 nodes; on q[1, 3, 4, 5]: ['1256(q1,r665,T)', '1288(q3,r664,idle)', '1282(q4,r664,idle)', '1276(q5,r664,idle)']
     layer 6: 6 nodes; on q[1, 3, 4, 5]: ['1257(q1,r666,T)', '1289(q3,r665,idle)', '1283(q4,r665,idle)', '1277(q5,r665,idle)']
  block 165: block_info=[667, 670] -> block_range rows [666, 670]  layers=[0, 1, 2, 3, 4, 5]
     layer 0: 2 nodes; on q[1, 3, 4, 5]: ['1257(q1,r666,T)']
     layer 1: 6 nodes; on q[1, 3, 4, 5]: ['1260(q1,r667,X)', '1278(q3,r667,idle)', '1275(q4,r667,idle)', '1272(q5,r667,idle)']
     layer 2: 6 nodes; on q[1, 3, 4, 5]: ['1284(q1,r668,idle)', '1279(q3,r668,idle)', '1276(q4,r668,idle)', '1273(q5,r668,idle)']
     layer 3: 6 nodes; on q[1, 3, 4, 5]: ['1285(q1,r669,idle)', '1280(q3,r669,idle)', '1277(q4,r669,idle)', '1274(q5,r669,idle)']
     layer 4: 1 nodes; on q[1, 3, 4, 5]: []
     layer 5: 1 nodes; on q[1, 3, 4, 5]: []
  block 166: block_info=[671, 671] -> block_range rows [670, 671]  layers=[0]
     layer 0: 6 nodes; on q[1, 3, 4, 5]: ['1267(q1,r671,BOUNDARY)', '1269(q3,r671,BOUNDARY)', '1270(q4,r671,BOUNDARY)', '1271(q5,r671,BOUNDARY)']

=== pkl grover_6_full: what is embedded near the top of those qubits ===
  q1 (z max in pkl = 651): top entries:
           1257 pos=(2, 0, 645) type=T ori=j qrow=(1, 666)
       3755_old pos=(2, 0, 646) type=idle ori=None qrow=(1, 666.5)
           3755 pos=(2, 0, 647) type=idle ori=None qrow=(1, 666.5)
           1260 pos=(3, 0, 648) type=X ori=k qrow=(1, 667)
       3758_old pos=(2, 0, 649) type=idle ori=None qrow=(1, 669.0)
           3758 pos=(2, 0, 650) type=idle ori=None qrow=(1, 669.0)
  q3 (z max in pkl = 651): top entries:
           3740 pos=(2, 4, 644) type=idle ori=None qrow=(3, 666.2)
       3741_old pos=(2, 4, 645) type=idle ori=None qrow=(3, 667.4)
           3741 pos=(2, 4, 647) type=idle ori=None qrow=(3, 667.4)
           3742 pos=(2, 4, 648) type=idle ori=None qrow=(3, 668.6)
       3743_old pos=(2, 4, 649) type=idle ori=None qrow=(3, 669.8)
           3743 pos=(2, 4, 650) type=idle ori=None qrow=(3, 669.8)
  q4 (z max in pkl = 651): top entries:
           3663 pos=(0, 4, 644) type=idle ori=None qrow=(4, 666.5102040816327)
       3664_old pos=(0, 4, 645) type=idle ori=None qrow=(4, 667.6326530612245)
           3664 pos=(0, 4, 647) type=idle ori=None qrow=(4, 667.6326530612245)
           3665 pos=(0, 4, 648) type=idle ori=None qrow=(4, 668.7551020408164)
       3666_old pos=(0, 4, 648) type=idle ori=None qrow=(4, 669.8775510204082)
           3666 pos=(0, 4, 650) type=idle ori=None qrow=(4, 669.8775510204082)
  q5 (z max in pkl = 651): top entries:
           3452 pos=(0, 0, 644) type=idle ori=None qrow=(5, 666.504761904762)
       3453_old pos=(0, 0, 645) type=idle ori=None qrow=(5, 667.6285714285714)
           3453 pos=(0, 0, 647) type=idle ori=None qrow=(5, 667.6285714285714)
           3454 pos=(0, 0, 648) type=idle ori=None qrow=(5, 668.7523809523809)
       3455_old pos=(0, 0, 648) type=idle ori=None qrow=(5, 669.8761904761905)
           3455 pos=(0, 0, 650) type=idle ori=None qrow=(5, 669.8761904761905)

################ B. what the pkl has on the #1/#2 wires ################
  base 1260: 1260@(3, 0, 648)[X,k]
  base 3758: 3758_old@(2, 0, 649)[idle,None]  3758@(2, 0, 650)[idle,None]
  base 1235: 1235@(1, 1, 632)[T,i]
  base 3730: 3730_old@(1, 1, 633)[idle,None]  3730@(2, 4, 634)[idle,None]
  base 1164: 1164_old@(0, 4, 595)[T,j]  1164@(0, 4, 596)[Z,j]
  base 3619: 3619@(0, 4, 597)[idle,None]
  base 1043: 1043_old@(0, 1, 536)[T,i]  1043@(0, 0, 537)[Z,i]
  base 3352: 3352@(0, 0, 538)[idle,None]

  z_max=651; nodes at the top two layers:
   z=651: 3759@(0,0)[Z,i]
   z=650: 1263@(2,2)[Z,i]  3455@(0,0)[idle,None]  3666@(0,4)[idle,None]  3743@(2,4)[idle,None]  3757@(0,2)[idle,None]  3758@(2,0)[idle,None]  3759_old@(2,1)[H,None]

  paths touching (3,0,648) [node 1260]:
    (3, 0, 648) -> (2, 0, 647) len=3 all-x=3,y=0: False
    (2, 2, 648) -> (3, 0, 648) len=4 all-x=3,y=0: False
    (2, 0, 649) -> (3, 0, 648) len=5 all-x=3,y=0: False
    (2, 0, 650) -> (3, 0, 648) len=6 all-x=3,y=0: False
