============================= test session starts ==============================
platform linux -- Python 3.10.12, pytest-9.1.1, pluggy-1.6.0 -- /home/junyuzh/QEC/upgrade/TopoLS/.venv/bin/python3
cachedir: .pytest_cache
rootdir: /home/junyuzh/QEC/upgrade/TopoLS
configfile: pyproject.toml
testpaths: tests
collecting ... collected 9 items / 6 deselected / 3 selected

tests/test_regression.py::test_fast_benchmarks[bv_16] FAILED             [ 33%]
tests/test_regression.py::test_fast_benchmarks[dj_16] FAILED             [ 66%]
tests/test_regression.py::test_fast_benchmarks[ghz_16] FAILED            [100%]

=================================== FAILURES ===================================
_________________________ test_fast_benchmarks[bv_16] __________________________

file_name = 'bv_16'

    @pytest.mark.parametrize("file_name", sorted(FAST_BENCHMARKS))
    def test_fast_benchmarks(file_name):
        golden = GOLDENS[file_name]
        assert golden is not None, f"no golden captured yet for {file_name}"
        metrics = _run_prog(file_name)
>       assert (
            metrics["x_length"],
            metrics["y_length"],
            metrics["z_length"],
            metrics["volume"],
        ) == golden
E       AssertionError: assert (9.0, 9.0, 10, 810.0) == (9.0, 9.0, 6, 486.0)
E         
E         At index 2 diff: 10 != 6
E         
E         Full diff:
E           (
E               9.0,
E               9.0,...
E         
E         ...Full output truncated (9 lines hidden), use '-vv' to show

tests/test_regression.py:128: AssertionError
_________________________ test_fast_benchmarks[dj_16] __________________________

file_name = 'dj_16'

    @pytest.mark.parametrize("file_name", sorted(FAST_BENCHMARKS))
    def test_fast_benchmarks(file_name):
        golden = GOLDENS[file_name]
        assert golden is not None, f"no golden captured yet for {file_name}"
        metrics = _run_prog(file_name)
>       assert (
            metrics["x_length"],
            metrics["y_length"],
            metrics["z_length"],
            metrics["volume"],
        ) == golden
E       AssertionError: assert (9.0, 9.0, 9, 729.0) == (9.0, 9.0, 11, 891.0)
E         
E         At index 2 diff: 9 != 11
E         
E         Full diff:
E           (
E               9.0,
E               9.0,...
E         
E         ...Full output truncated (9 lines hidden), use '-vv' to show

tests/test_regression.py:128: AssertionError
_________________________ test_fast_benchmarks[ghz_16] _________________________

file_name = 'ghz_16'

    @pytest.mark.parametrize("file_name", sorted(FAST_BENCHMARKS))
    def test_fast_benchmarks(file_name):
        golden = GOLDENS[file_name]
        assert golden is not None, f"no golden captured yet for {file_name}"
        metrics = _run_prog(file_name)
>       assert (
            metrics["x_length"],
            metrics["y_length"],
            metrics["z_length"],
            metrics["volume"],
        ) == golden
E       AssertionError: assert (9.0, 9.0, 11, 891.0) == (9.0, 9.0, 3, 243.0)
E         
E         At index 2 diff: 11 != 3
E         
E         Full diff:
E           (
E               9.0,
E               9.0,...
E         
E         ...Full output truncated (7 lines hidden), use '-vv' to show

tests/test_regression.py:128: AssertionError
=========================== short test summary info ============================
FAILED tests/test_regression.py::test_fast_benchmarks[bv_16] - AssertionError...
FAILED tests/test_regression.py::test_fast_benchmarks[dj_16] - AssertionError...
FAILED tests/test_regression.py::test_fast_benchmarks[ghz_16] - AssertionErro...
================== 3 failed, 6 deselected in 97.94s (0:01:37) ==================
