############ 1. no-op gates ############
=== bv_16 ===
Executing bv_16 benchmark.
Embedding progress:
x_length: 9.0 y_length: 9.0 z_length: 6
Space-time volume: 486.0
Time: 6
Space: 81.0
Compilation time: 13.260730266571045
QASM H-gate count: 21
H-boxes kept as cubes (on an output-port wire): 0
Expected collars (odd-length H runs, H*H=I cancelled): 21
Rendered yellow-collar count: 21
SAFETY CHECK PASSED
=== dj_16 ===
Executing dj_16 benchmark.
Embedding progress:
x_length: 9.0 y_length: 9.0 z_length: 8
Space-time volume: 648.0
Time: 8
Space: 81.0
Compilation time: 14.852104663848877
QASM H-gate count: 31
H-boxes kept as cubes (on an output-port wire): 0
Expected collars (odd-length H runs, H*H=I cancelled): 31
Rendered yellow-collar count: 31
SAFETY CHECK PASSED
=== cnot_s_cnot_h_2 (-b 10, exercises the gate-by-gate fallback) ===
Executing cnot_s_cnot_h_2 benchmark.
Embedding progress:
x_length: 5.0 y_length: 3.0 z_length: 65
Space-time volume: 975.0
Time: 65
Space: 15.0
Compilation time: 187.93969655036926
QASM H-gate count: 20
H-boxes kept as cubes (on an output-port wire): 1
Expected collars (odd-length H runs, H*H=I cancelled): 20
Rendered yellow-collar count: 20
SAFETY CHECK PASSED

############ 2. qaoa_16 traced ############
Executing qaoa_16 benchmark.
Embedding progress:
x_length: 9.0 y_length: 9.0 z_length: 58
Space-time volume: 4698.0
Time: 58
Space: 81.0
Compilation time: 231.46401953697205
QASM H-gate count: 48
H-boxes kept as cubes (on an output-port wire): 1
Expected collars (odd-length H runs, H*H=I cancelled): 48
Rendered yellow-collar count: 44
SAFETY CHECK FAILED (diff -4)

############ 3. double-count summary ############
trace: /home/junyuzh/QEC/upgrade/TopoLS/slurm/logs/htrace_qaoa16_4751.tsv  (269458 lines)
--- chain closes by (h_count, distinct) ---
 118105 count=0 distinct=0
  77775 count=1 distinct=1
   4767 count=2 distinct=1

--- DOUBLE_COUNT lines: which gate identity is duplicated ---
   4767 ((6,

--- distinct chains (node<-input) that ever double count ---
132_5<-328_5	start=106 dup=((6,
