=== wstate_16 run 1 ===
Executing wstate_16 benchmark.
Embedding progress:
x_length: 9.0 y_length: 9.0 z_length: 109
Space-time volume: 8829.0
Time: 109
Space: 81.0
Compilation time: 146.5728940963745
=== wstate_16 run 2 ===
Executing wstate_16 benchmark.
Embedding progress:
x_length: 9.0 y_length: 9.0 z_length: 109
Space-time volume: 8829.0
Time: 109
Space: 81.0
Compilation time: 143.28514313697815
=== qaoa_16 run 1 ===
Executing qaoa_16 benchmark.
Embedding progress:
x_length: 9.0 y_length: 9.0 z_length: 63
Space-time volume: 5103.0
Time: 63
Space: 81.0
Compilation time: 239.31403827667236
=== qaoa_16 run 2 ===
Executing qaoa_16 benchmark.
Embedding progress:
x_length: 9.0 y_length: 9.0 z_length: 63
Space-time volume: 5103.0
Time: 63
Space: 81.0
Compilation time: 238.72116231918335
