
############ qaoa_4 ############
Executing qaoa_4 benchmark.
Embedding progress:
x_length: 9.0 y_length: 3.0 z_length: 9
Space-time volume: 243.0
Time: 9
Space: 27.0
Compilation time: 36.4564003944397
Interactive pipe diagram written to: result/visualization/qaoa_4_interactive.html
QASM H-gate count: 8
H-boxes kept as cubes (on an output-port wire): 4
Expected collars (odd-length H runs, H*H=I cancelled): 8
Rendered yellow-collar count: 8
SAFETY CHECK PASSED

############ qaoa_16 ############
Executing qaoa_16 benchmark.
Embedding progress:
x_length: 9.0 y_length: 9.0 z_length: 52
Space-time volume: 4212.0
Time: 52
Space: 81.0
Compilation time: 166.81476259231567
Interactive pipe diagram written to: result/visualization/qaoa_16_interactive.html
QASM H-gate count: 48
H-boxes kept as cubes (on an output-port wire): 16
Expected collars (odd-length H runs, H*H=I cancelled): 48
Rendered yellow-collar count: 48
SAFETY CHECK PASSED

############ bv_16 ############
Executing bv_16 benchmark.
Embedding progress:
x_length: 9.0 y_length: 9.0 z_length: 9
Space-time volume: 729.0
Time: 9
Space: 81.0
Compilation time: 41.4028594493866
Interactive pipe diagram written to: result/visualization/bv_16_interactive.html
QASM H-gate count: 21
H-boxes kept as cubes (on an output-port wire): 10
Expected collars (odd-length H runs, H*H=I cancelled): 21
Rendered yellow-collar count: 21
SAFETY CHECK PASSED

############ dj_16 ############
Executing dj_16 benchmark.
Embedding progress:
x_length: 9.0 y_length: 9.0 z_length: 10
Space-time volume: 810.0
Time: 10
Space: 81.0
Compilation time: 19.084479093551636
Interactive pipe diagram written to: result/visualization/dj_16_interactive.html
QASM H-gate count: 31
H-boxes kept as cubes (on an output-port wire): 14
Expected collars (odd-length H runs, H*H=I cancelled): 31
Rendered yellow-collar count: 31
SAFETY CHECK PASSED

############ vqe_16 ############
Executing vqe_16 benchmark.
Embedding progress:
x_length: 9.0 y_length: 9.0 z_length: 47
Space-time volume: 3807.0
Time: 47
Space: 81.0
Compilation time: 181.03405046463013
Interactive pipe diagram written to: result/visualization/vqe_16_interactive.html
QASM H-gate count: 84
H-boxes kept as cubes (on an output-port wire): 1
Expected collars (odd-length H runs, H*H=I cancelled): 82
Rendered yellow-collar count: 80
SAFETY CHECK FAILED (diff -2)
