[seam wire, attributed by qubit/row] ((0, 446),) -> ['839_108', '1346_108', '845_108']  collars=1
[seam wire, attributed by qubit/row] ((0, 452),) -> ['865', '3024', '3024_old', '3022', '3021', '850_108']  collars=1
[seam wire, attributed by qubit/row] ((0, 468),) -> ['887', '3039', '3039_old', '882']  collars=1
[seam wire, attributed by qubit/row] ((1, 219),) -> ['414_55', '1323_55', '424_55']  collars=1
[seam wire, attributed by qubit/row] ((2, 211),) -> ['399', '1317_55', '404_55']  collars=1
[seam wire, attributed by qubit/row] ((3, 1),) -> ['94', '1312', '1312_old', '1311', '1310', '1309_old', '1308', '1307', '1307_old', '1306_old', '1305', '1304', '1303_old', '1302', '1301', '1300_old', '1299', '1298', '1297_old', '1295', '1294_old', '1293', '1292', '1291_old', '1289', '1289_old', '1288_old', '1286', '1285', '1285_old', '1283', '1282_old', '1281', '1280', '1279_old', '1278', '1277', '1276_old', '1274', '1273', '3']  collars=1
[seam wire, attributed by qubit/row] ((4, 377),) -> ['936_old', '2866', '2866_old', '2865', '2864', '2863_old', '2862', '2861', '2860_old', '2859', '2858', '2857_old', '2856', '2855', '2854_old', '2852', '2851_old', '2849', '2848_old', '2846', '2845_old', '2844', '2842', '2842_old', '2841', '2840', '2839', '2838', '2837', '2836_old', '2834', '2833', '2833_old', '2831', '2830', '1305_108', '1305_108_old', '1303_108', '1298_108', '1297_108', '1295_108', '1294_108', '1293_108', '1292_108', '1291_108', '1290_108', '1289_108', '2819_old', '2818', '2817', '2816', '2815', '2814', '2813_old', '2812_old', '2811', '2810', '2809', '2808_old', '2805', '2804', '2803', '2803_old', '2802', '2801_old', '2800_old', '2799', '2798', '2798_old', '2797', '2796', '2795_old', '2793', '2793_old', '2792_old', '2790', '2789_old', '2787', '2786_old', '2784', '2784_old', '2783_old', '2782', '2781', '2781_old', '2780', '2779', '2778_old', '2777', '2776', '2775_old', '2774', '2773', '2772_old', '2771', '707']  collars=1

benchmark=grover_6 pkl=grover_6_full
expected H = 100   rendered collars = 96   H with a collar on their wire = 96   -> missing = 4

================ MISSING: 4 ================

#1  H ((1, 668),)   qubit 1, row 668
    ZX nodes (outer graph, before idling): 1260 -- 1267
    flag after idling/remat in outer graph: edge frozenset({1260, 3758})
    wire: 5 nodes, 11 lattice pts, collars on it = 0, H flags on it = [((1, 668),), ((1, 668),)]
            1260  pos=(3, 0, 648)  type=1 (X-spider)  qrow=(1, 667)  ori=k  tqec=ZZX  <- main loop
            1260  pos=(3, 0, 648)  type=1 (X-spider)  qrow=(1, 667)  ori=k  tqec=ZZX  <- main loop
      replay from 1260: no-flip->k  flip->i  actual ori[1260]=k  => flip was NOT applied
    wire: 5 nodes, 11 lattice pts, collars on it = 0, H flags on it = [((1, 668),), ((1, 668),)]
            1260  pos=(3, 0, 648)  type=1 (X-spider)  qrow=(1, 667)  ori=k  tqec=ZZX  <- main loop
            1260  pos=(3, 0, 648)  type=1 (X-spider)  qrow=(1, 667)  ori=k  tqec=ZZX  <- main loop
      replay from 1260: no-flip->k  flip->i  actual ori[1260]=k  => flip was NOT applied
    crop x[-3,8] y[-6,5] z[643,655]  125 nodes -> result/visualization/grover_6_missing1_q1_r668_interactive.html

#2  H ((3, 654),)   qubit 3, row 654
    ZX nodes (outer graph, before idling): 1235 -- 1269
    flag after idling/remat in outer graph: edge frozenset({3730, 1235})
    wire: 33 nodes, 45 lattice pts, collars on it = 0, H flags on it = [((3, 654),), ((3, 654),)]
            1235  pos=(1, 1, 632)  type=5 (T)  qrow=(3, 653)  ori=i  tqec=ZXX  <- main loop
            1235  pos=(1, 1, 632)  type=5 (T)  qrow=(3, 653)  ori=i  tqec=ZXX  <- main loop
      replay from 1235: no-flip->i  flip->j  actual ori[1235]=i  => flip was NOT applied
    wire: 33 nodes, 45 lattice pts, collars on it = 0, H flags on it = [((3, 654),), ((3, 654),)]
            1235  pos=(1, 1, 632)  type=5 (T)  qrow=(3, 653)  ori=i  tqec=ZXX  <- main loop
            1235  pos=(1, 1, 632)  type=5 (T)  qrow=(3, 653)  ori=i  tqec=ZXX  <- main loop
      replay from 1235: no-flip->i  flip->j  actual ori[1235]=i  => flip was NOT applied
    crop x[-4,7] y[-4,9] z[627,655]  432 nodes -> result/visualization/grover_6_missing2_q3_r654_interactive.html

#3  H ((4, 617),)   qubit 4, row 617
    ZX nodes (outer graph, before idling): 1164 -- 1270
    flag after idling/remat in outer graph: edge frozenset({3619, 1164})
    NO embedded wire carries this H.  endpoint realisations: {1164: ['1164_old', 1164], 1270: []}
        1164_old  pos=(0, 4, 595)  type=5 (T)  qrow=(4, 616)  ori=j  tqec=XZX  <- ceiling/basic rename
            1164  pos=(0, 4, 596)  type=0 (Z-spider)  qrow=(4, 616)  ori=j  tqec=XZX  <- main loop
    crop x[-5,5] y[-1,9] z[590,601]  176 nodes -> result/visualization/grover_6_missing3_q4_r617_interactive.html

#4  H ((5, 554),)   qubit 5, row 554
    ZX nodes (outer graph, before idling): 1043 -- 1271
    flag after idling/remat in outer graph: edge frozenset({3352, 1043})
    NO embedded wire carries this H.  endpoint realisations: {1043: ['1043_old', 1043], 1271: []}
        1043_old  pos=(0, 1, 536)  type=5 (T)  qrow=(5, 553)  ori=i  tqec=ZXX  <- ceiling/basic rename
            1043  pos=(0, 0, 537)  type=0 (Z-spider)  qrow=(5, 553)  ori=i  tqec=ZXX  <- main loop
    crop x[-5,5] y[-5,6] z[531,542]  235 nodes -> result/visualization/grover_6_missing4_q5_r554_interactive.html
