################ ghz_16 -s 2 -t 2 --backtrack 0 ################
x_length: 9.0 y_length: 9.0 z_length: 12
Space-time volume: 972.0
wall=67s
MAIN i=1 block=0
MAIN i=2 block=0
MAIN i=2 block=0: MCTS tier returned None for every seed (ceiling_flag=0)
MAIN i=2 block=0: ceiling-retry tier returned None too -> gate-by-gate FALLBACK
FALLBACK block=0 at outer i=2: block_range=[0, 16] rows_=[0, 1, 2, 3, 4, 5, 6, 7, 8, 9, 10, 11, 12, 13, 14, 15]
  j=1/15 block=0
  j=1 block=0 embedded by MCTS/ceiling tier; state has 32 nodes
  j=2/15 block=0
  j=2 block=0 embedded by MCTS/ceiling tier; state has 48 nodes
  j=3/15 block=0
  j=3 block=0 embedded by MCTS/ceiling tier; state has 64 nodes
  j=4/15 block=0
  j=4 block=0 embedded by MCTS/ceiling tier; state has 96 nodes
  j=5/15 block=0
  j=5 block=0 embedded by MCTS/ceiling tier; state has 112 nodes
  j=6/15 block=0
  j=6 block=0 embedded by MCTS/ceiling tier; state has 128 nodes
  j=7/15 block=0
  j=7 block=0 embedded by MCTS/ceiling tier; state has 144 nodes
  j=8/15 block=0
  j=8 block=0 embedded by MCTS/ceiling tier; state has 160 nodes
  j=9/15 block=0
  j=9 block=0 embedded by MCTS/ceiling tier; state has 176 nodes
  j=10/15 block=0
  j=10 block=0 embedded by MCTS/ceiling tier; state has 192 nodes
  j=11/15 block=0
  j=11 block=0 embedded by MCTS/ceiling tier; state has 208 nodes
  j=12/15 block=0
  j=12 block=0 embedded by MCTS/ceiling tier; state has 240 nodes
  j=13/15 block=0
  j=13 block=0 embedded by MCTS/ceiling tier; state has 256 nodes
  j=14/15 block=0
  j=14 block=0 embedded by MCTS/ceiling tier; state has 272 nodes
  j=15/15 block=0
  j=15 block=0 embedded by MCTS/ceiling tier; state has 288 nodes
outer i=3 block=1 leaving fallback-done block 0, input_mapping_flag=1
MAIN i=3 block=1
RETURN main-loop seal at i=3 block=1 brute_last=False layer nodes=[]
################ ghz_16 -s 2 -t 2 --backtrack 1 ################
x_length: 9.0 y_length: 9.0 z_length: 3
Space-time volume: 243.0
wall=14s
MAIN i=1 block=0
MAIN i=2 block=0
BACKTRACK i=2 block=0: MCTS tier failed from the chosen layer-1 state; 3 alternative(s)
BACKTRACK i=2: alternative layer-1 state (vol=81.0) worked -> vol=162.0
MAIN i=3 block=1
RETURN main-loop seal at i=3 block=1 brute_last=False layer nodes=[]
################ ghz_16 -s 8 -t 2 --backtrack 0 ################
x_length: 9.0 y_length: 9.0 z_length: 4
Space-time volume: 324.0
wall=10s
MAIN i=1 block=0
MAIN i=2 block=0
MAIN i=3 block=1
RETURN main-loop seal at i=3 block=1 brute_last=False layer nodes=[]
