Executing qaoa_16 benchmark.
HTable: 48 same-qubit H, 0 cross-qubit H, 574 registered nodes
Embedding progress:
x_length: 9.0 y_length: 9.0 z_length: 61
Space-time volume: 4941.0
Time: 61
Space: 81.0
Compilation time: 222.59665513038635
QASM H-gate count: 48
H-boxes kept as cubes (on an output-port wire): 1
Expected collars (odd-length H runs, H*H=I cancelled): 48
Rendered yellow-collar count: 47
SAFETY CHECK FAILED (diff -1)
=== tail trace: blocks 8-10 and every RETURN ===
FALLBACK block=2 at outer i=9: block_range=[11, 19] rows_=[0, 1, 2, 3, 4, 5, 6, 7, 8]
FALLBACK block=5 at outer i=17: block_range=[32, 40] rows_=[0, 1, 2, 3, 4, 5, 6, 7, 8]
FALLBACK block=7 at outer i=24: block_range=[48, 56] rows_=[0, 1, 2, 3, 4, 5, 6, 7, 8]
outer i=25 block=8 leaving fallback-done block 7, input_mapping_flag=1
FALLBACK block=8 at outer i=27: block_range=[56, 62] rows_=[0, 1, 2, 3, 4, 5]
  j=1/5 block=8 nodes={'202': (1, 1), '203': (0, 1), '207': (5, 1), '208': (5, 1), '256': (2, 1), '261': (2, 1), '266': (2, 1), '271': (2, 1), '276': (2, 1), '281': (2, 1), '286': (2, 1), '291': (2, 1), '296': (2, 1), '301': (2, 1), '306': (2, 1), '308': (2, 1)}
  j=1 block=8 embedded by MCTS/ceiling tier; state has 45 nodes
  j=2/5 block=8 nodes={'209': (5, 1), '214': (5, 1), '257': (2, 1), '262': (2, 1), '267': (2, 1), '272': (2, 1), '277': (2, 1), '282': (2, 1), '287': (2, 1), '292': (2, 1), '297': (2, 1), '302': (2, 1), '307': (2, 1), '309': (2, 1), '310': (2, 1), '313': (2, 1)}
  j=2 block=8 embedded by MCTS/ceiling tier; state has 61 nodes
  j=3/5 block=8 nodes={'210': (5, 1), '212': (5, 1), '215': (5, 1), '258': (2, 1), '263': (2, 1), '268': (2, 1), '273': (2, 1), '278': (2, 1), '283': (2, 1), '288': (2, 1), '293': (2, 1), '298': (2, 1), '303': (2, 1), '311': (2, 1), '314': (2, 1), '317': (2, 1)}
  j=3 block=8 embedded by MCTS/ceiling tier; state has 77 nodes
  j=4/5 block=8 nodes={'211': (5, 1), '213': (5, 1), '259': (2, 1), '264': (2, 1), '269': (2, 1), '274': (2, 1), '279': (2, 1), '284': (2, 1), '289': (2, 1), '294': (2, 1), '299': (2, 1), '304': (2, 1), '312': (2, 1), '315': (2, 1), '318': (2, 1), '322': (2, 1)}
  j=4 block=8 embedded by MCTS/ceiling tier; state has 109 nodes
  j=5/5 block=8 nodes={'218': (1, 0), '219': (0, 0), '260': (2, 0), '265': (2, 0), '270': (2, 0), '275': (2, 0), '280': (2, 0), '285': (2, 0), '290': (2, 0), '295': (2, 0), '300': (2, 0), '305': (2, 0), '316': (2, 0), '319': (2, 0), '320': (2, 0), '321': (2, 0)}
  j=5 block=8 embedded by MCTS/ceiling tier; state has 125 nodes
outer i=28 block=9 leaving fallback-done block 8, input_mapping_flag=1
FALLBACK block=10 at outer i=32: block_range=[70, 71] rows_=[0]
RETURN bug9-last-block seal block=10
=== attribution (expect 48/48/0) ===
[seam wire, attributed by qubit/row] ((6, 35),) -> ['132_5', '328_5', '327_5', '326_5', '487', '487_old', '106']  collars=1
[seam wire, attributed by qubit/row] ((12, 58),) -> ['210_8_old', '309_8', '308_8', '197_7']  collars=1

benchmark=qaoa_16 pkl=qaoa_16_wire2
expected H = 48   rendered collars = 47   H with a collar on their wire = 47   -> missing = 1

================ MISSING: 1 ================

#1  H ((15, 70),)   qubit 15, row 70
    ZX nodes (outer graph, before idling): 237 -- 255
    flag after idling/remat in outer graph: hbox 644
    NO embedded wire carries this H.  endpoint realisations: {237: ['237_old', 237], 255: []}
    crop x[-3,12] y[1,12] z[54,66]  184 nodes -> result/visualization/qaoa_16_missing1_q15_r70_interactive.html
Interactive pipe diagram written to: result/visualization/qaoa_16_interactive.html
