[bracket] ((2, 21),) attributed to wire ['84_3', '309_3', '308_3', '73_2'] (collars=1)
[bracket] ((4, 42),) attributed to wire ['284_9', '284_9_old', '283_9', '282_9', '571_old', '570', '569', '569_old', '568', '568_old', '567', '566', '566_old', '347_6', '347_6_old', '346_6', '345_6', '344_6', '343_6', '157_6'] (collars=1)
benchmark=qaoa_16 pkl=qaoa_16_count
expected H = 48   rendered collars = 44   identities with a collar on their wire = 44

================ MISSING: 4 ================

#1  H identity ((6, 35),)  (qubit 6, row 35)
    ZX nodes (outer graph, before idling): 106 -- 132
    wire (8 nodes, 8 lattice pts), collars on it = 0, flags on it = [((6, 35),)]
           132_5  pos=(2, 2, 31)  type=5 (T)  qrow=(6, 36)  ori=j  tqec=XZX  <- gate-by-gate block 5
           328_5  pos=(2, 2, 30)  type=2 (idle)  qrow=(-1, -1)  ori=None  tqec=None  <- gate-by-gate block 5
           327_5  pos=(2, 2, 29)  type=2 (idle)  qrow=(-1, -1)  ori=None  tqec=None  <- gate-by-gate block 5
             487  pos=(2, 2, 28)  type=2 (idle)  qrow=(6, 33.333333333333336)  ori=None  tqec=None  <- main loop
         487_old  pos=(2, 2, 27)  type=2 (idle)  qrow=(6, 33.333333333333336)  ori=None  tqec=None  <- ceiling/basic rename
             486  pos=(2, 2, 26)  type=2 (idle)  qrow=(6, 30.666666666666668)  ori=None  tqec=None  <- main loop
         486_old  pos=(2, 2, 25)  type=2 (idle)  qrow=(6, 30.666666666666668)  ori=None  tqec=None  <- ceiling/basic rename
             106  pos=(2, 2, 24)  type=0 (Z-spider)  qrow=(6, 28)  ori=j  tqec=XZX  <- main loop
      replay from 132_5: no-flip->j  flip->i  actual ori[106]=j  => flip was NOT applied
    crop x[-1,5] y[-1,5] z[21,34]  345 nodes -> result/visualization/qaoa_16_missing1_q6_r35_interactive.html

#2  H identity ((11, 70),)  (qubit 11, row 70)
    ZX nodes (outer graph, before idling): 235 -- 251
    NO embedded wire carries this H.  endpoint realisations: {235: [], 251: []}
    nothing to crop (not embedded)

#3  H identity ((14, 49),)  (qubit 14, row 49)
    ZX nodes (outer graph, before idling): 172 -- 190
    wire (2 nodes, 2 lattice pts), collars on it = 0, flags on it = [((14, 49),)]
         190_old  pos=(2, 6, 45)  type=5 (T)  qrow=(14, 50)  ori=j  tqec=XZX  <- ceiling/basic rename
           172_6  pos=(2, 6, 44)  type=1 (X-spider)  qrow=(14, 48)  ori=i  tqec=XZZ  <- gate-by-gate block 6
      replay from 190_old: no-flip->i  flip->j  actual ori[172_6]=i  => flip was NOT applied
    crop x[-1,5] y[3,9] z[41,48]  146 nodes -> result/visualization/qaoa_16_missing3_q14_r49_interactive.html

#4  H identity ((15, 70.0),)  (qubit 15, row 70.0)
    ZX nodes (outer graph, before idling): 237 -- 255
    NO embedded wire carries this H.  endpoint realisations: {237: [], 255: []}
    nothing to crop (not embedded)
