[seam wire, attributed by qubit/row] ((0, 446),) -> ['839_108', '1346_108', '845_108']  collars=1
[seam wire, attributed by qubit/row] ((0, 452),) -> ['865', '3024', '3024_old', '3022', '3021', '850_108']  collars=1
[seam wire, attributed by qubit/row] ((0, 468),) -> ['887', '3039', '3039_old', '882']  collars=1
[seam wire, attributed by qubit/row] ((1, 219),) -> ['414_55', '1323_55', '424_55']  collars=1
[seam wire, attributed by qubit/row] ((2, 211),) -> ['399', '1317_55', '404_55']  collars=1
[seam wire, attributed by qubit/row] ((3, 1),) -> ['94', '1312', '1312_old', '1311', '1310', '1309_old', '1308', '1307', '1307_old', '1306_old', '1305', '1304', '1303_old', '1302', '1301', '1300_old', '1299', '1298', '1297_old', '1295', '1294_old', '1293', '1292', '1291_old', '1289', '1289_old', '1288_old', '1286', '1285', '1285_old', '1283', '1282_old', '1281', '1280', '1279_old', '1278', '1277', '1276_old', '1274', '1273', '3']  collars=1
[seam wire, attributed by qubit/row] ((4, 377),) -> ['936_old', '2866', '2866_old', '2865', '2864', '2863_old', '2862', '2861', '2860_old', '2859', '2858', '2857_old', '2856', '2855', '2854_old', '2852', '2851_old', '2849', '2848_old', '2846', '2845_old', '2844', '2842', '2842_old', '2841', '2840', '2839', '2838', '2837', '2836_old', '2834', '2833', '2833_old', '2831', '2830', '1305_108', '1305_108_old', '1303_108', '1298_108', '1297_108', '1295_108', '1294_108', '1293_108', '1292_108', '1291_108', '1290_108', '1289_108', '2819_old', '2818', '2817', '2816', '2815', '2814', '2813_old', '2812_old', '2811', '2810', '2809', '2808_old', '2805', '2804', '2803', '2803_old', '2802', '2801_old', '2800_old', '2799', '2798', '2798_old', '2797', '2796', '2795_old', '2793', '2793_old', '2792_old', '2790', '2789_old', '2787', '2786_old', '2784', '2784_old', '2783_old', '2782', '2781', '2781_old', '2780', '2779', '2778_old', '2777', '2776', '2775_old', '2774', '2773', '2772_old', '2771', '707']  collars=1
[seam wire, attributed by qubit/row] ((4, 617),) -> ['3666', '3666_old', '3664', '3664_old', '3663', '3662', '3661', '3660', '3659_old', '3658', '3657', '3656_old', '3655', '3654', '3653_old', '3652', '3651', '3650', '3649_old', '3647', '3647_old', '3646', '3645', '3644_old', '3643', '3642', '3641_old', '3640', '3639', '3638_old', '3636', '3635_old', '3633', '3632_old', '3631', '3630', '3629', '3628', '3627_old', '3626', '3625', '3624_old', '3623', '3622', '3621_old', '1164']  collars=0
[seam wire, attributed by qubit/row] ((5, 554),) -> ['3455', '3455_old', '3453', '3453_old', '3452', '3451', '3449', '3448', '3448_old', '3447', '3446', '3445_old', '3444', '3443', '3442_old', '3441', '3439', '3438', '3438_old', '3436', '3436_old', '3435', '3434', '3433', '3433_old', '3432', '3431', '3430_old', '3429', '3428', '3427_old', '3425', '3424_old', '3422', '3421_old', '3419', '3418', '3417', '3416', '3416_old', '3415', '3414', '3413_old', '3411', '3410_old', '3407', '3407_old', '3405', '3405_old', '3404', '3403', '3402', '3402_old', '3401', '3400', '3399_old', '3397', '3396_old', '3394', '3393_old', '3391', '3390', '3389', '3388', '3388_old', '3387', '3386', '3385_old', '3384', '3383', '3382_old', '3380', '3379_old', '3377', '3377_old', '3376', '3375', '3374', '3374_old', '3373', '3372', '3371_old', '3369', '3368_old', '3366', '3365_old', '3363', '3363_old', '3362', '3361', '3360_old', '3359', '3358', '3357_old', '3355', '3354_old', '1043']  collars=0

benchmark=grover_6 pkl=grover_6_full
expected H = 100   rendered collars = 95   H with a collar on their wire = 95   -> missing = 5

================ MISSING: 5 ================

#1  H ((0, 670),)   qubit 0, row 670
    ZX nodes (outer graph, before idling): 1263 -- 1266
    flag after idling/remat in outer graph: hbox 3759
    NO embedded wire carries this H.  endpoint realisations: {1263: ['1263_old', 1263], 1266: []}
        1263_old  pos=(2, 2, 649)  type=5 (T)  qrow=(0, 669)  ori=i  tqec=ZXX  <- ceiling/basic rename
            1263  pos=(2, 2, 650)  type=0 (Z-spider)  qrow=(0, 669)  ori=i  tqec=ZXX  <- main loop
    crop x[-3,7] y[-3,7] z[644,655]  45 nodes -> result/visualization/grover_6_missing1_q0_r670_interactive.html

#2  H ((1, 668),)   qubit 1, row 668
    ZX nodes (outer graph, before idling): 1260 -- 1267
    flag after idling/remat in outer graph: edge frozenset({1260, 3758})
    wire: 3 nodes, 6 lattice pts, collars on it = 0, H flags on it = [((1, 668),)]
            1260  pos=(3, 0, 648)  type=1 (X-spider)  qrow=(1, 667)  ori=k  tqec=ZZX  <- main loop
      wire end still idle -> this chain was never closed by a real node
    crop x[-3,8] y[-6,5] z[643,655]  61 nodes -> result/visualization/grover_6_missing2_q1_r668_interactive.html

#3  H ((3, 654),)   qubit 3, row 654
    ZX nodes (outer graph, before idling): 1235 -- 1269
    flag after idling/remat in outer graph: edge frozenset({3730, 1235})
    wire: 17 nodes, 23 lattice pts, collars on it = 0, H flags on it = [((3, 654),)]
            1235  pos=(1, 1, 632)  type=5 (T)  qrow=(3, 653)  ori=i  tqec=ZXX  <- main loop
      wire end still idle -> this chain was never closed by a real node
    crop x[-4,7] y[-4,9] z[627,655]  276 nodes -> result/visualization/grover_6_missing3_q3_r654_interactive.html

#4  H ((4, 617),)   qubit 4, row 617
    ZX nodes (outer graph, before idling): 1164 -- 1270
    flag after idling/remat in outer graph: edge frozenset({3619, 1164})
    wire: 46 nodes, 55 lattice pts, collars on it = 0, H flags on it = [((4, 617),)]
            1164  pos=(0, 4, 596)  type=0 (Z-spider)  qrow=(4, 616)  ori=j  tqec=XZX  <- main loop
      wire end still idle -> this chain was never closed by a real node
    crop x[-5,5] y[-1,9] z[591,655]  687 nodes -> result/visualization/grover_6_missing4_q4_r617_interactive.html

#5  H ((5, 554),)   qubit 5, row 554
    ZX nodes (outer graph, before idling): 1043 -- 1271
    flag after idling/remat in outer graph: edge frozenset({3352, 1043})
    wire: 97 nodes, 116 lattice pts, collars on it = 0, H flags on it = [((5, 554),)]
            1043  pos=(0, 0, 537)  type=0 (Z-spider)  qrow=(5, 553)  ori=i  tqec=ZXX  <- main loop
      wire end still idle -> this chain was never closed by a real node
    crop x[-5,5] y[-6,5] z[532,655]  1539 nodes -> result/visualization/grover_6_missing5_q5_r554_interactive.html
