== [Mon Sep 21 09:23:42 PM EDT 2026] bv_16 ==
Profiling boundedness for bv_16 benchmark.
Embedding progress:

=== boundedness summary for bv_16 ===
total mcts() calls: 16
search-bound (cut off by time_limit): 10 (62.5%)
iters-bound (exhausted iters budget): 6 (37.5%)
search-bound calls completed on average 12.5% of their requested iters before cutoff
search-bound calls by layer (top 10): [(3, 8), (2, 2)]
== [Mon Sep 21 09:24:08 PM EDT 2026] dj_16 ==
Profiling boundedness for dj_16 benchmark.
Embedding progress:

=== boundedness summary for dj_16 ===
total mcts() calls: 36
search-bound (cut off by time_limit): 20 (55.6%)
iters-bound (exhausted iters budget): 16 (44.4%)
search-bound calls completed on average 24.2% of their requested iters before cutoff
search-bound calls by layer (top 10): [(6, 8), (2, 4), (1, 2), (5, 2), (7, 2), (8, 2)]
== [Mon Sep 21 09:25:04 PM EDT 2026] ghz_16 ==
Profiling boundedness for ghz_16 benchmark.
Embedding progress:

=== boundedness summary for ghz_16 ===
total mcts() calls: 8
search-bound (cut off by time_limit): 5 (62.5%)
iters-bound (exhausted iters budget): 3 (37.5%)
search-bound calls completed on average 33.9% of their requested iters before cutoff
search-bound calls by layer (top 10): [(2, 3), (1, 2)]
== [Mon Sep 21 09:25:18 PM EDT 2026] grover_6 ==
Profiling boundedness for grover_6 benchmark.
Embedding progress:

=== boundedness summary for grover_6 ===
total mcts() calls: 2784
search-bound (cut off by time_limit): 469 (16.8%)
iters-bound (exhausted iters budget): 2315 (83.2%)
search-bound calls completed on average 50.8% of their requested iters before cutoff
search-bound calls by layer (top 10): [(211, 8), (17, 7), (18, 6), (250, 6), (259, 5), (486, 5), (3, 4), (43, 4), (52, 4), (68, 4)]
== [Mon Sep 21 10:04:07 PM EDT 2026] boundedness profiling done ==
