
############ qaoa_16 ############
Executing qaoa_16 benchmark.
Embedding progress:
x_length: 9.0 y_length: 9.0 z_length: 63
Space-time volume: 5103.0
Time: 63
Space: 81.0
Compilation time: 256.65838050842285
Interactive pipe diagram written to: result/visualization/qaoa_16_interactive.html
QASM H-gate count: 48
Structurally unrenderable (H on a wire into an output port): 1
Expected collars (odd-length H runs, H*H=I cancelled): 47
Rendered yellow-collar count: 37
SAFETY CHECK FAILED (diff -10)

############ bv_16 ############
Executing bv_16 benchmark.
Embedding progress:
x_length: 9.0 y_length: 9.0 z_length: 6
Space-time volume: 486.0
Time: 6
Space: 81.0
Compilation time: 13.25955319404602
Interactive pipe diagram written to: result/visualization/bv_16_interactive.html
QASM H-gate count: 21
Structurally unrenderable (H on a wire into an output port): 0
Expected collars (odd-length H runs, H*H=I cancelled): 21
Rendered yellow-collar count: 21
SAFETY CHECK PASSED

############ dj_16 ############
Executing dj_16 benchmark.
Embedding progress:
x_length: 9.0 y_length: 9.0 z_length: 8
Space-time volume: 648.0
Time: 8
Space: 81.0
Compilation time: 14.880122661590576
Interactive pipe diagram written to: result/visualization/dj_16_interactive.html
QASM H-gate count: 31
Structurally unrenderable (H on a wire into an output port): 0
Expected collars (odd-length H runs, H*H=I cancelled): 31
Rendered yellow-collar count: 31
SAFETY CHECK PASSED

############ grover_6 ############
Executing grover_6 benchmark.
Embedding progress:
x_length: 5.0 y_length: 7.0 z_length: 654
Space-time volume: 22890.0
Time: 654
Space: 35.0
Compilation time: 594.0953004360199
Interactive pipe diagram written to: result/visualization/grover_6_interactive.html
QASM H-gate count: 104
Structurally unrenderable (H on a wire into an output port): 1
Expected collars (odd-length H runs, H*H=I cancelled): 99
Rendered yellow-collar count: 96
SAFETY CHECK FAILED (diff -3)
