== [Tue Sep 22 11:30:58 AM EDT 2026] profiling grover_6 under production CLI config ==
py-spy> Sampling process 200 times a second. Press Control-C to exit.

py-spy> 1.01s behind in sampling, results may be inaccurate. Try reducing the sampling rate
py-spy> 1.60s behind in sampling, results may be inaccurate. Try reducing the sampling rate
py-spy> 2.12s behind in sampling, results may be inaccurate. Try reducing the sampling rate
py-spy> 2.63s behind in sampling, results may be inaccurate. Try reducing the sampling rate
py-spy> 2.93s behind in sampling, results may be inaccurate. Try reducing the sampling rate
py-spy> 3.41s behind in sampling, results may be inaccurate. Try reducing the sampling rate
py-spy> 3.55s behind in sampling, results may be inaccurate. Try reducing the sampling rate
py-spy> 3.49s behind in sampling, results may be inaccurate. Try reducing the sampling rate
py-spy> 3.56s behind in sampling, results may be inaccurate. Try reducing the sampling rate
py-spy> 3.76s behind in sampling, results may be inaccurate. Try reducing the sampling rate
py-spy> 4.04s behind in sampling, results may be inaccurate. Try reducing the sampling rate
py-spy> 4.16s behind in sampling, results may be inaccurate. Try reducing the sampling rate
py-spy> 4.31s behind in sampling, results may be inaccurate. Try reducing the sampling rate
py-spy> 4.41s behind in sampling, results may be inaccurate. Try reducing the sampling rate
py-spy> 4.78s behind in sampling, results may be inaccurate. Try reducing the sampling rate
py-spy> 5.22s behind in sampling, results may be inaccurate. Try reducing the sampling rate
py-spy> 5.49s behind in sampling, results may be inaccurate. Try reducing the sampling rate
py-spy> 5.88s behind in sampling, results may be inaccurate. Try reducing the sampling rate
py-spy> 6.11s behind in sampling, results may be inaccurate. Try reducing the sampling rate
py-spy> 6.35s behind in sampling, results may be inaccurate. Try reducing the sampling rate
py-spy> 6.84s behind in sampling, results may be inaccurate. Try reducing the sampling rate
py-spy> 7.56s behind in sampling, results may be inaccurate. Try reducing the sampling rate
py-spy> 8.25s behind in sampling, results may be inaccurate. Try reducing the sampling rate
py-spy> 8.88s behind in sampling, results may be inaccurate. Try reducing the sampling rate
py-spy> 9.41s behind in sampling, results may be inaccurate. Try reducing the sampling rate
py-spy> 9.94s behind in sampling, results may be inaccurate. Try reducing the sampling rate
py-spy> 10.33s behind in sampling, results may be inaccurate. Try reducing the sampling rate
py-spy> 10.53s behind in sampling, results may be inaccurate. Try reducing the sampling rate
py-spy> 10.83s behind in sampling, results may be inaccurate. Try reducing the sampling rate
py-spy> 11.33s behind in sampling, results may be inaccurate. Try reducing the sampling rate
py-spy> 11.87s behind in sampling, results may be inaccurate. Try reducing the sampling rate
py-spy> 12.16s behind in sampling, results may be inaccurate. Try reducing the sampling rate
py-spy> 12.21s behind in sampling, results may be inaccurate. Try reducing the sampling rate
py-spy> 12.18s behind in sampling, results may be inaccurate. Try reducing the sampling rate
py-spy> 12.11s behind in sampling, results may be inaccurate. Try reducing the sampling rate
py-spy> 11.72s behind in sampling, results may be inaccurate. Try reducing the sampling rate
py-spy> 10.89s behind in sampling, results may be inaccurate. Try reducing the sampling rate
py-spy> 10.31s behind in sampling, results may be inaccurate. Try reducing the sampling rate
py-spy> 10.49s behind in sampling, results may be inaccurate. Try reducing the sampling rate
py-spy> 10.02s behind in sampling, results may be inaccurate. Try reducing the sampling rate
py-spy> 9.60s behind in sampling, results may be inaccurate. Try reducing the sampling rate
py-spy> 8.96s behind in sampling, results may be inaccurate. Try reducing the sampling rate
py-spy> 9.10s behind in sampling, results may be inaccurate. Try reducing the sampling rate
py-spy> 9.26s behind in sampling, results may be inaccurate. Try reducing the sampling rate
py-spy> 9.25s behind in sampling, results may be inaccurate. Try reducing the sampling rate
py-spy> 8.93s behind in sampling, results may be inaccurate. Try reducing the sampling rate
py-spy> 8.36s behind in sampling, results may be inaccurate. Try reducing the sampling rate
py-spy> 7.71s behind in sampling, results may be inaccurate. Try reducing the sampling rate
py-spy> 5.06s behind in sampling, results may be inaccurate. Try reducing the sampling rate
Executing grover_6 benchmark.
Embedding progress:
x_length: 5.0 y_length: 7.0 z_length: 656
Space-time volume: 22960.0
Time: 656
Space: 35.0
Compilation time: 3321.536787748337

py-spy> Stopped sampling because process exited
py-spy> Wrote flamegraph data to '/home/junyuzh/QEC/upgrade/TopoLS/docs/profiles/grover_6_prod.svg'. Samples: 678287 Errors: 0
== [Tue Sep 22 12:27:22 PM EDT 2026] py-spy exited with status 1; output (if any): /home/junyuzh/QEC/upgrade/TopoLS/docs/profiles/grover_6_prod.svg ==
