
############ qaoa_16 ############
Executing qaoa_16 benchmark.
Embedding progress:
x_length: 9.0 y_length: 9.0 z_length: 58
Space-time volume: 4698.0
Time: 58
Space: 81.0
Compilation time: 227.92101550102234
Interactive pipe diagram written to: result/visualization/qaoa_16_interactive.html
QASM H-gate count: 48
H-boxes kept as cubes (on an output-port wire): 1
Expected collars (odd-length H runs, H*H=I cancelled): 48
Rendered yellow-collar count: 44
SAFETY CHECK FAILED (diff -4)

############ vqe_16 ############
Executing vqe_16 benchmark.
Embedding progress:
x_length: 9.0 y_length: 9.0 z_length: 45
Space-time volume: 3645.0
Time: 45
Space: 81.0
Compilation time: 142.00192189216614
Interactive pipe diagram written to: result/visualization/vqe_16_interactive.html
QASM H-gate count: 84
H-boxes kept as cubes (on an output-port wire): 0
Expected collars (odd-length H runs, H*H=I cancelled): 82
Rendered yellow-collar count: 82
SAFETY CHECK PASSED

############ bv_16 ############
Executing bv_16 benchmark.
Embedding progress:
x_length: 9.0 y_length: 9.0 z_length: 6
Space-time volume: 486.0
Time: 6
Space: 81.0
Compilation time: 13.24165964126587
Interactive pipe diagram written to: result/visualization/bv_16_interactive.html
QASM H-gate count: 21
H-boxes kept as cubes (on an output-port wire): 0
Expected collars (odd-length H runs, H*H=I cancelled): 21
Rendered yellow-collar count: 21
SAFETY CHECK PASSED

############ dj_16 ############
Executing dj_16 benchmark.
Embedding progress:
x_length: 9.0 y_length: 9.0 z_length: 8
Space-time volume: 648.0
Time: 8
Space: 81.0
Compilation time: 14.844578981399536
Interactive pipe diagram written to: result/visualization/dj_16_interactive.html
QASM H-gate count: 31
H-boxes kept as cubes (on an output-port wire): 0
Expected collars (odd-length H runs, H*H=I cancelled): 31
Rendered yellow-collar count: 31
SAFETY CHECK PASSED

############ ghz_16 ############
Executing ghz_16 benchmark.
Embedding progress:
x_length: 9.0 y_length: 9.0 z_length: 12
Space-time volume: 972.0
Time: 12
Space: 81.0
Compilation time: 66.57467889785767
Interactive pipe diagram written to: result/visualization/ghz_16_interactive.html
QASM H-gate count: 1
H-boxes kept as cubes (on an output-port wire): 0
Expected collars (odd-length H runs, H*H=I cancelled): 1
Rendered yellow-collar count: 1
SAFETY CHECK PASSED

############ wstate_16 ############
Executing wstate_16 benchmark.
Embedding progress:
x_length: 9.0 y_length: 9.0 z_length: 102
Space-time volume: 8262.0
Time: 102
Space: 81.0
Compilation time: 130.17744731903076
Interactive pipe diagram written to: result/visualization/wstate_16_interactive.html
QASM H-gate count: 74
H-boxes kept as cubes (on an output-port wire): 0
Expected collars (odd-length H runs, H*H=I cancelled): 74
Rendered yellow-collar count: 74
SAFETY CHECK PASSED
