Executing qaoa_16 benchmark.
HTable: 48 same-qubit H, 0 cross-qubit H, 574 registered nodes
Embedding progress:
x_length: 9.0 y_length: 9.0 z_length: 60
Space-time volume: 4860.0
Time: 60
Space: 81.0
Compilation time: 234.47334146499634
QASM H-gate count: 48
H-boxes kept as cubes (on an output-port wire): 1
Expected collars (odd-length H runs, H*H=I cancelled): 48
Rendered yellow-collar count: 46
SAFETY CHECK FAILED (diff -2)
=== tail trace: blocks 8-10 and every RETURN ===
FALLBACK block=2 at outer i=9: block_range=[11, 19] rows_=[0, 1, 2, 3, 4, 5, 6, 7, 8]
FALLBACK block=5 at outer i=17: block_range=[32, 40] rows_=[0, 1, 2, 3, 4, 5, 6, 7, 8]
FALLBACK block=6 at outer i=21: block_range=[40, 48] rows_=[0, 1, 2, 3, 4, 5, 6, 7, 8]
FALLBACK block=7 at outer i=24: block_range=[48, 56] rows_=[0, 1, 2, 3, 4, 5, 6, 7, 8]
outer i=25 block=8 leaving fallback-done block 7, input_mapping_flag=1
FALLBACK block=9 at outer i=30: block_range=[62, 70] rows_=[0, 1, 2, 3, 4, 5, 6, 7]
  j=1/7 block=9 nodes={'226': (5, 1), '227': (5, 1), '256': (2, 1), '261': (2, 1), '266': (2, 1), '271': (2, 1), '276': (2, 1), '281': (2, 1), '286': (2, 1), '291': (2, 1), '296': (2, 1), '301': (2, 1), '306': (2, 1), '311': (2, 1), '316': (2, 1), '321': (2, 1)}
  j=1 block=9 embedded by MCTS/ceiling tier; state has 48 nodes
  j=2/7 block=9 nodes={'228': (5, 1), '257': (2, 1), '262': (2, 1), '267': (2, 1), '272': (2, 1), '277': (2, 1), '282': (2, 1), '287': (2, 1), '292': (2, 1), '297': (2, 1), '302': (2, 1), '307': (2, 1), '312': (2, 1), '317': (2, 1), '322': (2, 1), '323': (2, 1)}
  j=2 block=9 embedded by MCTS/ceiling tier; state has 64 nodes
  j=3/7 block=9 nodes={'230': (1, 1), '231': (0, 1), '258': (2, 1), '263': (2, 1), '268': (2, 1), '273': (2, 1), '278': (2, 1), '283': (2, 1), '288': (2, 1), '293': (2, 1), '298': (2, 1), '303': (2, 1), '308': (2, 1), '313': (2, 1), '318': (2, 1), '324': (2, 1)}
  j=3 block=9 embedded by MCTS/ceiling tier; state has 80 nodes
  j=4/7 block=9 nodes={'234': (5, 1), '236': (5, 1), '259': (2, 1), '264': (2, 1), '269': (2, 1), '274': (2, 1), '279': (2, 1), '284': (2, 1), '289': (2, 1), '294': (2, 1), '299': (2, 1), '304': (2, 1), '309': (2, 1), '314': (2, 1), '319': (2, 1), '325': (2, 1)}
  j=4 block=9 embedded by MCTS/ceiling tier; state has 96 nodes
  j=5/7 block=9 nodes={'235': (5, 1), '237': (5, 1), '260': (2, 0), '265': (2, 0), '270': (2, 0), '275': (2, 0), '280': (2, 0), '285': (2, 0), '290': (2, 0), '295': (2, 0), '300': (2, 0), '305': (2, 0), '310': (2, 0), '315': (2, 0), '320': (2, 0), '326': (2, 0)}
  j=5 block=9 embedded by BRUTE FORCE (basic_embedding)
  j=6/7 block=9 nodes={'327': (3, 1), '328': (3, 1)}
  j=6 block=9 embedded by BRUTE FORCE (basic_embedding)
  j=7/7 block=9 nodes={}
RETURN j-loop seal block=9 j=7
