################ qft_16 (-b 20) ################
=== qft_16 ===

outer (zx_optimization ran)
  H_BOX chains total : 360  (lengths: {1: 328, 2: 32})
  odd chains (= flags): 328

fallback (no zx_optimization)
  H_BOX chains total : 360  (lengths: {1: 328, 2: 32})
  odd chains (= flags): 328

=== identity agreement between the two namespaces ===
  distinct odd-chain identities, outer   : 328
  distinct odd-chain identities, fallback: 328
  identities in BOTH                     : 328
  only in outer                          : 0
  only in fallback                       : 0
  identities NOT unique within outer     : 0
  identities NOT unique within fallback  : 0

=== verdict ===
(qubit, row) chain identity is USABLE: bijective across both
namespaces and unique within each -- the Bug 8 fix can key on it.

=== odd chains and the edge each flags (outer graph) ===
  id=((0, 383),)  hbox=[2251]  flags_edge=[1313, 1331]
  id=((0, 414),)  hbox=[2273]  flags_edge=[1416, 1442]
  id=((0, 417),)  hbox=[2275]  flags_edge=[1443, 1459]
  id=((0, 428),)  hbox=[2278]  flags_edge=[1465, 1477]
  id=((0, 431),)  hbox=[2282]  flags_edge=[1478, 1494]
  id=((0, 439),)  hbox=[2288]  flags_edge=[1512, 1529]
  id=((0, 442),)  hbox=[2291]  flags_edge=[1530, 1547]
  id=((0, 451),)  hbox=[2294]  flags_edge=[1547, 1561]
  id=((0, 478),)  hbox=[2307]  flags_edge=[1637, 1655]
  id=((0, 500),)  hbox=[2332]  flags_edge=[1755, 1767]
  id=((0, 503),)  hbox=[2333]  flags_edge=[1768, 1778]
  id=((0, 506),)  hbox=[2335]  flags_edge=[1778, 1786]
  id=((0, 509),)  hbox=[2337]  flags_edge=[1787, 1800]
  id=((0, 517),)  hbox=[2343]  flags_edge=[1811, 1816]
  id=((0, 520),)  hbox=[2344]  flags_edge=[1817, 1826]
  id=((0, 527),)  hbox=[2350]  flags_edge=[1844, 1853]
  id=((0, 530),)  hbox=[2353]  flags_edge=[1854, 1863]
  id=((0, 532),)  hbox=[2356]  flags_edge=[1863, 1873]
  id=((0, 544),)  hbox=[2364]  flags_edge=[1895, 1913]
  id=((0, 548),)  hbox=[2368]  flags_edge=[1913, 1926]
  id=((0, 554),)  hbox=[2371]  flags_edge=[1932, 1942]
  id=((0, 557),)  hbox=[2374]  flags_edge=[1943, 1953]
  id=((1, 348),)  hbox=[2224]  flags_edge=[1167, 1186]
  id=((1, 355),)  hbox=[2231]  flags_edge=[1208, 1226]
  id=((1, 358),)  hbox=[2235]  flags_edge=[1227, 1246]
  id=((1, 366),)  hbox=[2240]  flags_edge=[1246, 1264]
  id=((1, 511),)  hbox=[2338]  flags_edge=[1789, 1802]
  id=((1, 546),)  hbox=[2365]  flags_edge=[1901, 1914]
  id=((1, 550),)  hbox=[2369]  flags_edge=[1915, 1927]
  id=((1, 555),)  hbox=[2372]  flags_edge=[1934, 1945]
  id=((1, 558),)  hbox=[2375]  flags_edge=[1945, 1958]
  id=((1, 565),)  hbox=[2379]  flags_edge=[1960, 1965]
  id=((1, 568),)  hbox=[2381]  flags_edge=[1966, 1971]
  id=((2, 271),)  hbox=[2164]  flags_edge=[886, 905]
  id=((2, 281),)  hbox=[2170]  flags_edge=[906, 935]
  id=((2, 284),)  hbox=[2177]  flags_edge=[936, 958]
  id=((2, 292),)  hbox=[2185]  flags_edge=[968, 992]
  id=((2, 454),)  hbox=[2295]  flags_edge=[1549, 1562]
  id=((2, 464),)  hbox=[2296]  flags_edge=[1575, 1589]
  id=((2, 468),)  hbox=[2298]  flags_edge=[1590, 1602]
  id=((2, 478),)  hbox=[2304]  flags_edge=[1629, 1648]
  id=((2, 482),)  hbox=[2309]  flags_edge=[1649, 1665]
  id=((2, 484),)  hbox=[2312]  flags_edge=[1665, 1680]
  id=((2, 488),)  hbox=[2316]  flags_edge=[1681, 1700]
  id=((2, 511),)  hbox=[2339]  flags_edge=[1791, 1836]
  id=((2, 534),)  hbox=[2357]  flags_edge=[1868, 1882]
  id=((2, 538),)  hbox=[2359]  flags_edge=[1882, 1897]
  id=((2, 546),)  hbox=[2366]  flags_edge=[1903, 1916]
  id=((2, 550),)  hbox=[2370]  flags_edge=[1917, 1929]
  id=((3, 329),)  hbox=[2212]  flags_edge=[1102, 1118]
  id=((3, 348),)  hbox=[2225]  flags_edge=[1171, 1188]
  id=((3, 353),)  hbox=[2227]  flags_edge=[1189, 1210]
  id=((3, 366),)  hbox=[2238]  flags_edge=[1238, 1256]
  id=((3, 371),)  hbox=[2243]  flags_edge=[1257, 1274]
  id=((3, 377),)  hbox=[2246]  flags_edge=[1274, 1292]
  id=((3, 445),)  hbox=[2289]  flags_edge=[1522, 1542]
  id=((3, 451),)  hbox=[2292]  flags_edge=[1543, 1616]
  id=((3, 486),)  hbox=[2314]  flags_edge=[1674, 1693]
  id=((3, 490),)  hbox=[2318]  flags_edge=[1694, 1711]
  id=((3, 494),)  hbox=[2323]  flags_edge=[1719, 1737]
  id=((3, 498),)  hbox=[2329]  flags_edge=[1738, 1756]
  id=((3, 504),)  hbox=[2334]  flags_edge=[1772, 1807]
  id=((3, 523),)  hbox=[2348]  flags_edge=[1834, 1847]
  id=((3, 527),)  hbox=[2352]  flags_edge=[1847, 1856]
  id=((3, 532),)  hbox=[2354]  flags_edge=[1859, 1869]
  id=((3, 536),)  hbox=[2358]  flags_edge=[1870, 1883]
  id=((4, 142),)  hbox=[2065]  flags_edge=[389, 408]
  id=((4, 186),)  hbox=[2099]  flags_edge=[553, 569]
  id=((4, 189),)  hbox=[2102]  flags_edge=[570, 590]
  id=((4, 197),)  hbox=[2106]  flags_edge=[590, 613]
  id=((4, 203),)  hbox=[2110]  flags_edge=[614, 635]
  id=((4, 215),)  hbox=[2119]  flags_edge=[658, 677]
  id=((4, 218),)  hbox=[2125]  flags_edge=[678, 700]
  id=((4, 223),)  hbox=[2130]  flags_edge=[700, 766]
  id=((4, 288),)  hbox=[2180]  flags_edge=[950, 969]
  id=((4, 298),)  hbox=[2189]  flags_edge=[997, 1016]
  id=((4, 301),)  hbox=[2193]  flags_edge=[1017, 1034]
  id=((4, 306),)  hbox=[2200]  flags_edge=[1034, 1056]
  id=((4, 315),)  hbox=[2204]  flags_edge=[1057, 1073]
  id=((4, 327),)  hbox=[2210]  flags_edge=[1095, 1114]
  id=((4, 331),)  hbox=[2215]  flags_edge=[1115, 1128]
  id=((4, 336),)  hbox=[2219]  flags_edge=[1128, 1143]
  id=((4, 417),)  hbox=[2271]  flags_edge=[1420, 1438]
  id=((4, 422),)  hbox=[2274]  flags_edge=[1439, 1452]
  id=((4, 435),)  hbox=[2285]  flags_edge=[1490, 1505]
  id=((4, 445),)  hbox=[2290]  flags_edge=[1524, 1544]
  id=((4, 451),)  hbox=[2293]  flags_edge=[1545, 1558]
  id=((4, 474),)  hbox=[2300]  flags_edge=[1611, 1630]
  id=((4, 478),)  hbox=[2305]  flags_edge=[1631, 1650]
  id=((4, 484),)  hbox=[2313]  flags_edge=[1667, 1683]
  id=((4, 490),)  hbox=[2319]  flags_edge=[1704, 1721]
  id=((4, 493),)  hbox=[2324]  flags_edge=[1722, 1739]
  id=((4, 507),)  hbox=[2336]  flags_edge=[1785, 1799]
  id=((4, 510),)  hbox=[2340]  flags_edge=[1799, 1815]
  id=((4, 517),)  hbox=[2345]  flags_edge=[1819, 1827]
  id=((4, 523),)  hbox=[2347]  flags_edge=[1828, 1839]
  id=((5, 241),)  hbox=[2140]  flags_edge=[752, 776]
  id=((5, 252),)  hbox=[2145]  flags_edge=[797, 820]
  id=((5, 256),)  hbox=[2151]  flags_edge=[821, 841]
  id=((5, 261),)  hbox=[2155]  flags_edge=[841, 871]
  id=((5, 284),)  hbox=[2172]  flags_edge=[926, 951]
  id=((5, 293),)  hbox=[2186]  flags_edge=[972, 998]
  id=((5, 298),)  hbox=[2190]  flags_edge=[999, 1019]
  id=((5, 301),)  hbox=[2195]  flags_edge=[1019, 1035]
  id=((5, 346),)  hbox=[2223]  flags_edge=[1161, 1179]
  id=((5, 356),)  hbox=[2228]  flags_edge=[1200, 1221]
  id=((5, 362),)  hbox=[2233]  flags_edge=[1222, 1240]
  id=((5, 369),)  hbox=[2241]  flags_edge=[1249, 1344]
  id=((5, 407),)  hbox=[2267]  flags_edge=[1390, 1401]
  id=((5, 417),)  hbox=[2272]  flags_edge=[1422, 1440]
  id=((5, 427),)  hbox=[2276]  flags_edge=[1455, 1466]
  id=((5, 431),)  hbox=[2281]  flags_edge=[1473, 1491]
  id=((5, 435),)  hbox=[2286]  flags_edge=[1492, 1507]
  id=((5, 478),)  hbox=[2308]  flags_edge=[1641, 1660]
  id=((5, 481),)  hbox=[2310]  flags_edge=[1661, 1676]
  id=((5, 485),)  hbox=[2317]  flags_edge=[1677, 1706]
  id=((5, 489),)  hbox=[2320]  flags_edge=[1706, 1724]
  id=((5, 495),)  hbox=[2327]  flags_edge=[1732, 1750]
  id=((5, 498),)  hbox=[2330]  flags_edge=[1751, 1763]
  id=((6, 214),)  hbox=[2121]  flags_edge=[660, 680]
  id=((6, 218),)  hbox=[2126]  flags_edge=[680, 701]
  id=((6, 226),)  hbox=[2131]  flags_edge=[702, 725]
  id=((6, 234),)  hbox=[2136]  flags_edge=[731, 753]
  id=((6, 253),)  hbox=[2149]  flags_edge=[812, 834]
  id=((6, 258),)  hbox=[2153]  flags_edge=[834, 853]
  id=((6, 264),)  hbox=[2157]  flags_edge=[854, 873]
  id=((6, 269),)  hbox=[2162]  flags_edge=[873, 887]
  id=((6, 273),)  hbox=[2165]  flags_edge=[888, 907]
  id=((6, 284),)  hbox=[2173]  flags_edge=[928, 953]
  id=((6, 289),)  hbox=[2181]  flags_edge=[954, 974]
  id=((6, 293),)  hbox=[2188]  flags_edge=[974, 1001]
  id=((6, 379),)  hbox=[2249]  flags_edge=[1287, 1308]
  id=((6, 472),)  hbox=[2301]  flags_edge=[1613, 1632]
  id=((6, 475),)  hbox=[2306]  flags_edge=[1633, 1653]
  id=((6, 479),)  hbox=[2311]  flags_edge=[1663, 1679]
  id=((6, 485),)  hbox=[2315]  flags_edge=[1679, 1697]
  id=((6, 491),)  hbox=[2321]  flags_edge=[1708, 1725]
  id=((6, 495),)  hbox=[2325]  flags_edge=[1726, 1742]
  id=((7, 171),)  hbox=[2088]  flags_edge=[497, 509]
  id=((7, 180),)  hbox=[2093]  flags_edge=[527, 541]
  id=((7, 184),)  hbox=[2096]  flags_edge=[542, 557]
  id=((7, 190),)  hbox=[2101]  flags_edge=[557, 571]
  id=((7, 301),)  hbox=[2191]  flags_edge=[1011, 1026]
  id=((7, 312),)  hbox=[2203]  flags_edge=[1049, 1068]
  id=((7, 318),)  hbox=[2206]  flags_edge=[1069, 1104]
  id=((7, 329),)  hbox=[2213]  flags_edge=[1104, 1121]
  id=((7, 333),)  hbox=[2216]  flags_edge=[1122, 1138]
  id=((7, 371),)  hbox=[2244]  flags_edge=[1258, 1277]
  id=((7, 377),)  hbox=[2247]  flags_edge=[1278, 1295]
  id=((7, 409),)  hbox=[2269]  flags_edge=[1398, 1411]
  id=((7, 414),)  hbox=[2270]  flags_edge=[1412, 1460]
  id=((7, 429),)  hbox=[2279]  flags_edge=[1469, 1482]
  id=((7, 433),)  hbox=[2284]  flags_edge=[1487, 1509]
  id=((7, 439),)  hbox=[2287]  flags_edge=[1510, 1527]
  id=((7, 462),)  hbox=[2297]  flags_edge=[1586, 1598]
  id=((7, 465),)  hbox=[2299]  flags_edge=[1598, 1615]
  id=((7, 470),)  hbox=[2302]  flags_edge=[1623, 1643]
  id=((8, 142),)  hbox=[2064]  flags_edge=[386, 400]
  id=((8, 148),)  hbox=[2068]  flags_edge=[400, 419]
  id=((8, 153),)  hbox=[2073]  flags_edge=[420, 445]
  id=((8, 157),)  hbox=[2077]  flags_edge=[445, 462]
  id=((8, 195),)  hbox=[2103]  flags_edge=[574, 593]
  id=((8, 205),)  hbox=[2111]  flags_edge=[620, 639]
  id=((8, 210),)  hbox=[2114]  flags_edge=[640, 662]
  id=((8, 253),)  hbox=[2146]  flags_edge=[798, 917]
  id=((8, 293),)  hbox=[2187]  flags_edge=[973, 1002]
  id=((8, 356),)  hbox=[2229]  flags_edge=[1204, 1228]
  id=((8, 379),)  hbox=[2250]  flags_edge=[1290, 1310]
  id=((8, 426),)  hbox=[2277]  flags_edge=[1457, 1501]
  id=((8, 470),)  hbox=[2303]  flags_edge=[1625, 1645]
  id=((9, 1),)  hbox=[1991]  flags_edge=[9, 162]
  id=((9, 68),)  hbox=[2030]  flags_edge=[162, 170]
  id=((9, 71),)  hbox=[2032]  flags_edge=[171, 179]
  id=((9, 75),)  hbox=[2033]  flags_edge=[179, 191]
  id=((9, 164),)  hbox=[2080]  flags_edge=[465, 485]
  id=((9, 169),)  hbox=[2086]  flags_edge=[486, 602]
  id=((9, 215),)  hbox=[2122]  flags_edge=[661, 683]
  id=((9, 237),)  hbox=[2138]  flags_edge=[745, 833]
  id=((9, 269),)  hbox=[2161]  flags_edge=[872, 889]
  id=((9, 273),)  hbox=[2166]  flags_edge=[890, 960]
  id=((9, 301),)  hbox=[2194]  flags_edge=[1018, 1039]
  id=((9, 308),)  hbox=[2201]  flags_edge=[1040, 1085]
  id=((9, 356),)  hbox=[2232]  flags_edge=[1209, 1233]
  id=((9, 359),)  hbox=[2237]  flags_edge=[1234, 1253]
  id=((9, 368),)  hbox=[2242]  flags_edge=[1254, 1266]
  id=((9, 377),)  hbox=[2248]  flags_edge=[1280, 1298]
  id=((9, 384),)  hbox=[2254]  flags_edge=[1319, 1340]
  id=((9, 387),)  hbox=[2260]  flags_edge=[1341, 1357]
  id=((9, 399),)  hbox=[2264]  flags_edge=[1376, 1391]
  id=((9, 407),)  hbox=[2268]  flags_edge=[1393, 1413]
  id=((9, 428),)  hbox=[2280]  flags_edge=[1471, 1484]
  id=((9, 431),)  hbox=[2283]  flags_edge=[1485, 1499]
  id=((9, 491),)  hbox=[2322]  flags_edge=[1710, 1727]
  id=((9, 495),)  hbox=[2326]  flags_edge=[1728, 1744]
  id=((10, 153),)  hbox=[2074]  flags_edge=[422, 446]
  id=((10, 164),)  hbox=[2081]  flags_edge=[467, 487]
  id=((10, 169),)  hbox=[2087]  flags_edge=[488, 535]
  id=((10, 184),)  hbox=[2097]  flags_edge=[544, 558]
  id=((10, 195),)  hbox=[2104]  flags_edge=[576, 595]
  id=((10, 199),)  hbox=[2107]  flags_edge=[596, 623]
  id=((10, 214),)  hbox=[2117]  flags_edge=[649, 670]
  id=((10, 223),)  hbox=[2128]  flags_edge=[691, 715]
  id=((10, 230),)  hbox=[2133]  flags_edge=[716, 734]
  id=((10, 247),)  hbox=[2141]  flags_edge=[781, 800]
  id=((10, 256),)  hbox=[2152]  flags_edge=[825, 845]
  id=((10, 261),)  hbox=[2156]  flags_edge=[846, 865]
  id=((10, 269),)  hbox=[2160]  flags_edge=[870, 891]
  id=((10, 273),)  hbox=[2167]  flags_edge=[892, 909]
  id=((10, 284),)  hbox=[2175]  flags_edge=[931, 983]
  id=((10, 306),)  hbox=[2199]  flags_edge=[1033, 1061]
  id=((10, 346),)  hbox=[2221]  flags_edge=[1154, 1196]
  id=((10, 368),)  hbox=[2245]  flags_edge=[1263, 1281]
  id=((10, 383),)  hbox=[2255]  flags_edge=[1321, 1342]
  id=((10, 386),)  hbox=[2261]  flags_edge=[1343, 1359]
  id=((10, 495),)  hbox=[2328]  flags_edge=[1736, 1752]
  id=((10, 498),)  hbox=[2331]  flags_edge=[1753, 1765]
  id=((11, 50),)  hbox=[2018]  flags_edge=[115, 132]
  id=((11, 57),)  hbox=[2022]  flags_edge=[132, 142]
  id=((11, 63),)  hbox=[2025]  flags_edge=[143, 152]
  id=((11, 68),)  hbox=[2028]  flags_edge=[157, 166]
  id=((11, 93),)  hbox=[2042]  flags_edge=[227, 244]
  id=((11, 150),)  hbox=[2070]  flags_edge=[414, 436]
  id=((11, 157),)  hbox=[2075]  flags_edge=[437, 473]
  id=((11, 166),)  hbox=[2084]  flags_edge=[473, 500]
  id=((11, 171),)  hbox=[2089]  flags_edge=[501, 511]
  id=((11, 210),)  hbox=[2115]  flags_edge=[642, 679]
  id=((11, 230),)  hbox=[2135]  flags_edge=[724, 746]
  id=((11, 237),)  hbox=[2139]  flags_edge=[747, 786]
  id=((11, 264),)  hbox=[2158]  flags_edge=[857, 874]
  id=((11, 269),)  hbox=[2163]  flags_edge=[875, 893]
  id=((11, 278),)  hbox=[2168]  flags_edge=[912, 932]
  id=((11, 284),)  hbox=[2178]  flags_edge=[937, 963]
  id=((11, 290),)  hbox=[2183]  flags_edge=[964, 988]
  id=((11, 305),)  hbox=[2198]  flags_edge=[1031, 1063]
  id=((11, 314),)  hbox=[2205]  flags_edge=[1064, 1080]
  id=((11, 352),)  hbox=[2230]  flags_edge=[1206, 1224]
  id=((11, 355),)  hbox=[2234]  flags_edge=[1225, 1243]
  id=((11, 517),)  hbox=[2346]  flags_edge=[1821, 1829]
  id=((12, 48),)  hbox=[2016]  flags_edge=[106, 116]
  id=((12, 57),)  hbox=[2020]  flags_edge=[129, 135]
  id=((12, 61),)  hbox=[2023]  flags_edge=[136, 148]
  id=((12, 84),)  hbox=[2036]  flags_edge=[200, 212]
  id=((12, 90),)  hbox=[2039]  flags_edge=[217, 236]
  id=((12, 96),)  hbox=[2044]  flags_edge=[237, 249]
  id=((12, 136),)  hbox=[2058]  flags_edge=[364, 399]
  id=((12, 157),)  hbox=[2076]  flags_edge=[444, 468]
  id=((12, 163),)  hbox=[2082]  flags_edge=[469, 515]
  id=((12, 190),)  hbox=[2100]  flags_edge=[556, 577]
  id=((12, 194),)  hbox=[2105]  flags_edge=[578, 597]
  id=((12, 199),)  hbox=[2108]  flags_edge=[598, 615]
  id=((12, 204),)  hbox=[2112]  flags_edge=[632, 651]
  id=((12, 214),)  hbox=[2120]  flags_edge=[659, 685]
  id=((12, 217),)  hbox=[2127]  flags_edge=[686, 707]
  id=((12, 266),)  hbox=[2159]  flags_edge=[869, 913]
  id=((12, 288),)  hbox=[2182]  flags_edge=[957, 980]
  id=((12, 300),)  hbox=[2197]  flags_edge=[1023, 1041]
  id=((12, 303),)  hbox=[2202]  flags_edge=[1042, 1054]
  id=((12, 326),)  hbox=[2214]  flags_edge=[1110, 1123]
  id=((12, 329),)  hbox=[2217]  flags_edge=[1124, 1141]
  id=((12, 532),)  hbox=[2355]  flags_edge=[1861, 1871]
  id=((13, 20),)  hbox=[1999]  flags_edge=[43, 49]
  id=((13, 22),)  hbox=[2002]  flags_edge=[49, 57]
  id=((13, 27),)  hbox=[2005]  flags_edge=[58, 64]
  id=((13, 32),)  hbox=[2007]  flags_edge=[67, 120]
  id=((13, 65),)  hbox=[2026]  flags_edge=[147, 172]
  id=((13, 96),)  hbox=[2045]  flags_edge=[239, 251]
  id=((13, 99),)  hbox=[2046]  flags_edge=[252, 273]
  id=((13, 111),)  hbox=[2048]  flags_edge=[273, 294]
  id=((13, 115),)  hbox=[2049]  flags_edge=[295, 309]
  id=((13, 125),)  hbox=[2054]  flags_edge=[326, 339]
  id=((13, 129),)  hbox=[2056]  flags_edge=[340, 351]
  id=((13, 136),)  hbox=[2059]  flags_edge=[366, 375]
  id=((13, 144),)  hbox=[2066]  flags_edge=[394, 416]
  id=((13, 150),)  hbox=[2072]  flags_edge=[417, 438]
  id=((13, 161),)  hbox=[2079]  flags_edge=[456, 478]
  id=((13, 169),)  hbox=[2085]  flags_edge=[483, 505]
  id=((13, 172),)  hbox=[2090]  flags_edge=[506, 519]
  id=((13, 199),)  hbox=[2109]  flags_edge=[600, 625]
  id=((13, 229),)  hbox=[2134]  flags_edge=[719, 737]
  id=((13, 232),)  hbox=[2137]  flags_edge=[738, 761]
  id=((13, 246),)  hbox=[2142]  flags_edge=[783, 803]
  id=((13, 252),)  hbox=[2148]  flags_edge=[806, 836]
  id=((13, 255),)  hbox=[2154]  flags_edge=[837, 858]
  id=((13, 283),)  hbox=[2179]  flags_edge=[945, 965]
  id=((13, 286),)  hbox=[2184]  flags_edge=[966, 990]
  id=((13, 546),)  hbox=[2367]  flags_edge=[1905, 1918]
  id=((14, 1),)  hbox=[1992]  flags_edge=[14, 21]
  id=((14, 4),)  hbox=[1995]  flags_edge=[21, 23]
  id=((14, 7),)  hbox=[1996]  flags_edge=[24, 27]
  id=((14, 9),)  hbox=[1997]  flags_edge=[27, 33]
  id=((14, 32),)  hbox=[2008]  flags_edge=[69, 78]
  id=((14, 35),)  hbox=[2009]  flags_edge=[79, 84]
  id=((14, 42),)  hbox=[2012]  flags_edge=[92, 98]
  id=((14, 46),)  hbox=[2014]  flags_edge=[101, 110]
  id=((14, 50),)  hbox=[2017]  flags_edge=[111, 122]
  id=((14, 54),)  hbox=[2019]  flags_edge=[123, 131]
  id=((14, 68),)  hbox=[2029]  flags_edge=[159, 168]
  id=((14, 71),)  hbox=[2031]  flags_edge=[169, 176]
  id=((14, 78),)  hbox=[2034]  flags_edge=[188, 201]
  id=((14, 84),)  hbox=[2037]  flags_edge=[207, 221]
  id=((14, 87),)  hbox=[2040]  flags_edge=[222, 240]
  id=((14, 125),)  hbox=[2055]  flags_edge=[328, 341]
  id=((14, 129),)  hbox=[2057]  flags_edge=[342, 349]
  id=((14, 136),)  hbox=[2060]  flags_edge=[368, 377]
  id=((14, 141),)  hbox=[2063]  flags_edge=[383, 404]
  id=((14, 148),)  hbox=[2069]  flags_edge=[405, 426]
  id=((14, 179),)  hbox=[2095]  flags_edge=[540, 547]
  id=((14, 203),)  hbox=[2113]  flags_edge=[634, 653]
  id=((14, 246),)  hbox=[2144]  flags_edge=[793, 816]
  id=((14, 249),)  hbox=[2150]  flags_edge=[817, 838]
  id=((14, 565),)  hbox=[2380]  flags_edge=[1962, 1967]
  id=((14, 568),)  hbox=[2382]  flags_edge=[1968, 1973]
  id=((15, 14),)  hbox=[1998]  flags_edge=[36, 38]
  id=((15, 20),)  hbox=[2000]  flags_edge=[45, 50]
  id=((15, 23),)  hbox=[2003]  flags_edge=[51, 55]
  id=((15, 27),)  hbox=[2006]  flags_edge=[62, 70]
  id=((15, 34),)  hbox=[2010]  flags_edge=[81, 86]
  id=((15, 37),)  hbox=[2011]  flags_edge=[87, 93]
  id=((15, 42),)  hbox=[2013]  flags_edge=[95, 103]
  id=((15, 45),)  hbox=[2015]  flags_edge=[104, 112]
  id=((15, 63),)  hbox=[2027]  flags_edge=[155, 161]
  id=((15, 77),)  hbox=[2035]  flags_edge=[190, 203]
  id=((15, 93),)  hbox=[2043]  flags_edge=[231, 253]
  id=((15, 96),)  hbox=[2047]  flags_edge=[254, 265]
  id=((15, 154),)  hbox=[2078]  flags_edge=[450, 471]
  id=((15, 157),)  hbox=[2083]  flags_edge=[472, 492]
  id=((15, 554),)  hbox=[2373]  flags_edge=[1936, 1946]
  id=((15, 557),)  hbox=[2376]  flags_edge=[1947, 1990]

################ qpe_16 (-b 20) ################
=== qpe_16 ===

outer (zx_optimization ran)
  H_BOX chains total : 407  (lengths: {1: 372, 2: 34, 3: 1})
  odd chains (= flags): 373

fallback (no zx_optimization)
  H_BOX chains total : 407  (lengths: {1: 372, 2: 34, 3: 1})
  odd chains (= flags): 373

=== identity agreement between the two namespaces ===
  distinct odd-chain identities, outer   : 373
  distinct odd-chain identities, fallback: 373
  identities in BOTH                     : 373
  only in outer                          : 0
  only in fallback                       : 0
  identities NOT unique within outer     : 0
  identities NOT unique within fallback  : 0

=== verdict ===
(qubit, row) chain identity is USABLE: bijective across both
namespaces and unique within each -- the Bug 8 fix can key on it.

=== odd chains and the edge each flags (outer graph) ===
  id=((0, 4),)  hbox=[2080]  flags_edge=[34, 36]
  id=((0, 7),)  hbox=[2081]  flags_edge=[37, 40]
  id=((0, 11),)  hbox=[2083]  flags_edge=[42, 45]
  id=((0, 14),)  hbox=[2085]  flags_edge=[46, 51]
  id=((0, 141),)  hbox=[2190]  flags_edge=[444, 460]
  id=((0, 146),)  hbox=[2194]  flags_edge=[460, 478]
  id=((0, 155),)  hbox=[2200]  flags_edge=[482, 493]
  id=((0, 158),)  hbox=[2204]  flags_edge=[494, 504]
  id=((0, 167),)  hbox=[2208]  flags_edge=[514, 519]
  id=((0, 173),)  hbox=[2211]  flags_edge=[526, 530]
  id=((0, 176),)  hbox=[2213]  flags_edge=[531, 534]
  id=((0, 178),)  hbox=[2215]  flags_edge=[534, 537]
  id=((0, 194),)  hbox=[2219]  flags_edge=[565, 574]
  id=((0, 201),)  hbox=[2224]  flags_edge=[587, 595]
  id=((0, 204),)  hbox=[2227]  flags_edge=[596, 604]
  id=((0, 206),)  hbox=[2229]  flags_edge=[604, 614]
  id=((0, 258),)  hbox=[2259]  flags_edge=[772, 785]
  id=((0, 268),)  hbox=[2269]  flags_edge=[806, 821]
  id=((0, 271),)  hbox=[2272]  flags_edge=[822, 845]
  id=((0, 280),)  hbox=[2277]  flags_edge=[845, 862]
  id=((1, 12),)  hbox=[2087]  flags_edge=[50, 55]
  id=((1, 15),)  hbox=[2089]  flags_edge=[56, 60]
  id=((1, 19),)  hbox=[2091]  flags_edge=[62, 67]
  id=((1, 22),)  hbox=[2093]  flags_edge=[68, 73]
  id=((1, 137),)  hbox=[2187]  flags_edge=[430, 446]
  id=((1, 142),)  hbox=[2191]  flags_edge=[446, 470]
  id=((1, 153),)  hbox=[2198]  flags_edge=[473, 483]
  id=((1, 156),)  hbox=[2201]  flags_edge=[484, 495]
  id=((1, 167),)  hbox=[2209]  flags_edge=[516, 521]
  id=((1, 241),)  hbox=[2244]  flags_edge=[707, 723]
  id=((1, 252),)  hbox=[2251]  flags_edge=[741, 755]
  id=((1, 256),)  hbox=[2255]  flags_edge=[756, 774]
  id=((1, 259),)  hbox=[2261]  flags_edge=[774, 788]
  id=((1, 286),)  hbox=[2280]  flags_edge=[833, 872]
  id=((1, 289),)  hbox=[2286]  flags_edge=[872, 887]
  id=((1, 296),)  hbox=[2293]  flags_edge=[888, 909]
  id=((1, 303),)  hbox=[2297]  flags_edge=[909, 926]
  id=((1, 306),)  hbox=[2301]  flags_edge=[927, 943]
  id=((1, 317),)  hbox=[2308]  flags_edge=[967, 985]
  id=((1, 322),)  hbox=[2315]  flags_edge=[986, 1008]
  id=((1, 329),)  hbox=[2320]  flags_edge=[1008, 1035]
  id=((2, 22),)  hbox=[2095]  flags_edge=[72, 77]
  id=((2, 25),)  hbox=[2097]  flags_edge=[78, 82]
  id=((2, 29),)  hbox=[2098]  flags_edge=[84, 88]
  id=((2, 32),)  hbox=[2100]  flags_edge=[89, 94]
  id=((2, 127),)  hbox=[2173]  flags_edge=[381, 397]
  id=((2, 131),)  hbox=[2178]  flags_edge=[397, 432]
  id=((2, 142),)  hbox=[2188]  flags_edge=[436, 451]
  id=((2, 178),)  hbox=[2214]  flags_edge=[533, 539]
  id=((2, 182),)  hbox=[2216]  flags_edge=[540, 544]
  id=((2, 186),)  hbox=[2217]  flags_edge=[545, 553]
  id=((2, 192),)  hbox=[2218]  flags_edge=[558, 566]
  id=((2, 200),)  hbox=[2221]  flags_edge=[577, 602]
  id=((2, 209),)  hbox=[2230]  flags_edge=[608, 616]
  id=((2, 213),)  hbox=[2232]  flags_edge=[617, 629]
  id=((2, 218),)  hbox=[2234]  flags_edge=[629, 642]
  id=((2, 247),)  hbox=[2249]  flags_edge=[726, 742]
  id=((2, 256),)  hbox=[2256]  flags_edge=[758, 775]
  id=((2, 261),)  hbox=[2262]  flags_edge=[776, 790]
  id=((2, 266),)  hbox=[2265]  flags_edge=[790, 807]
  id=((2, 271),)  hbox=[2270]  flags_edge=[808, 825]
  id=((2, 283),)  hbox=[2278]  flags_edge=[847, 864]
  id=((2, 289),)  hbox=[2282]  flags_edge=[865, 880]
  id=((2, 291),)  hbox=[2289]  flags_edge=[880, 898]
  id=((2, 359),)  hbox=[2339]  flags_edge=[1119, 1143]
  id=((2, 368),)  hbox=[2349]  flags_edge=[1169, 1187]
  id=((2, 371),)  hbox=[2355]  flags_edge=[1188, 1203]
  id=((2, 378),)  hbox=[2358]  flags_edge=[1203, 1227]
  id=((3, 28),)  hbox=[2099]  flags_edge=[87, 92]
  id=((3, 31),)  hbox=[2101]  flags_edge=[93, 98]
  id=((3, 35),)  hbox=[2103]  flags_edge=[100, 105]
  id=((3, 38),)  hbox=[2105]  flags_edge=[106, 111]
  id=((3, 117),)  hbox=[2164]  flags_edge=[333, 353]
  id=((3, 121),)  hbox=[2168]  flags_edge=[353, 377]
  id=((3, 129),)  hbox=[2174]  flags_edge=[383, 398]
  id=((3, 133),)  hbox=[2179]  flags_edge=[399, 415]
  id=((3, 203),)  hbox=[2226]  flags_edge=[592, 601]
  id=((3, 220),)  hbox=[2235]  flags_edge=[636, 653]
  id=((3, 225),)  hbox=[2237]  flags_edge=[654, 667]
  id=((3, 243),)  hbox=[2245]  flags_edge=[709, 727]
  id=((3, 247),)  hbox=[2250]  flags_edge=[728, 745]
  id=((3, 253),)  hbox=[2253]  flags_edge=[745, 760]
  id=((3, 323),)  hbox=[2316]  flags_edge=[990, 1011]
  id=((3, 336),)  hbox=[2324]  flags_edge=[1037, 1055]
  id=((3, 340),)  hbox=[2328]  flags_edge=[1056, 1077]
  id=((3, 346),)  hbox=[2331]  flags_edge=[1077, 1091]
  id=((3, 380),)  hbox=[2359]  flags_edge=[1205, 1229]
  id=((3, 393),)  hbox=[2368]  flags_edge=[1252, 1278]
  id=((3, 396),)  hbox=[2373]  flags_edge=[1279, 1305]
  id=((3, 401),)  hbox=[2381]  flags_edge=[1305, 1327]
  id=((3, 438),)  hbox=[2406]  flags_edge=[1439, 1461]
  id=((3, 449),)  hbox=[2411]  flags_edge=[1481, 1497]
  id=((3, 452),)  hbox=[2415]  flags_edge=[1498, 1519]
  id=((3, 461),)  hbox=[2418]  flags_edge=[1519, 1541]
  id=((4, 38),)  hbox=[2106]  flags_edge=[110, 114]
  id=((4, 41),)  hbox=[2107]  flags_edge=[115, 118]
  id=((4, 45),)  hbox=[2109]  flags_edge=[120, 125]
  id=((4, 48),)  hbox=[2111]  flags_edge=[126, 131]
  id=((4, 102),)  hbox=[2142]  flags_edge=[263, 282]
  id=((4, 106),)  hbox=[2148]  flags_edge=[282, 301]
  id=((4, 113),)  hbox=[2158]  flags_edge=[313, 334]
  id=((4, 119),)  hbox=[2165]  flags_edge=[335, 354]
  id=((4, 194),)  hbox=[2220]  flags_edge=[569, 578]
  id=((4, 199),)  hbox=[2222]  flags_edge=[579, 605]
  id=((4, 209),)  hbox=[2231]  flags_edge=[612, 622]
  id=((4, 218),)  hbox=[2233]  flags_edge=[626, 645]
  id=((4, 223),)  hbox=[2236]  flags_edge=[646, 657]
  id=((4, 236),)  hbox=[2241]  flags_edge=[688, 701]
  id=((4, 253),)  hbox=[2252]  flags_edge=[744, 830]
  id=((4, 277),)  hbox=[2274]  flags_edge=[830, 848]
  id=((4, 283),)  hbox=[2279]  flags_edge=[849, 867]
  id=((4, 289),)  hbox=[2284]  flags_edge=[867, 881]
  id=((5, 1),)  hbox=[2071]  flags_edge=[5, 135]
  id=((5, 60),)  hbox=[2115]  flags_edge=[145, 151]
  id=((5, 63),)  hbox=[2117]  flags_edge=[152, 156]
  id=((5, 97),)  hbox=[2134]  flags_edge=[239, 254]
  id=((5, 102),)  hbox=[2139]  flags_edge=[254, 293]
  id=((5, 113),)  hbox=[2153]  flags_edge=[303, 322]
  id=((5, 117),)  hbox=[2161]  flags_edge=[323, 343]
  id=((5, 206),)  hbox=[2228]  flags_edge=[603, 624]
  id=((5, 266), (5, 269), (5, 271))  hbox=[2266, 2268, 2271]  flags_edge=[791, 829]
  id=((5, 289),)  hbox=[2283]  flags_edge=[866, 883]
  id=((5, 294),)  hbox=[2290]  flags_edge=[884, 900]
  id=((5, 358),)  hbox=[2338]  flags_edge=[1111, 1161]
  id=((5, 368),)  hbox=[2346]  flags_edge=[1161, 1182]
  id=((5, 373),)  hbox=[2352]  flags_edge=[1183, 1199]
  id=((5, 379),)  hbox=[2356]  flags_edge=[1199, 1216]
  id=((5, 382),)  hbox=[2361]  flags_edge=[1217, 1243]
  id=((5, 396),)  hbox=[2370]  flags_edge=[1270, 1294]
  id=((5, 401),)  hbox=[2378]  flags_edge=[1295, 1320]
  id=((5, 405),)  hbox=[2386]  flags_edge=[1320, 1341]
  id=((5, 491),)  hbox=[2440]  flags_edge=[1641, 1661]
  id=((5, 502),)  hbox=[2446]  flags_edge=[1682, 1704]
  id=((5, 505),)  hbox=[2450]  flags_edge=[1705, 1719]
  id=((5, 512),)  hbox=[2453]  flags_edge=[1719, 1731]
  id=((6, 1),)  hbox=[2072]  flags_edge=[6, 147]
  id=((6, 66),)  hbox=[2119]  flags_edge=[161, 166]
  id=((6, 69),)  hbox=[2121]  flags_edge=[167, 172]
  id=((6, 91),)  hbox=[2128]  flags_edge=[213, 225]
  id=((6, 94),)  hbox=[2130]  flags_edge=[225, 256]
  id=((6, 104),)  hbox=[2143]  flags_edge=[266, 283]
  id=((6, 109),)  hbox=[2149]  flags_edge=[284, 619]
  id=((6, 241),)  hbox=[2246]  flags_edge=[711, 749]
  id=((6, 266),)  hbox=[2264]  flags_edge=[789, 809]
  id=((6, 280),)  hbox=[2276]  flags_edge=[841, 859]
  id=((6, 286),)  hbox=[2281]  flags_edge=[860, 890]
  id=((6, 296),)  hbox=[2294]  flags_edge=[890, 912]
  id=((6, 303),)  hbox=[2298]  flags_edge=[913, 928]
  id=((6, 330),)  hbox=[2321]  flags_edge=[1014, 1219]
  id=((6, 397),)  hbox=[2374]  flags_edge=[1282, 1307]
  id=((6, 424),)  hbox=[2395]  flags_edge=[1381, 1396]
  id=((6, 429),)  hbox=[2398]  flags_edge=[1397, 1414]
  id=((6, 433),)  hbox=[2403]  flags_edge=[1414, 1431]
  id=((6, 505),)  hbox=[2447]  flags_edge=[1695, 1710]
  id=((6, 524),)  hbox=[2461]  flags_edge=[1755, 1772]
  id=((6, 527),)  hbox=[2466]  flags_edge=[1773, 1790]
  id=((6, 535),)  hbox=[2471]  flags_edge=[1790, 1805]
  id=((7, 1),)  hbox=[2073]  flags_edge=[7, 175]
  id=((7, 231),)  hbox=[2240]  flags_edge=[677, 695]
  id=((7, 238),)  hbox=[2242]  flags_edge=[696, 712]
  id=((7, 241),)  hbox=[2247]  flags_edge=[713, 732]
  id=((7, 259),)  hbox=[2260]  flags_edge=[773, 793]
  id=((7, 266),)  hbox=[2267]  flags_edge=[794, 834]
  id=((7, 291),)  hbox=[2288]  flags_edge=[879, 903]
  id=((7, 300),)  hbox=[2295]  flags_edge=[904, 921]
  id=((7, 305),)  hbox=[2300]  flags_edge=[922, 936]
  id=((7, 313),)  hbox=[2303]  flags_edge=[952, 970]
  id=((7, 321),)  hbox=[2312]  flags_edge=[979, 1000]
  id=((7, 326),)  hbox=[2317]  flags_edge=[1001, 1024]
  id=((7, 344),)  hbox=[2330]  flags_edge=[1068, 1084]
  id=((7, 348),)  hbox=[2333]  flags_edge=[1085, 1102]
  id=((7, 361),)  hbox=[2340]  flags_edge=[1124, 1145]
  id=((7, 386),)  hbox=[2365]  flags_edge=[1233, 1257]
  id=((7, 397),)  hbox=[2375]  flags_edge=[1284, 1309]
  id=((7, 405),)  hbox=[2382]  flags_edge=[1310, 1332]
  id=((7, 537),)  hbox=[2472]  flags_edge=[1792, 1807]
  id=((7, 543),)  hbox=[2476]  flags_edge=[1822, 1832]
  id=((7, 546),)  hbox=[2480]  flags_edge=[1833, 1842]
  id=((7, 551),)  hbox=[2483]  flags_edge=[1842, 1854]
  id=((8, 1),)  hbox=[2074]  flags_edge=[8, 187]
  id=((8, 84),)  hbox=[2125]  flags_edge=[193, 199]
  id=((8, 87),)  hbox=[2126]  flags_edge=[200, 206]
  id=((8, 104),)  hbox=[2144]  flags_edge=[268, 285]
  id=((8, 109),)  hbox=[2150]  flags_edge=[286, 304]
  id=((8, 238),)  hbox=[2243]  flags_edge=[697, 721]
  id=((8, 241),)  hbox=[2248]  flags_edge=[722, 736]
  id=((8, 313),)  hbox=[2304]  flags_edge=[954, 1021]
  id=((8, 348),)  hbox=[2334]  flags_edge=[1087, 1104]
  id=((8, 354),)  hbox=[2337]  flags_edge=[1105, 1125]
  id=((8, 367),)  hbox=[2344]  flags_edge=[1148, 1171]
  id=((8, 371),)  hbox=[2351]  flags_edge=[1180, 1200]
  id=((8, 379),)  hbox=[2357]  flags_edge=[1201, 1220]
  id=((8, 382),)  hbox=[2362]  flags_edge=[1221, 1255]
  id=((8, 405),)  hbox=[2385]  flags_edge=[1319, 1353]
  id=((8, 416),)  hbox=[2390]  flags_edge=[1354, 1371]
  id=((8, 433),)  hbox=[2402]  flags_edge=[1413, 1433]
  id=((8, 441),)  hbox=[2405]  flags_edge=[1434, 1452]
  id=((8, 445),)  hbox=[2408]  flags_edge=[1453, 1473]
  id=((8, 454),)  hbox=[2413]  flags_edge=[1487, 1501]
  id=((8, 467),)  hbox=[2419]  flags_edge=[1523, 1577]
  id=((8, 481),)  hbox=[2428]  flags_edge=[1593, 1607]
  id=((8, 485),)  hbox=[2432]  flags_edge=[1608, 1625]
  id=((8, 490),)  hbox=[2436]  flags_edge=[1625, 1644]
  id=((9, 1),)  hbox=[2075]  flags_edge=[9, 198]
  id=((9, 90),)  hbox=[2127]  flags_edge=[209, 220]
  id=((9, 93),)  hbox=[2129]  flags_edge=[221, 234]
  id=((9, 113),)  hbox=[2154]  flags_edge=[307, 324]
  id=((9, 117),)  hbox=[2162]  flags_edge=[325, 345]
  id=((9, 363),)  hbox=[2343]  flags_edge=[1138, 1163]
  id=((9, 369),)  hbox=[2347]  flags_edge=[1164, 1206]
  id=((9, 381),)  hbox=[2363]  flags_edge=[1223, 1246]
  id=((9, 396),)  hbox=[2372]  flags_edge=[1275, 1298]
  id=((9, 401),)  hbox=[2379]  flags_edge=[1299, 1322]
  id=((9, 414),)  hbox=[2389]  flags_edge=[1351, 1373]
  id=((9, 421),)  hbox=[2393]  flags_edge=[1374, 1390]
  id=((9, 431),)  hbox=[2400]  flags_edge=[1407, 1423]
  id=((9, 436),)  hbox=[2404]  flags_edge=[1424, 1444]
  id=((9, 445),)  hbox=[2409]  flags_edge=[1455, 1475]
  id=((9, 454),)  hbox=[2412]  flags_edge=[1484, 1503]
  id=((9, 459),)  hbox=[2416]  flags_edge=[1504, 1524]
  id=((9, 472),)  hbox=[2423]  flags_edge=[1558, 1576]
  id=((9, 493),)  hbox=[2438]  flags_edge=[1635, 1654]
  id=((9, 497),)  hbox=[2442]  flags_edge=[1655, 1672]
  id=((9, 532),)  hbox=[2467]  flags_edge=[1775, 1793]
  id=((9, 537),)  hbox=[2473]  flags_edge=[1794, 1810]
  id=((9, 545),)  hbox=[2478]  flags_edge=[1816, 1834]
  id=((9, 549),)  hbox=[2481]  flags_edge=[1835, 1844]
  id=((9, 554),)  hbox=[2484]  flags_edge=[1844, 1856]
  id=((10, 1),)  hbox=[2076]  flags_edge=[10, 211]
  id=((10, 94),)  hbox=[2131]  flags_edge=[228, 241]
  id=((10, 97),)  hbox=[2136]  flags_edge=[242, 257]
  id=((10, 113),)  hbox=[2159]  flags_edge=[317, 338]
  id=((10, 119),)  hbox=[2166]  flags_edge=[339, 356]
  id=((10, 303),)  hbox=[2296]  flags_edge=[908, 940]
  id=((10, 380),)  hbox=[2360]  flags_edge=[1213, 1236]
  id=((10, 386),)  hbox=[2366]  flags_edge=[1237, 1267]
  id=((10, 396),)  hbox=[2376]  flags_edge=[1288, 1312]
  id=((10, 404),)  hbox=[2384]  flags_edge=[1317, 1343]
  id=((10, 413),)  hbox=[2388]  flags_edge=[1344, 1362]
  id=((10, 471),)  hbox=[2421]  flags_edge=[1548, 1567]
  id=((10, 475),)  hbox=[2425]  flags_edge=[1568, 1590]
  id=((10, 483),)  hbox=[2430]  flags_edge=[1600, 1615]
  id=((10, 493),)  hbox=[2439]  flags_edge=[1637, 1656]
  id=((10, 497),)  hbox=[2443]  flags_edge=[1657, 1674]
  id=((10, 507),)  hbox=[2448]  flags_edge=[1699, 1714]
  id=((10, 513),)  hbox=[2454]  flags_edge=[1720, 1735]
  id=((10, 519),)  hbox=[2457]  flags_edge=[1736, 1750]
  id=((10, 526),)  hbox=[2459]  flags_edge=[1751, 1765]
  id=((10, 528),)  hbox=[2463]  flags_edge=[1765, 1787]
  id=((10, 535),)  hbox=[2470]  flags_edge=[1788, 1809]
  id=((10, 570),)  hbox=[2487]  flags_edge=[1890, 1900]
  id=((10, 578),)  hbox=[2490]  flags_edge=[1913, 1922]
  id=((10, 581),)  hbox=[2493]  flags_edge=[1923, 1933]
  id=((10, 584),)  hbox=[2495]  flags_edge=[1933, 1941]
  id=((11, 96),)  hbox=[2137]  flags_edge=[244, 259]
  id=((11, 99),)  hbox=[2140]  flags_edge=[260, 280]
  id=((11, 103),)  hbox=[2151]  flags_edge=[289, 308]
  id=((11, 106),)  hbox=[2155]  flags_edge=[309, 327]
  id=((11, 129),)  hbox=[2175]  flags_edge=[385, 400]
  id=((11, 133),)  hbox=[2180]  flags_edge=[401, 417]
  id=((11, 303),)  hbox=[2299]  flags_edge=[916, 957]
  id=((11, 333),)  hbox=[2323]  flags_edge=[1029, 1050]
  id=((11, 336),)  hbox=[2327]  flags_edge=[1051, 1069]
  id=((11, 348),)  hbox=[2335]  flags_edge=[1089, 1106]
  id=((11, 359),)  hbox=[2341]  flags_edge=[1128, 1150]
  id=((11, 366),)  hbox=[2345]  flags_edge=[1151, 1176]
  id=((11, 401),)  hbox=[2380]  flags_edge=[1304, 1336]
  id=((11, 480),)  hbox=[2429]  flags_edge=[1595, 1610]
  id=((11, 485),)  hbox=[2433]  flags_edge=[1611, 1631]
  id=((11, 493),)  hbox=[2437]  flags_edge=[1631, 1658]
  id=((11, 497),)  hbox=[2444]  flags_edge=[1659, 1676]
  id=((11, 528),)  hbox=[2464]  flags_edge=[1768, 1825]
  id=((11, 561),)  hbox=[2485]  flags_edge=[1869, 1877]
  id=((11, 570),)  hbox=[2488]  flags_edge=[1892, 1902]
  id=((12, 104),)  hbox=[2157]  flags_edge=[311, 329]
  id=((12, 107),)  hbox=[2163]  flags_edge=[330, 351]
  id=((12, 111),)  hbox=[2169]  flags_edge=[359, 368]
  id=((12, 114),)  hbox=[2172]  flags_edge=[369, 378]
  id=((12, 142),)  hbox=[2189]  flags_edge=[438, 453]
  id=((12, 146),)  hbox=[2192]  flags_edge=[454, 464]
  id=((12, 304),)  hbox=[2302]  flags_edge=[932, 955]
  id=((12, 320),)  hbox=[2311]  flags_edge=[976, 1004]
  id=((12, 323),)  hbox=[2318]  flags_edge=[1005, 1030]
  id=((12, 346),)  hbox=[2332]  flags_edge=[1080, 1156]
  id=((12, 380),)  hbox=[2364]  flags_edge=[1226, 1249]
  id=((12, 387),)  hbox=[2367]  flags_edge=[1250, 1276]
  id=((12, 414),)  hbox=[2391]  flags_edge=[1357, 1375]
  id=((12, 424),)  hbox=[2394]  flags_edge=[1378, 1398]
  id=((12, 427),)  hbox=[2399]  flags_edge=[1399, 1416]
  id=((12, 470),)  hbox=[2422]  flags_edge=[1550, 1571]
  id=((12, 473),)  hbox=[2426]  flags_edge=[1572, 1605]
  id=((12, 485),)  hbox=[2435]  flags_edge=[1619, 1638]
  id=((12, 493),)  hbox=[2441]  flags_edge=[1642, 1668]
  id=((12, 500),)  hbox=[2445]  flags_edge=[1669, 1689]
  id=((12, 525),)  hbox=[2460]  flags_edge=[1753, 1769]
  id=((12, 528),)  hbox=[2465]  flags_edge=[1770, 1784]
  id=((12, 535),)  hbox=[2469]  flags_edge=[1784, 1801]
  id=((12, 538),)  hbox=[2474]  flags_edge=[1802, 1817]
  id=((12, 568),)  hbox=[2486]  flags_edge=[1886, 1908]
  id=((12, 586),)  hbox=[2496]  flags_edge=[1938, 1946]
  id=((12, 590),)  hbox=[2497]  flags_edge=[1947, 1951]
  id=((12, 597),)  hbox=[2500]  flags_edge=[1961, 1968]
  id=((12, 606),)  hbox=[2502]  flags_edge=[1978, 1988]
  id=((12, 610),)  hbox=[2503]  flags_edge=[1989, 2000]
  id=((13, 1),)  hbox=[2077]  flags_edge=[13, 371]
  id=((13, 118),)  hbox=[2177]  flags_edge=[394, 410]
  id=((13, 121),)  hbox=[2183]  flags_edge=[411, 425]
  id=((13, 153),)  hbox=[2199]  flags_edge=[475, 485]
  id=((13, 156),)  hbox=[2202]  flags_edge=[486, 497]
  id=((13, 331),)  hbox=[2326]  flags_edge=[1043, 1062]
  id=((13, 334),)  hbox=[2329]  flags_edge=[1063, 1081]
  id=((13, 350),)  hbox=[2336]  flags_edge=[1098, 1129]
  id=((13, 359),)  hbox=[2342]  flags_edge=[1130, 1152]
  id=((13, 395),)  hbox=[2377]  flags_edge=[1290, 1314]
  id=((13, 402),)  hbox=[2383]  flags_edge=[1315, 1387]
  id=((13, 424),)  hbox=[2397]  flags_edge=[1387, 1409]
  id=((13, 427),)  hbox=[2401]  flags_edge=[1410, 1427]
  id=((13, 438),)  hbox=[2407]  flags_edge=[1448, 1469]
  id=((13, 447),)  hbox=[2410]  flags_edge=[1470, 1482]
  id=((13, 452),)  hbox=[2414]  flags_edge=[1496, 1516]
  id=((13, 464),)  hbox=[2420]  flags_edge=[1539, 1562]
  id=((13, 472),)  hbox=[2424]  flags_edge=[1563, 1580]
  id=((13, 478),)  hbox=[2427]  flags_edge=[1586, 1612]
  id=((13, 481),)  hbox=[2434]  flags_edge=[1613, 1627]
  id=((13, 505),)  hbox=[2449]  flags_edge=[1703, 1716]
  id=((13, 512),)  hbox=[2451]  flags_edge=[1717, 1748]
  id=((13, 525),)  hbox=[2462]  flags_edge=[1761, 1779]
  id=((13, 535),)  hbox=[2468]  flags_edge=[1782, 1803]
  id=((13, 538),)  hbox=[2475]  flags_edge=[1804, 1819]
  id=((13, 578),)  hbox=[2492]  flags_edge=[1916, 1924]
  id=((13, 581),)  hbox=[2494]  flags_edge=[1925, 1944]
  id=((13, 590),)  hbox=[2498]  flags_edge=[1950, 1956]
  id=((13, 595),)  hbox=[2499]  flags_edge=[1958, 1970]
  id=((13, 601),)  hbox=[2501]  flags_edge=[1971, 1979]
  id=((13, 622),)  hbox=[2506]  flags_edge=[2020, 2024]
  id=((13, 625),)  hbox=[2507]  flags_edge=[2025, 2030]
  id=((13, 637),)  hbox=[2511]  flags_edge=[2045, 2047]
  id=((13, 640),)  hbox=[2512]  flags_edge=[2048, 2051]
  id=((13, 642),)  hbox=[2513]  flags_edge=[2051, 2053]
  id=((14, 1),)  hbox=[2078]  flags_edge=[14, 404]
  id=((14, 120),)  hbox=[2184]  flags_edge=[413, 427]
  id=((14, 123),)  hbox=[2186]  flags_edge=[428, 441]
  id=((14, 155),)  hbox=[2203]  flags_edge=[488, 499]
  id=((14, 158),)  hbox=[2205]  flags_edge=[500, 505]
  id=((14, 365),)  hbox=[2348]  flags_edge=[1167, 1185]
  id=((14, 368),)  hbox=[2354]  flags_edge=[1186, 1302]
  id=((14, 401),)  hbox=[2387]  flags_edge=[1326, 1345]
  id=((14, 414),)  hbox=[2392]  flags_edge=[1368, 1385]
  id=((14, 417),)  hbox=[2396]  flags_edge=[1386, 1401]
  id=((14, 461),)  hbox=[2417]  flags_edge=[1518, 1552]
  id=((14, 479),)  hbox=[2431]  flags_edge=[1604, 1670]
  id=((14, 512),)  hbox=[2452]  flags_edge=[1718, 1738]
  id=((14, 515),)  hbox=[2458]  flags_edge=[1739, 1746]
  id=((14, 551),)  hbox=[2482]  flags_edge=[1841, 1862]
  id=((14, 631),)  hbox=[2510]  flags_edge=[2038, 2040]
  id=((15, 1),)  hbox=[2079]  flags_edge=[15, 33]
  id=((15, 17),)  hbox=[2090]  flags_edge=[59, 65]
  id=((15, 20),)  hbox=[2092]  flags_edge=[66, 71]
  id=((15, 33),)  hbox=[2102]  flags_edge=[97, 103]
  id=((15, 36),)  hbox=[2104]  flags_edge=[104, 109]
  id=((15, 43),)  hbox=[2108]  flags_edge=[117, 123]
  id=((15, 46),)  hbox=[2110]  flags_edge=[124, 129]
  id=((15, 49),)  hbox=[2112]  flags_edge=[130, 134]
  id=((15, 51),)  hbox=[2113]  flags_edge=[134, 137]
  id=((15, 54),)  hbox=[2114]  flags_edge=[138, 140]
  id=((15, 66),)  hbox=[2120]  flags_edge=[163, 168]
  id=((15, 69),)  hbox=[2122]  flags_edge=[169, 174]
  id=((15, 71),)  hbox=[2123]  flags_edge=[174, 177]
  id=((15, 74),)  hbox=[2124]  flags_edge=[178, 180]
  id=((15, 94),)  hbox=[2132]  flags_edge=[230, 243]
  id=((15, 109),)  hbox=[2167]  flags_edge=[350, 365]
  id=((15, 116),)  hbox=[2176]  flags_edge=[386, 403]
  id=((15, 118),)  hbox=[2181]  flags_edge=[403, 422]

################ grover_6 (-b 20) ################
=== grover_6 ===

outer (zx_optimization ran)
  H_BOX chains total : 102  (lengths: {1: 100, 2: 2})
  odd chains (= flags): 100

fallback (no zx_optimization)
  H_BOX chains total : 102  (lengths: {1: 100, 2: 2})
  odd chains (= flags): 100

=== identity agreement between the two namespaces ===
  distinct odd-chain identities, outer   : 100
  distinct odd-chain identities, fallback: 100
  identities in BOTH                     : 100
  only in outer                          : 0
  only in fallback                       : 0
  identities NOT unique within outer     : 0
  identities NOT unique within fallback  : 0

=== verdict ===
(qubit, row) chain identity is USABLE: bijective across both
namespaces and unique within each -- the Bug 8 fix can key on it.

=== odd chains and the edge each flags (outer graph) ===
  id=((0, 1),)  hbox=[1272]  flags_edge=[0, 13]
  id=((0, 443),)  hbox=[1337]  flags_edge=[832, 838]
  id=((0, 446),)  hbox=[1339]  flags_edge=[839, 845]
  id=((0, 449),)  hbox=[1340]  flags_edge=[845, 849]
  id=((0, 452),)  hbox=[1342]  flags_edge=[850, 865]
  id=((0, 461),)  hbox=[1346]  flags_edge=[867, 873]
  id=((0, 464),)  hbox=[1348]  flags_edge=[874, 880]
  id=((0, 468),)  hbox=[1350]  flags_edge=[882, 887]
  id=((0, 670),)  hbox=[1375]  flags_edge=[1263, 1266]
  id=((1, 1),)  hbox=[1273]  flags_edge=[1, 15]
  id=((1, 215),)  hbox=[1302]  flags_edge=[408, 413]
  id=((1, 219),)  hbox=[1303]  flags_edge=[414, 424]
  id=((1, 413),)  hbox=[1327]  flags_edge=[772, 782]
  id=((1, 419),)  hbox=[1331]  flags_edge=[791, 809]
  id=((1, 434),)  hbox=[1334]  flags_edge=[815, 821]
  id=((1, 445),)  hbox=[1338]  flags_edge=[837, 842]
  id=((1, 451),)  hbox=[1341]  flags_edge=[848, 854]
  id=((1, 455),)  hbox=[1344]  flags_edge=[856, 861]
  id=((1, 668),)  hbox=[1374]  flags_edge=[1260, 1267]
  id=((2, 1),)  hbox=[1274]  flags_edge=[2, 17]
  id=((2, 204),)  hbox=[1297]  flags_edge=[388, 392]
  id=((2, 207),)  hbox=[1298]  flags_edge=[393, 395]
  id=((2, 211),)  hbox=[1301]  flags_edge=[399, 404]
  id=((2, 219),)  hbox=[1304]  flags_edge=[419, 421]
  id=((2, 223),)  hbox=[1305]  flags_edge=[423, 428]
  id=((2, 226),)  hbox=[1306]  flags_edge=[429, 431]
  id=((2, 415),)  hbox=[1329]  flags_edge=[785, 788]
  id=((2, 417),)  hbox=[1330]  flags_edge=[788, 794]
  id=((2, 420),)  hbox=[1332]  flags_edge=[795, 797]
  id=((2, 426),)  hbox=[1333]  flags_edge=[804, 806]
  id=((2, 453),)  hbox=[1343]  flags_edge=[853, 859]
  id=((2, 456),)  hbox=[1345]  flags_edge=[860, 864]
  id=((2, 462),)  hbox=[1347]  flags_edge=[871, 877]
  id=((2, 466),)  hbox=[1349]  flags_edge=[879, 885]
  id=((2, 664),)  hbox=[1373]  flags_edge=[1252, 1258]
  id=((3, 1),)  hbox=[1275]  flags_edge=[3, 94]
  id=((3, 165),)  hbox=[1293]  flags_edge=[313, 318]
  id=((3, 178),)  hbox=[1294]  flags_edge=[337, 345]
  id=((3, 184),)  hbox=[1295]  flags_edge=[350, 352]
  id=((3, 197),)  hbox=[1296]  flags_edge=[369, 377]
  id=((3, 376),)  hbox=[1322]  flags_edge=[704, 710]
  id=((3, 389),)  hbox=[1324]  flags_edge=[729, 737]
  id=((3, 395),)  hbox=[1325]  flags_edge=[742, 744]
  id=((3, 408),)  hbox=[1326]  flags_edge=[761, 769]
  id=((3, 414),)  hbox=[1328]  flags_edge=[779, 944]
  id=((3, 616),)  hbox=[1367]  flags_edge=[1161, 1167]
  id=((3, 629),)  hbox=[1369]  flags_edge=[1186, 1194]
  id=((3, 635),)  hbox=[1370]  flags_edge=[1199, 1201]
  id=((3, 648),)  hbox=[1371]  flags_edge=[1220, 1228]
  id=((3, 654),)  hbox=[1372]  flags_edge=[1235, 1269]
  id=((4, 1),)  hbox=[1276]  flags_edge=[4, 86]
  id=((4, 102),)  hbox=[1284]  flags_edge=[190, 196]
  id=((4, 115),)  hbox=[1286]  flags_edge=[217, 225]
  id=((4, 118),)  hbox=[1287]  flags_edge=[226, 228]
  id=((4, 131),)  hbox=[1288]  flags_edge=[247, 255]
  id=((4, 134),)  hbox=[1289]  flags_edge=[256, 258]
  id=((4, 147),)  hbox=[1290]  flags_edge=[277, 285]
  id=((4, 150),)  hbox=[1291]  flags_edge=[286, 288]
  id=((4, 163),)  hbox=[1292]  flags_edge=[307, 315]
  id=((4, 313),)  hbox=[1314]  flags_edge=[584, 589]
  id=((4, 326),)  hbox=[1315]  flags_edge=[608, 616]
  id=((4, 329),)  hbox=[1316]  flags_edge=[617, 619]
  id=((4, 342),)  hbox=[1317]  flags_edge=[638, 646]
  id=((4, 345),)  hbox=[1318]  flags_edge=[647, 649]
  id=((4, 358),)  hbox=[1319]  flags_edge=[668, 676]
  id=((4, 361),)  hbox=[1320]  flags_edge=[677, 679]
  id=((4, 374),)  hbox=[1321]  flags_edge=[698, 706]
  id=((4, 377),)  hbox=[1323]  flags_edge=[707, 936]
  id=((4, 553),)  hbox=[1358]  flags_edge=[1040, 1046]
  id=((4, 566),)  hbox=[1360]  flags_edge=[1065, 1073]
  id=((4, 569),)  hbox=[1361]  flags_edge=[1074, 1076]
  id=((4, 582),)  hbox=[1362]  flags_edge=[1095, 1103]
  id=((4, 585),)  hbox=[1363]  flags_edge=[1104, 1106]
  id=((4, 598),)  hbox=[1364]  flags_edge=[1125, 1133]
  id=((4, 601),)  hbox=[1365]  flags_edge=[1134, 1136]
  id=((4, 614),)  hbox=[1366]  flags_edge=[1155, 1163]
  id=((4, 617),)  hbox=[1368]  flags_edge=[1164, 1270]
  id=((5, 40),)  hbox=[1277]  flags_edge=[71, 78]
  id=((5, 43),)  hbox=[1278]  flags_edge=[79, 85]
  id=((5, 56),)  hbox=[1279]  flags_edge=[118, 126]
  id=((5, 59),)  hbox=[1280]  flags_edge=[127, 129]
  id=((5, 84),)  hbox=[1281]  flags_edge=[159, 162]
  id=((5, 87),)  hbox=[1282]  flags_edge=[163, 165]
  id=((5, 100),)  hbox=[1283]  flags_edge=[184, 192]
  id=((5, 103),)  hbox=[1285]  flags_edge=[193, 198]
  id=((5, 251),)  hbox=[1307]  flags_edge=[465, 472]
  id=((5, 254),)  hbox=[1308]  flags_edge=[473, 479]
  id=((5, 267),)  hbox=[1309]  flags_edge=[512, 520]
  id=((5, 270),)  hbox=[1310]  flags_edge=[521, 523]
  id=((5, 295),)  hbox=[1311]  flags_edge=[553, 556]
  id=((5, 298),)  hbox=[1312]  flags_edge=[557, 559]
  id=((5, 311),)  hbox=[1313]  flags_edge=[578, 586]
  id=((5, 491),)  hbox=[1351]  flags_edge=[921, 928]
  id=((5, 494),)  hbox=[1352]  flags_edge=[929, 935]
  id=((5, 507),)  hbox=[1353]  flags_edge=[968, 976]
  id=((5, 510),)  hbox=[1354]  flags_edge=[977, 979]
  id=((5, 535),)  hbox=[1355]  flags_edge=[1009, 1012]
  id=((5, 538),)  hbox=[1356]  flags_edge=[1013, 1015]
  id=((5, 551),)  hbox=[1357]  flags_edge=[1034, 1042]
  id=((5, 554),)  hbox=[1359]  flags_edge=[1043, 1271]

################ vqe_16 (-b 20) ################
=== vqe_16 ===

outer (zx_optimization ran)
  H_BOX chains total : 83  (lengths: {1: 82, 2: 1})
  odd chains (= flags): 82

fallback (no zx_optimization)
  H_BOX chains total : 83  (lengths: {1: 82, 2: 1})
  odd chains (= flags): 82

=== identity agreement between the two namespaces ===
  distinct odd-chain identities, outer   : 82
  distinct odd-chain identities, fallback: 82
  identities in BOTH                     : 82
  only in outer                          : 0
  only in fallback                       : 0
  identities NOT unique within outer     : 0
  identities NOT unique within fallback  : 0

=== verdict ===
(qubit, row) chain identity is USABLE: bijective across both
namespaces and unique within each -- the Bug 8 fix can key on it.

=== odd chains and the edge each flags (outer graph) ===
  id=((0, 3),)  hbox=[406]  flags_edge=[17, 51]
  id=((0, 6),)  hbox=[418]  flags_edge=[52, 84]
  id=((0, 25),)  hbox=[466]  flags_edge=[257, 309]
  id=((0, 28),)  hbox=[474]  flags_edge=[310, 335]
  id=((0, 36),)  hbox=[485]  flags_edge=[366, 379]
  id=((0, 39),)  hbox=[488]  flags_edge=[380, 387]
  id=((1, 26),)  hbox=[467]  flags_edge=[276, 311]
  id=((1, 29),)  hbox=[475]  flags_edge=[312, 337]
  id=((2, 3),)  hbox=[407]  flags_edge=[21, 53]
  id=((2, 6),)  hbox=[419]  flags_edge=[54, 86]
  id=((2, 24),)  hbox=[462]  flags_edge=[258, 295]
  id=((2, 27),)  hbox=[471]  flags_edge=[296, 325]
  id=((2, 35),)  hbox=[483]  flags_edge=[358, 374]
  id=((2, 38),)  hbox=[487]  flags_edge=[375, 385]
  id=((3, 2),)  hbox=[408]  flags_edge=[22, 55]
  id=((3, 5),)  hbox=[420]  flags_edge=[56, 88]
  id=((3, 24),)  hbox=[458]  flags_edge=[240, 278]
  id=((3, 27),)  hbox=[468]  flags_edge=[279, 314]
  id=((3, 33),)  hbox=[481]  flags_edge=[348, 368]
  id=((3, 36),)  hbox=[486]  flags_edge=[369, 382]
  id=((4, 23),)  hbox=[454]  flags_edge=[220, 260]
  id=((4, 26),)  hbox=[463]  flags_edge=[261, 298]
  id=((4, 32),)  hbox=[479]  flags_edge=[341, 360]
  id=((4, 35),)  hbox=[484]  flags_edge=[361, 377]
  id=((5, 2),)  hbox=[409]  flags_edge=[23, 57]
  id=((5, 5),)  hbox=[421]  flags_edge=[58, 90]
  id=((5, 21),)  hbox=[450]  flags_edge=[203, 242]
  id=((5, 24),)  hbox=[459]  flags_edge=[243, 281]
  id=((5, 31),)  hbox=[477]  flags_edge=[329, 350]
  id=((5, 34),)  hbox=[482]  flags_edge=[351, 371]
  id=((6, 2),)  hbox=[410]  flags_edge=[24, 59]
  id=((6, 5),)  hbox=[422]  flags_edge=[60, 92]
  id=((6, 21),)  hbox=[446]  flags_edge=[188, 222]
  id=((6, 24),)  hbox=[455]  flags_edge=[223, 263]
  id=((6, 30),)  hbox=[476]  flags_edge=[318, 343]
  id=((6, 33),)  hbox=[480]  flags_edge=[344, 363]
  id=((7, 20),)  hbox=[443]  flags_edge=[174, 205]
  id=((7, 23),)  hbox=[451]  flags_edge=[206, 245]
  id=((7, 29),)  hbox=[472]  flags_edge=[302, 331]
  id=((7, 32),)  hbox=[478]  flags_edge=[332, 353]
  id=((8, 2),)  hbox=[412]  flags_edge=[26, 61]
  id=((8, 5),)  hbox=[423]  flags_edge=[62, 94]
  id=((8, 19),)  hbox=[440]  flags_edge=[161, 190]
  id=((8, 22),)  hbox=[447]  flags_edge=[191, 225]
  id=((8, 29),)  hbox=[469]  flags_edge=[286, 397]
  id=((9, 3),)  hbox=[413]  flags_edge=[28, 63]
  id=((9, 6),)  hbox=[424]  flags_edge=[64, 96]
  id=((9, 17),)  hbox=[438]  flags_edge=[149, 176]
  id=((9, 20),)  hbox=[444]  flags_edge=[177, 208]
  id=((9, 27),)  hbox=[464]  flags_edge=[267, 304]
  id=((9, 30),)  hbox=[473]  flags_edge=[305, 333]
  id=((10, 16),)  hbox=[436]  flags_edge=[140, 163]
  id=((10, 19),)  hbox=[441]  flags_edge=[164, 193]
  id=((10, 26),)  hbox=[460]  flags_edge=[249, 288]
  id=((10, 29),)  hbox=[470]  flags_edge=[289, 321]
  id=((11, 2),)  hbox=[414]  flags_edge=[31, 65]
  id=((11, 5),)  hbox=[425]  flags_edge=[66, 98]
  id=((11, 15),)  hbox=[434]  flags_edge=[133, 151]
  id=((11, 18),)  hbox=[439]  flags_edge=[152, 179]
  id=((11, 26),)  hbox=[456]  flags_edge=[230, 269]
  id=((11, 29),)  hbox=[465]  flags_edge=[270, 307]
  id=((12, 15),)  hbox=[432]  flags_edge=[125, 142]
  id=((12, 18),)  hbox=[437]  flags_edge=[143, 166]
  id=((12, 24),)  hbox=[452]  flags_edge=[212, 251]
  id=((12, 27),)  hbox=[461]  flags_edge=[252, 291]
  id=((13, 3),)  hbox=[415]  flags_edge=[35, 67]
  id=((13, 6),)  hbox=[426]  flags_edge=[68, 100]
  id=((13, 14),)  hbox=[431]  flags_edge=[119, 135]
  id=((13, 17),)  hbox=[435]  flags_edge=[136, 154]
  id=((13, 23),)  hbox=[448]  flags_edge=[197, 232]
  id=((13, 26),)  hbox=[457]  flags_edge=[233, 272]
  id=((14, 2),)  hbox=[416]  flags_edge=[36, 69]
  id=((14, 5),)  hbox=[427]  flags_edge=[70, 102]
  id=((14, 12),)  hbox=[429]  flags_edge=[113, 127]
  id=((14, 15),)  hbox=[433]  flags_edge=[128, 145]
  id=((14, 22),)  hbox=[445]  flags_edge=[183, 214]
  id=((14, 25),)  hbox=[453]  flags_edge=[215, 254]
  id=((15, 3),)  hbox=[417]  flags_edge=[38, 71]
  id=((15, 6),)  hbox=[428]  flags_edge=[72, 104]
  id=((15, 13),)  hbox=[430]  flags_edge=[115, 129]
  id=((15, 20),)  hbox=[442]  flags_edge=[170, 199]
  id=((15, 23),)  hbox=[449]  flags_edge=[200, 235]

################ wstate_16 (-b 20) ################
=== wstate_16 ===

outer (zx_optimization ran)
  H_BOX chains total : 74  (lengths: {1: 74})
  odd chains (= flags): 74

fallback (no zx_optimization)
  H_BOX chains total : 74  (lengths: {1: 74})
  odd chains (= flags): 74

=== identity agreement between the two namespaces ===
  distinct odd-chain identities, outer   : 74
  distinct odd-chain identities, fallback: 74
  identities in BOTH                     : 74
  only in outer                          : 0
  only in fallback                       : 0
  identities NOT unique within outer     : 0
  identities NOT unique within fallback  : 0

=== verdict ===
(qubit, row) chain identity is USABLE: bijective across both
namespaces and unique within each -- the Bug 8 fix can key on it.

=== odd chains and the edge each flags (outer graph) ===
  id=((0, 3),)  hbox=[355]  flags_edge=[17, 56]
  id=((0, 6),)  hbox=[370]  flags_edge=[57, 318]
  id=((0, 124),)  hbox=[426]  flags_edge=[318, 321]
  id=((0, 127),)  hbox=[427]  flags_edge=[322, 328]
  id=((1, 2),)  hbox=[356]  flags_edge=[18, 58]
  id=((1, 5),)  hbox=[371]  flags_edge=[59, 301]
  id=((1, 117),)  hbox=[423]  flags_edge=[305, 308]
  id=((1, 120),)  hbox=[424]  flags_edge=[309, 315]
  id=((1, 124),)  hbox=[425]  flags_edge=[317, 323]
  id=((2, 2),)  hbox=[357]  flags_edge=[19, 60]
  id=((2, 5),)  hbox=[372]  flags_edge=[61, 278]
  id=((2, 108),)  hbox=[420]  flags_edge=[282, 289]
  id=((2, 111),)  hbox=[421]  flags_edge=[290, 296]
  id=((2, 115),)  hbox=[422]  flags_edge=[300, 311]
  id=((3, 3),)  hbox=[358]  flags_edge=[21, 62]
  id=((3, 6),)  hbox=[373]  flags_edge=[63, 272]
  id=((3, 102),)  hbox=[418]  flags_edge=[272, 275]
  id=((3, 106),)  hbox=[419]  flags_edge=[277, 287]
  id=((4, 2),)  hbox=[359]  flags_edge=[22, 64]
  id=((4, 5),)  hbox=[374]  flags_edge=[65, 257]
  id=((4, 95),)  hbox=[415]  flags_edge=[259, 262]
  id=((4, 98),)  hbox=[416]  flags_edge=[263, 267]
  id=((4, 102),)  hbox=[417]  flags_edge=[271, 279]
  id=((5, 2),)  hbox=[360]  flags_edge=[23, 66]
  id=((5, 5),)  hbox=[375]  flags_edge=[67, 240]
  id=((5, 86),)  hbox=[412]  flags_edge=[242, 247]
  id=((5, 89),)  hbox=[413]  flags_edge=[248, 254]
  id=((5, 93),)  hbox=[414]  flags_edge=[256, 265]
  id=((6, 2),)  hbox=[361]  flags_edge=[24, 68]
  id=((6, 5),)  hbox=[376]  flags_edge=[69, 221]
  id=((6, 77),)  hbox=[408]  flags_edge=[223, 228]
  id=((6, 80),)  hbox=[410]  flags_edge=[229, 235]
  id=((6, 84),)  hbox=[411]  flags_edge=[239, 245]
  id=((7, 3),)  hbox=[362]  flags_edge=[26, 70]
  id=((7, 6),)  hbox=[377]  flags_edge=[71, 206]
  id=((7, 68),)  hbox=[406]  flags_edge=[208, 213]
  id=((7, 71),)  hbox=[407]  flags_edge=[214, 218]
  id=((7, 77),)  hbox=[409]  flags_edge=[225, 231]
  id=((8, 3),)  hbox=[363]  flags_edge=[28, 72]
  id=((8, 6),)  hbox=[378]  flags_edge=[73, 189]
  id=((8, 59),)  hbox=[403]  flags_edge=[191, 196]
  id=((8, 62),)  hbox=[404]  flags_edge=[197, 203]
  id=((8, 66),)  hbox=[405]  flags_edge=[205, 212]
  id=((9, 3),)  hbox=[364]  flags_edge=[30, 74]
  id=((9, 6),)  hbox=[379]  flags_edge=[75, 172]
  id=((9, 50),)  hbox=[400]  flags_edge=[174, 179]
  id=((9, 53),)  hbox=[401]  flags_edge=[180, 184]
  id=((9, 57),)  hbox=[402]  flags_edge=[188, 195]
  id=((10, 2),)  hbox=[365]  flags_edge=[31, 76]
  id=((10, 5),)  hbox=[380]  flags_edge=[77, 157]
  id=((10, 41),)  hbox=[397]  flags_edge=[159, 162]
  id=((10, 44),)  hbox=[398]  flags_edge=[163, 169]
  id=((10, 48),)  hbox=[399]  flags_edge=[171, 177]
  id=((11, 2),)  hbox=[366]  flags_edge=[32, 78]
  id=((11, 5),)  hbox=[381]  flags_edge=[79, 140]
  id=((11, 32),)  hbox=[394]  flags_edge=[142, 147]
  id=((11, 35),)  hbox=[395]  flags_edge=[148, 154]
  id=((11, 39),)  hbox=[396]  flags_edge=[156, 165]
  id=((12, 2),)  hbox=[367]  flags_edge=[33, 80]
  id=((12, 5),)  hbox=[382]  flags_edge=[81, 123]
  id=((12, 23),)  hbox=[391]  flags_edge=[125, 128]
  id=((12, 26),)  hbox=[392]  flags_edge=[129, 137]
  id=((12, 30),)  hbox=[393]  flags_edge=[139, 146]
  id=((13, 3),)  hbox=[368]  flags_edge=[35, 82]
  id=((13, 6),)  hbox=[383]  flags_edge=[83, 108]
  id=((13, 14),)  hbox=[388]  flags_edge=[110, 115]
  id=((13, 17),)  hbox=[389]  flags_edge=[116, 120]
  id=((13, 21),)  hbox=[390]  flags_edge=[122, 131]
  id=((14, 3),)  hbox=[369]  flags_edge=[37, 84]
  id=((14, 6),)  hbox=[384]  flags_edge=[85, 102]
  id=((14, 8),)  hbox=[386]  flags_edge=[102, 105]
  id=((14, 12),)  hbox=[387]  flags_edge=[107, 114]
  id=((15, 1),)  hbox=[354]  flags_edge=[15, 54]
  id=((15, 8),)  hbox=[385]  flags_edge=[101, 113]

################ ghz_16 (-b 20) ################
=== ghz_16 ===

outer (zx_optimization ran)
  H_BOX chains total : 1  (lengths: {1: 1})
  odd chains (= flags): 1

fallback (no zx_optimization)
  H_BOX chains total : 1  (lengths: {1: 1})
  odd chains (= flags): 1

=== identity agreement between the two namespaces ===
  distinct odd-chain identities, outer   : 1
  distinct odd-chain identities, fallback: 1
  identities in BOTH                     : 1
  only in outer                          : 0
  only in fallback                       : 0
  identities NOT unique within outer     : 0
  identities NOT unique within fallback  : 0

=== verdict ===
(qubit, row) chain identity is USABLE: bijective across both
namespaces and unique within each -- the Bug 8 fix can key on it.

=== odd chains and the edge each flags (outer graph) ===
  id=((15, 1),)  hbox=[63]  flags_edge=[15, 18]

