benchmark=qaoa_16  pkl=qaoa_16_count  dissolved H=48  kept-as-cube H=0
      identity     a     b  emb a          emb b          chain flip      collar
     ((0, 1),)     0    33  0              33                 1 YES            1
    ((0, 18),)    57    82  57_2           82_2_old,82_2      0 n/a            0
    ((0, 21),)    83   240  83_3           -                  0 n/a            0
     ((1, 1),)     1    44  1              44                 1 YES            1
    ((1, 25),)    76   107  76_3           107                0 n/a            0
    ((1, 28),)   108   241  108_old,108    -                  0 n/a            0
     ((2, 1),)     2    35  2              35                 1 YES            1
    ((2, 21),)    61    84  61_2           84_3               0 n/a            0
    ((2, 25),)    85   242  85_3           -                  0 n/a            0
     ((3, 1),)     3    58  3              58_2               1 YES            1
    ((3, 31),)   102   130  102            130_old,130        1 YES            1
    ((3, 34),)   131   243  131_5          -                  0 n/a            0
     ((4, 1),)     4    78  4              78_3               1 YES            1
    ((4, 39),)   124   156  124_5          156_5_old,156_5     0 n/a            0
    ((4, 42),)   157   244  157_6          -                  0 n/a            0
     ((5, 1),)     5    32  5              32                 1 YES            1
    ((5, 40),)   126   158  126_5          158_6              0 n/a            0
    ((5, 43),)   159   245  159_6          -                  0 n/a            0
     ((6, 1),)     6    60  6              60_2               1 YES            1
    ((6, 35),)   106   132  106            132_5              1 NO             0
    ((6, 40),)   133   246  133_5          -                  0 n/a            0
     ((7, 1),)     7   123  7              123_5              1 YES            1
    ((7, 55),)   175   206  175_old,175    206                1 YES            1
    ((7, 58),)   207   247  207_old,207    -                  0 n/a            0
     ((8, 1),)     8   103  8              103                1 YES            1
    ((8, 50),)   153   182  153_6          182_old,182        0 n/a            0
    ((8, 55),)   183   248  183            -                  0 n/a            0
     ((9, 1),)     9   128  9              128_5              1 YES            1
    ((9, 56),)   178   208  178_old,178    208_old,208        1 YES            1
    ((9, 59),)   209   249  209            -                  0 n/a            0
    ((10, 1),)    10   150  10             150_6              1 YES            1
   ((10, 62),)   203   225  203_old,203    -                  0 n/a            0
   ((10, 65),)   226   250  226_9          -                  0 n/a            0
    ((11, 1),)    11    75  11             75_3               1 YES            1
   ((11, 67),)   224   234  -              234_9_old,234_9     0 n/a            0
   ((11, 70),)   235   251  -              -                  0 n/a            0
    ((12, 1),)    12    46  12             46                 1 YES            1
   ((12, 58),)   197   210  197            210_old,210        1 YES            1
   ((12, 62),)   211   252  211            -                  0 n/a            0
    ((13, 1),)    13    56  13             56_2               1 YES            1
   ((13, 58),)   195   212  195            212_old,212        1 YES            1
   ((13, 62),)   213   253  213            -                  0 n/a            0
    ((14, 1),)    14    34  14             34                 1 YES            1
   ((14, 49),)   172   190  172_6_old,172_6 190_old,190        1 NO             0
   ((14, 52),)   191   254  191            -                  0 n/a            0
    ((15, 1),)    15   125  15             125_5              1 YES            1
   ((15, 67),)   230   236  230_9          236_9_old,236_9     1 YES            1
   ((15, 70),)   237   255  -              -                  0 n/a            0

kept-as-cube H boxes (should render as their own cube + collar): []

=== H with NO collar on their chain: 26 ===
   ((0, 18),)  edge (57,82)  a->57_2  b->82_2_old,82_2  chain=0  flip=n/a
   ((0, 21),)  edge (83,240)  a->83_3  b->-  chain=0  flip=n/a
   ((1, 25),)  edge (76,107)  a->76_3  b->107  chain=0  flip=n/a
   ((1, 28),)  edge (108,241)  a->108_old,108  b->-  chain=0  flip=n/a
   ((2, 21),)  edge (61,84)  a->61_2  b->84_3  chain=0  flip=n/a
   ((2, 25),)  edge (85,242)  a->85_3  b->-  chain=0  flip=n/a
   ((3, 34),)  edge (131,243)  a->131_5  b->-  chain=0  flip=n/a
   ((4, 39),)  edge (124,156)  a->124_5  b->156_5_old,156_5  chain=0  flip=n/a
   ((4, 42),)  edge (157,244)  a->157_6  b->-  chain=0  flip=n/a
   ((5, 40),)  edge (126,158)  a->126_5  b->158_6  chain=0  flip=n/a
   ((5, 43),)  edge (159,245)  a->159_6  b->-  chain=0  flip=n/a
   ((6, 35),)  edge (106,132)  a->106  b->132_5  chain=1  flip=NO
   ((6, 40),)  edge (133,246)  a->133_5  b->-  chain=0  flip=n/a
   ((7, 58),)  edge (207,247)  a->207_old,207  b->-  chain=0  flip=n/a
   ((8, 50),)  edge (153,182)  a->153_6  b->182_old,182  chain=0  flip=n/a
   ((8, 55),)  edge (183,248)  a->183  b->-  chain=0  flip=n/a
   ((9, 59),)  edge (209,249)  a->209  b->-  chain=0  flip=n/a
   ((10, 62),)  edge (203,225)  a->203_old,203  b->-  chain=0  flip=n/a
   ((10, 65),)  edge (226,250)  a->226_9  b->-  chain=0  flip=n/a
   ((11, 67),)  edge (224,234)  a->-  b->234_9_old,234_9  chain=0  flip=n/a
   ((11, 70),)  edge (235,251)  a->-  b->-  chain=0  flip=n/a
   ((12, 62),)  edge (211,252)  a->211  b->-  chain=0  flip=n/a
   ((13, 62),)  edge (213,253)  a->213  b->-  chain=0  flip=n/a
   ((14, 49),)  edge (172,190)  a->172_6_old,172_6  b->190_old,190  chain=1  flip=NO
   ((14, 52),)  edge (191,254)  a->191  b->-  chain=0  flip=n/a
   ((15, 70),)  edge (237,255)  a->-  b->-  chain=0  flip=n/a
