############ 1. no-op gates ############
=== bv_16 ===
Executing bv_16 benchmark.
Embedding progress:
x_length: 9.0 y_length: 9.0 z_length: 6
Space-time volume: 486.0
Time: 6
Space: 81.0
Compilation time: 13.252389669418335
QASM H-gate count: 21
H-boxes kept as cubes (on an output-port wire): 0
Expected collars (odd-length H runs, H*H=I cancelled): 21
Rendered yellow-collar count: 21
SAFETY CHECK PASSED
=== dj_16 ===
Executing dj_16 benchmark.
Embedding progress:
x_length: 9.0 y_length: 9.0 z_length: 8
Space-time volume: 648.0
Time: 8
Space: 81.0
Compilation time: 14.860098838806152
QASM H-gate count: 31
H-boxes kept as cubes (on an output-port wire): 0
Expected collars (odd-length H runs, H*H=I cancelled): 31
Rendered yellow-collar count: 31
SAFETY CHECK PASSED

############ 2. qaoa_16 traced ############
Executing qaoa_16 benchmark.
Embedding progress:
