============================= test session starts ==============================
platform linux -- Python 3.10.12, pytest-9.1.1, pluggy-1.6.0 -- /home/junyuzh/QEC/upgrade/TopoLS/.venv/bin/python3
cachedir: .pytest_cache
rootdir: /home/junyuzh/QEC/upgrade/TopoLS
configfile: pyproject.toml
testpaths: tests
collecting ... collected 9 items / 6 deselected / 3 selected

tests/test_regression.py::test_fast_benchmarks[bv_16] FAILED             [ 33%]
tests/test_regression.py::test_fast_benchmarks[dj_16] FAILED             [ 66%]
tests/test_regression.py::test_fast_benchmarks[ghz_16] FAILED            [100%]

=================================== FAILURES ===================================
_________________________ test_fast_benchmarks[bv_16] __________________________

file_name = 'bv_16'

    @pytest.mark.parametrize("file_name", sorted(FAST_BENCHMARKS))
    def test_fast_benchmarks(file_name):
        golden = GOLDENS[file_name]
        assert golden is not None, f"no golden captured yet for {file_name}"
>       metrics = _run_prog(file_name)

tests/test_regression.py:127: 
_ _ _ _ _ _ _ _ _ _ _ _ _ _ _ _ _ _ _ _ _ _ _ _ _ _ _ _ _ _ _ _ _ _ _ _ _ _ _ _ 
tests/test_regression.py:112: in _run_prog
    result = subprocess.run(
_ _ _ _ _ _ _ _ _ _ _ _ _ _ _ _ _ _ _ _ _ _ _ _ _ _ _ _ _ _ _ _ _ _ _ _ _ _ _ _ 

input = None, capture_output = True, timeout = None, check = True
popenargs = (['uv', 'run', '--project', '/home/junyuzh/QEC/upgrade/TopoLS', 'prog.py', '-f', ...],)
kwargs = {'cwd': PosixPath('/home/junyuzh/QEC/upgrade/TopoLS/docs'), 'text': True, 'stdout': -1, 'stderr': -1}

    def run(*popenargs,
            input=None, capture_output=False, timeout=None, check=False, **kwargs):
        """Run command with arguments and return a CompletedProcess instance.
    
        The returned instance will have attributes args, returncode, stdout and
        stderr. By default, stdout and stderr are not captured, and those attributes
        will be None. Pass stdout=PIPE and/or stderr=PIPE in order to capture them,
        or pass capture_output=True to capture both.
    
        If check is True and the exit code was non-zero, it raises a
        CalledProcessError. The CalledProcessError object will have the return code
        in the returncode attribute, and output & stderr attributes if those streams
        were captured.
    
        If timeout is given, and the process takes too long, a TimeoutExpired
        exception will be raised.
    
        There is an optional argument "input", allowing you to
        pass bytes or a string to the subprocess's stdin.  If you use this argument
        you may not also use the Popen constructor's "stdin" argument, as
        it will be used internally.
    
        By default, all communication is in bytes, and therefore any "input" should
        be bytes, and the stdout and stderr will be bytes. If in text mode, any
        "input" should be a string, and stdout and stderr will be strings decoded
        according to locale encoding, or by "encoding" if set. Text mode is
        triggered by setting any of text, encoding, errors or universal_newlines.
    
        The other arguments are the same as for the Popen constructor.
        """
        if input is not None:
            if kwargs.get('stdin') is not None:
                raise ValueError('stdin and input arguments may not both be used.')
            kwargs['stdin'] = PIPE
    
        if capture_output:
            if kwargs.get('stdout') is not None or kwargs.get('stderr') is not None:
                raise ValueError('stdout and stderr arguments may not be used '
                                 'with capture_output.')
            kwargs['stdout'] = PIPE
            kwargs['stderr'] = PIPE
    
        with Popen(*popenargs, **kwargs) as process:
            try:
                stdout, stderr = process.communicate(input, timeout=timeout)
            except TimeoutExpired as exc:
                process.kill()
                if _mswindows:
                    # Windows accumulates the output in a single blocking
                    # read() call run on child threads, with the timeout
                    # being done in a join() on those threads.  communicate()
                    # _after_ kill() is required to collect that and add it
                    # to the exception.
                    exc.stdout, exc.stderr = process.communicate()
                else:
                    # POSIX _communicate already populated the output so
                    # far into the TimeoutExpired exception.
                    process.wait()
                raise
            except:  # Including KeyboardInterrupt, communicate handled that.
                process.kill()
                # We don't call process.wait() as .__exit__ does that for us.
                raise
            retcode = process.poll()
            if check and retcode:
>               raise CalledProcessError(retcode, process.args,
                                         output=stdout, stderr=stderr)
E               subprocess.CalledProcessError: Command '['uv', 'run', '--project', '/home/junyuzh/QEC/upgrade/TopoLS', 'prog.py', '-f', 'bv_16', '-b', '20', '-zx', '1', '-dir', '1', '-l', '4', '-r', '1', '-s', '2', '-t', '2', '-i', '1000', '-csv', 'regression_tmp', '-sp', '0', '-b0', '0']' returned non-zero exit status 1.

/usr/lib/python3.10/subprocess.py:526: CalledProcessError
_________________________ test_fast_benchmarks[dj_16] __________________________

file_name = 'dj_16'

    @pytest.mark.parametrize("file_name", sorted(FAST_BENCHMARKS))
    def test_fast_benchmarks(file_name):
        golden = GOLDENS[file_name]
        assert golden is not None, f"no golden captured yet for {file_name}"
        metrics = _run_prog(file_name)
>       assert (
            metrics["x_length"],
            metrics["y_length"],
            metrics["z_length"],
            metrics["volume"],
        ) == golden
E       AssertionError: assert (9.0, 9.0, 19, 1539.0) == (9.0, 9.0, 11, 891.0)
E         
E         At index 2 diff: 19 != 11
E         
E         Full diff:
E           (
E               9.0,
E               9.0,...
E         
E         ...Full output truncated (9 lines hidden), use '-vv' to show

tests/test_regression.py:128: AssertionError
_________________________ test_fast_benchmarks[ghz_16] _________________________

file_name = 'ghz_16'

    @pytest.mark.parametrize("file_name", sorted(FAST_BENCHMARKS))
    def test_fast_benchmarks(file_name):
        golden = GOLDENS[file_name]
        assert golden is not None, f"no golden captured yet for {file_name}"
>       metrics = _run_prog(file_name)

tests/test_regression.py:127: 
_ _ _ _ _ _ _ _ _ _ _ _ _ _ _ _ _ _ _ _ _ _ _ _ _ _ _ _ _ _ _ _ _ _ _ _ _ _ _ _ 
tests/test_regression.py:112: in _run_prog
    result = subprocess.run(
_ _ _ _ _ _ _ _ _ _ _ _ _ _ _ _ _ _ _ _ _ _ _ _ _ _ _ _ _ _ _ _ _ _ _ _ _ _ _ _ 

input = None, capture_output = True, timeout = None, check = True
popenargs = (['uv', 'run', '--project', '/home/junyuzh/QEC/upgrade/TopoLS', 'prog.py', '-f', ...],)
kwargs = {'cwd': PosixPath('/home/junyuzh/QEC/upgrade/TopoLS/docs'), 'text': True, 'stdout': -1, 'stderr': -1}

    def run(*popenargs,
            input=None, capture_output=False, timeout=None, check=False, **kwargs):
        """Run command with arguments and return a CompletedProcess instance.
    
        The returned instance will have attributes args, returncode, stdout and
        stderr. By default, stdout and stderr are not captured, and those attributes
        will be None. Pass stdout=PIPE and/or stderr=PIPE in order to capture them,
        or pass capture_output=True to capture both.
    
        If check is True and the exit code was non-zero, it raises a
        CalledProcessError. The CalledProcessError object will have the return code
        in the returncode attribute, and output & stderr attributes if those streams
        were captured.
    
        If timeout is given, and the process takes too long, a TimeoutExpired
        exception will be raised.
    
        There is an optional argument "input", allowing you to
        pass bytes or a string to the subprocess's stdin.  If you use this argument
        you may not also use the Popen constructor's "stdin" argument, as
        it will be used internally.
    
        By default, all communication is in bytes, and therefore any "input" should
        be bytes, and the stdout and stderr will be bytes. If in text mode, any
        "input" should be a string, and stdout and stderr will be strings decoded
        according to locale encoding, or by "encoding" if set. Text mode is
        triggered by setting any of text, encoding, errors or universal_newlines.
    
        The other arguments are the same as for the Popen constructor.
        """
        if input is not None:
            if kwargs.get('stdin') is not None:
                raise ValueError('stdin and input arguments may not both be used.')
            kwargs['stdin'] = PIPE
    
        if capture_output:
            if kwargs.get('stdout') is not None or kwargs.get('stderr') is not None:
                raise ValueError('stdout and stderr arguments may not be used '
                                 'with capture_output.')
            kwargs['stdout'] = PIPE
            kwargs['stderr'] = PIPE
    
        with Popen(*popenargs, **kwargs) as process:
            try:
                stdout, stderr = process.communicate(input, timeout=timeout)
            except TimeoutExpired as exc:
                process.kill()
                if _mswindows:
                    # Windows accumulates the output in a single blocking
                    # read() call run on child threads, with the timeout
                    # being done in a join() on those threads.  communicate()
                    # _after_ kill() is required to collect that and add it
                    # to the exception.
                    exc.stdout, exc.stderr = process.communicate()
                else:
                    # POSIX _communicate already populated the output so
                    # far into the TimeoutExpired exception.
                    process.wait()
                raise
            except:  # Including KeyboardInterrupt, communicate handled that.
                process.kill()
                # We don't call process.wait() as .__exit__ does that for us.
                raise
            retcode = process.poll()
            if check and retcode:
>               raise CalledProcessError(retcode, process.args,
                                         output=stdout, stderr=stderr)
E               subprocess.CalledProcessError: Command '['uv', 'run', '--project', '/home/junyuzh/QEC/upgrade/TopoLS', 'prog.py', '-f', 'ghz_16', '-b', '20', '-zx', '1', '-dir', '1', '-l', '4', '-r', '0', '-s', '2', '-t', '2', '-i', '1000', '-csv', 'regression_tmp', '-sp', '0', '-b0', '0']' returned non-zero exit status 1.

/usr/lib/python3.10/subprocess.py:526: CalledProcessError
=========================== short test summary info ============================
FAILED tests/test_regression.py::test_fast_benchmarks[bv_16] - subprocess.Cal...
FAILED tests/test_regression.py::test_fast_benchmarks[dj_16] - AssertionError...
FAILED tests/test_regression.py::test_fast_benchmarks[ghz_16] - subprocess.Ca...
================= 3 failed, 6 deselected in 133.49s (0:02:13) ==================
