
=== special_benchmark=False ===
block_info: {0: [0, 7], 1: [8, 10], 2: [11, 16], 3: [17, 20], 4: [21, 23], 5: [24, 30], 6: [31, 37], 7: [38, 44], 8: [45, 48], 9: [49, 52], 10: [53, 61], 11: [62, 70], 12: [71, 74], 13: [75, 81], 14: [82, 87], 15: [88, 98], 16: [99, 109], 17: [110, 117], 18: [118, 125], 19: [126, 129], 20: [130, 136], 21: [137, 145], 22: [146, 151], 23: [152, 158], 24: [159, 164], 25: [165, 173], 26: [174, 180], 27: [181, 185], 28: [186, 193], 29: [194, 199], 30: [200, 209], 31: [210, 217], 32: [218, 229], 33: [230, 238], 34: [239, 246], 35: [247, 251], 36: [252, 256], 37: [257, 265], 38: [266, 271], 39: [272, 277], 40: [278, 282], 41: [283, 288], 42: [289, 293], 43: [294, 299], 44: [300, 305], 45: [306, 313], 46: [314, 318], 47: [319, 331], 48: [332, 337], 49: [338, 348], 50: [349, 354], 51: [355, 362], 52: [363, 367], 53: [368, 375], 54: [376, 380], 55: [381, 389], 56: [390, 399], 57: [400, 410], 58: [411, 420], 59: [421, 429], 60: [430, 435], 61: [436, 446], 62: [447, 460], 63: [461, 469], 64: [470, 477], 65: [478, 480], 66: [481, 484], 67: [485, 492], 68: [493, 496], 69: [497, 500], 70: [501, 504], 71: [505, 513], 72: [514, 520], 73: [521, 530], 74: [531, 534], 75: [535, 539], 76: [540, 553], 77: [554, 561], 78: [562, 570], 79: [571, 571]}
num layers before idling insertion: 409
num layers after idling insertion: 409
layer_to_block for layers 1-5: {1: 0, 2: 0, 3: 0, 4: 0, 5: 0}
layer 1: 16 nodes, node_output_connect nonzero count=16/16, sample noc values=[1, 1, 1, 1, 1, 1, 1, 1, 1, 1]
layer 2: 16 nodes, node_output_connect nonzero count=16/16, sample noc values=[2, 1, 1, 1, 1, 1, 1, 1, 1, 1]
layer 3: 16 nodes, node_output_connect nonzero count=16/16, sample noc values=[1, 1, 1, 1, 1, 1, 1, 1, 1, 1]
layer 4: 16 nodes, node_output_connect nonzero count=16/16, sample noc values=[1, 1, 1, 1, 1, 1, 1, 1, 1, 1]
layer 5: 16 nodes, node_output_connect nonzero count=16/16, sample noc values=[1, 1, 1, 1, 1, 1, 1, 1, 1, 1]

=== special_benchmark=True ===
block_info: {0: [0, 1], 1: [2, 7], 2: [8, 10], 3: [11, 16], 4: [17, 20], 5: [21, 23], 6: [24, 30], 7: [31, 37], 8: [38, 44], 9: [45, 48], 10: [49, 52], 11: [53, 61], 12: [62, 70], 13: [71, 74], 14: [75, 81], 15: [82, 87], 16: [88, 98], 17: [99, 109], 18: [110, 117], 19: [118, 125], 20: [126, 129], 21: [130, 136], 22: [137, 145], 23: [146, 151], 24: [152, 158], 25: [159, 164], 26: [165, 173], 27: [174, 180], 28: [181, 185], 29: [186, 193], 30: [194, 199], 31: [200, 209], 32: [210, 217], 33: [218, 229], 34: [230, 238], 35: [239, 246], 36: [247, 251], 37: [252, 256], 38: [257, 265], 39: [266, 271], 40: [272, 277], 41: [278, 282], 42: [283, 288], 43: [289, 293], 44: [294, 299], 45: [300, 305], 46: [306, 313], 47: [314, 318], 48: [319, 331], 49: [332, 337], 50: [338, 348], 51: [349, 354], 52: [355, 362], 53: [363, 367], 54: [368, 375], 55: [376, 380], 56: [381, 389], 57: [390, 399], 58: [400, 410], 59: [411, 420], 60: [421, 429], 61: [430, 435], 62: [436, 446], 63: [447, 460], 64: [461, 469], 65: [470, 477], 66: [478, 480], 67: [481, 484], 68: [485, 492], 69: [493, 496], 70: [497, 500], 71: [501, 504], 72: [505, 513], 73: [514, 520], 74: [521, 530], 75: [531, 534], 76: [535, 539], 77: [540, 553], 78: [554, 561], 79: [562, 570], 80: [571, 571]}
num layers before idling insertion: 409
num layers after idling insertion: 409
layer_to_block for layers 1-5: {1: 0, 2: 1, 3: 1, 4: 1, 5: 1}
layer 1: 16 nodes, node_output_connect nonzero count=16/16, sample noc values=[1, 1, 1, 1, 1, 1, 1, 1, 1, 1]
layer 2: 16 nodes, node_output_connect nonzero count=16/16, sample noc values=[2, 1, 1, 1, 1, 1, 1, 1, 1, 1]
layer 3: 16 nodes, node_output_connect nonzero count=16/16, sample noc values=[1, 1, 1, 1, 1, 1, 1, 1, 1, 1]
layer 4: 16 nodes, node_output_connect nonzero count=16/16, sample noc values=[1, 1, 1, 1, 1, 1, 1, 1, 1, 1]
layer 5: 16 nodes, node_output_connect nonzero count=16/16, sample noc values=[1, 1, 1, 1, 1, 1, 1, 1, 1, 1]
