(A skipped: already verified 46/46/0)

################ B. why 235 / 237 (q11, q15) are never embedded ################
distinct rows: 72  (last five: [67, 68, 69, 70, 71])
block_info (11 blocks): last three = [(8, [57, 62]), (9, [63, 70]), (10, [71, 71])]

=== the nodes in the OUTER graph ===
  235: qubit=11 row=69 type=T layer=30 block=9  neighbours=[(234, 68, 'T'), (643, 70.0, 'idle')]
  237: qubit=15 row=69 type=T layer=31 block=9  neighbours=[(236, 68, 'T'), (644, 70.0, 'H')]
  251: qubit=11 row=71 type=BOUNDARY layer=32 block=10  neighbours=[(643, 70.0, 'idle')]
  255: qubit=15 row=71 type=BOUNDARY layer=33 block=None  neighbours=[(644, 70.0, 'H')]

=== everything on those qubits in the OUTER graph, last rows ===
  q11: 613(r61.2,idle,L27,B8)  224(r63.0,Z,L28,B9)  234(r68.0,T,L29,B9)  235(r69.0,T,L30,B9)  643(r70.0,idle,L31,B9)  251(r71.0,BOUNDARY,L32,B10)
  q15: 228(r65.0,T,L30,B9)  230(r66.0,X,L29,B9)  236(r68.0,T,L30,B9)  237(r69.0,T,L31,B9)  644(r70.0,H,L32,B10)  255(r71.0,BOUNDARY,L33,BNone)

=== fallback layering of the last blocks (as driver.py does it) ===
  block 8: block_info=[57, 62] -> block_range rows [56, 62]  layers=[0, 1, 2, 3, 4, 5]
     layer 0: 3 nodes; on q[11, 15]: []
     layer 1: 16 nodes; on q[11, 15]: ['301(q11,r57,idle)', '202(q15,r57,X)']
     layer 2: 16 nodes; on q[11, 15]: ['302(q11,r58,idle)', '214(q15,r58,T)']
     layer 3: 16 nodes; on q[11, 15]: ['303(q11,r59,idle)', '215(q15,r59,T)']
     layer 4: 16 nodes; on q[11, 15]: ['304(q11,r60,idle)', '322(q15,r60,idle)']
     layer 5: 16 nodes; on q[11, 15]: ['305(q11,r61,idle)', '218(q15,r61,X)']
  block 9: block_info=[63, 70] -> block_range rows [62, 70]  layers=[0, 1, 2, 3, 4, 5, 6, 7]
     layer 0: 3 nodes; on q[11, 15]: ['224(q11,r63,Z)', '223(q15,r63,X)']
     layer 1: 16 nodes; on q[11, 15]: ['321(q11,r65,idle)', '227(q15,r64,T)']
     layer 2: 16 nodes; on q[11, 15]: ['322(q11,r68,idle)', '228(q15,r65,T)']
     layer 3: 16 nodes; on q[11, 15]: ['231(q11,r66,Z)', '230(q15,r66,X)']
     layer 4: 16 nodes; on q[11, 15]: ['234(q11,r68,T)', '236(q15,r68,T)']
     layer 5: 16 nodes; on q[11, 15]: ['235(q11,r69,T)', '237(q15,r69,T)']
     layer 6: 2 nodes; on q[11, 15]: ['327(q11,r70,H)', '328(q15,r70,H)']
     layer 7: 2 nodes; on q[11, 15]: ['251(q11,r71,BOUNDARY)', '255(q15,r71,BOUNDARY)']
  block 10: block_info=[71, 71] -> block_range rows [70, 71]  layers=[0]
     layer 0: 16 nodes; on q[11, 15]: ['251(q11,r71,BOUNDARY)', '255(q15,r71,BOUNDARY)']

=== pkl qaoa_16_wire: what is embedded near the top of those qubits ===
  q11 (z max in pkl = 60): top entries:
          301_9 pos=(2, 4, 56) type=idle ori=None qrow=(11, 67)
          302_9 pos=(2, 4, 57) type=idle ori=None qrow=(11, 70)
          267_9 pos=(0, 0, 57) type=idle ori=None qrow=(11, 1)
          231_9 pos=(6, 4, 58) type=Z ori=i qrow=(11, 66)
      234_9_old pos=(6, 4, 59) type=T ori=j qrow=(11, 68)
          234_9 pos=(6, 4, 60) type=Z ori=j qrow=(11, 68)
  q15 (z max in pkl = 60): top entries:
          227_9 pos=(7, 0, 56) type=T ori=k qrow=(15, 64)
          228_9 pos=(7, 1, 57) type=T ori=j qrow=(15, 65)
          303_9 pos=(2, 4, 58) type=idle ori=None qrow=(15, 70)
          230_9 pos=(6, 1, 58) type=X ori=i qrow=(15, 66)
      236_9_old pos=(6, 1, 59) type=T ori=i qrow=(15, 68)
          236_9 pos=(6, 0, 60) type=Z ori=i qrow=(15, 68)
