
############ qaoa_4 ############
Executing qaoa_4 benchmark.
Embedding progress:
x_length: 9.0 y_length: 3.0 z_length: 9
Space-time volume: 243.0
Time: 9
Space: 27.0
Compilation time: 31.142154693603516
Interactive pipe diagram written to: result/visualization/qaoa_4_interactive.html
QASM H-gate count: 8
H-boxes kept as cubes (on an output-port wire): 1
Expected collars (odd-length H runs, H*H=I cancelled): 8
Rendered yellow-collar count: 6
SAFETY CHECK FAILED (diff -2)

############ qaoa_16 ############
Executing qaoa_16 benchmark.
Embedding progress:
x_length: 9.0 y_length: 9.0 z_length: 58
Space-time volume: 4698.0
Time: 58
Space: 81.0
Compilation time: 229.16780757904053
Interactive pipe diagram written to: result/visualization/qaoa_16_interactive.html
QASM H-gate count: 48
H-boxes kept as cubes (on an output-port wire): 1
Expected collars (odd-length H runs, H*H=I cancelled): 48
Rendered yellow-collar count: 44
SAFETY CHECK FAILED (diff -4)

############ bv_16 ############
Executing bv_16 benchmark.
Embedding progress:
x_length: 9.0 y_length: 9.0 z_length: 6
Space-time volume: 486.0
Time: 6
Space: 81.0
Compilation time: 13.263247728347778
Interactive pipe diagram written to: result/visualization/bv_16_interactive.html
QASM H-gate count: 21
H-boxes kept as cubes (on an output-port wire): 0
Expected collars (odd-length H runs, H*H=I cancelled): 21
Rendered yellow-collar count: 21
SAFETY CHECK PASSED

############ dj_16 ############
Executing dj_16 benchmark.
Embedding progress:
x_length: 9.0 y_length: 9.0 z_length: 8
Space-time volume: 648.0
Time: 8
Space: 81.0
Compilation time: 14.831571578979492
Interactive pipe diagram written to: result/visualization/dj_16_interactive.html
QASM H-gate count: 31
H-boxes kept as cubes (on an output-port wire): 0
Expected collars (odd-length H runs, H*H=I cancelled): 31
Rendered yellow-collar count: 31
SAFETY CHECK PASSED
