bench      s  t  i     bt | volume    collars   wall_s  fallbacks
bv_16      2  2  1000  0  | 486.0     21/21     14      0
bv_16      4  2  1000  0  | 486.0     21/21     15      0
bv_16      8  2  1000  0  | 486.0     21/21     15      0
bv_16      2  5  1000  0  | 486.0     21/21     32      0
bv_16      4  5  1000  0  | 486.0     21/21     33      0
bv_16      8  5  1000  0  | 486.0     21/21     34      0
bv_16      2  2  1000  1  | 486.0     21/21     18      0

dj_16      2  2  1000  0  | 729.0     31/31     17      0
dj_16      4  2  1000  0  | 1458.0    31/31     69      2
dj_16      8  2  1000  0  | 648.0     31/31     19      0
dj_16      2  5  1000  0  | 729.0     31/31     32      0
dj_16      4  5  1000  0  | 1620.0    31/31     119     2
dj_16      8  5  1000  0  | 648.0     31/31     33      0
dj_16      2  2  1000  1  | 729.0     31/31     30      0

ghz_16     2  2  1000  0  | 891.0     1/1       61      2
ghz_16     4  2  1000  0  | 324.0     1/1       10      0
ghz_16     8  2  1000  0  | 324.0     1/1       10      0
ghz_16     2  5  1000  0  | 972.0     1/1       124     2
ghz_16     4  5  1000  0  | 324.0     1/1       19      0
ghz_16     8  5  1000  0  | 243.0     1/1       20      0
ghz_16     2  2  1000  1  | 243.0     1/1       14      0

vqe_16     2  2  1000  0  | 3888.0    82/82     152     0
vqe_16     4  2  1000  0  | 3807.0    82/82     180     4
vqe_16     8  2  1000  0  | 3969.0    82/82     157     0
vqe_16     2  5  1000  0  | 3888.0    82/82     345     0
vqe_16     4  5  1000  0  | 3726.0    82/82     414     4
vqe_16     8  5  1000  0  | 3969.0    82/82     345     0
vqe_16     2  2  1000  1  | 3807.0    82/82     200     0

wstate_16  2  2  1000  0  | 8262.0    74/74     159     0
wstate_16  4  2  1000  0  | 8262.0    74/74     157     0
wstate_16  8  2  1000  0  | 8262.0    74/74     174     0
wstate_16  2  5  1000  0  | 8262.0    74/74     266     0
wstate_16  4  5  1000  0  | 8262.0    74/74     265     0
wstate_16  8  5  1000  0  | 8262.0    74/74     307     0
wstate_16  2  2  1000  1  | 8100.0    74/74     142     0

qaoa_16    2  2  1000  0  | 4941.0    48/48     261     10
qaoa_16    4  2  1000  0  | 4050.0    48/48     153     2
qaoa_16    8  2  1000  0  | 4941.0    48/48     273     10
qaoa_16    2  5  1000  0  | 4212.0    48/48     370     6
qaoa_16    4  5  1000  0  | 4050.0    48/48     305     2
qaoa_16    8  5  1000  0  | 4293.0    48/48     439     6
qaoa_16    2  2  1000  1  | 4212.0    48/48     213     4

