MAIN i=1 block=0 nodes={'16': (5, 1), '18': (5, 1), '20': (5, 1), '22': (4, 1), '23': (4, 1), '24': (4, 1), '26': (4, 1), '27': (5, 1), '29': (5, 1), '31': (4, 1), '32': (5, 1), '34': (5, 1), '36': (4, 1), '37': (5, 1), '405': (2, 1), '412': (2, 1)} inputs={'16': [('0', True)], '18': [('1', True)], '20': [('2', True)], '22': [('3', True)], '23': [('5', True)], '24': [('6', True)], '26': [('8', True)], '27': [('9', True)], '29': [('10', True)], '31': [('11', True)], '32': [('12', True)], '34': [('13', True)], '36': [('14', True)], '37': [('15', True)], '405': [('4', True)], '412': [('7', True)]}
MAIN i=2 block=0 nodes={'17': (5, 1), '19': (5, 1), '21': (5, 1), '55': (5, 1), '57': (5, 1), '59': (5, 1), '61': (5, 1), '28': (5, 1), '30': (5, 1), '65': (5, 1), '33': (5, 1), '35': (5, 1), '69': (5, 1), '38': (5, 1), '406': (2, 1), '413': (2, 1)} inputs={'17': [('16', True)], '19': [('18', True)], '21': [('20', True)], '55': [('22', True)], '57': [('23', True)], '59': [('24', True)], '61': [('26', True)], '28': [('27', True)], '30': [('29', True)], '65': [('31', True)], '33': [('32', True)], '35': [('34', True)], '69': [('36', True)], '38': [('37', True)], '406': [('405', True)], '413': [('412', True)]}
MAIN i=3 block=0 nodes={'51': (5, 1), '53': (5, 1), '56': (5, 1), '58': (5, 1), '60': (5, 1), '62': (5, 1), '63': (5, 1), '66': (5, 1), '67': (5, 1), '70': (5, 1), '71': (5, 1), '407': (2, 1), '414': (2, 1), '419': (2, 1), '432': (2, 1), '437': (2, 1)} inputs={'51': [('17', True)], '53': [('21', True)], '56': [('55', True)], '58': [('57', True)], '60': [('59', True)], '62': [('61', True)], '63': [('28', True)], '66': [('65', True)], '67': [('35', True)], '70': [('69', True)], '71': [('38', True)], '407': [('406', True)], '414': [('413', True)], '419': [('19', True)], '432': [('30', True)], '437': [('33', True)]}
MAIN i=4 block=0 nodes={'52': (5, 1), '54': (5, 1), '88': (5, 1), '90': (5, 1), '92': (5, 1), '94': (5, 1), '64': (5, 1), '98': (5, 1), '68': (5, 1), '102': (5, 1), '72': (5, 1), '408': (2, 1), '415': (2, 1), '420': (2, 1), '433': (2, 1), '438': (2, 1)} inputs={'52': [('51', True)], '54': [('53', True)], '88': [('56', True)], '90': [('58', True)], '92': [('60', True)], '94': [('62', True)], '64': [('63', True)], '98': [('66', True)], '68': [('67', True)], '102': [('70', True)], '72': [('71', True)], '408': [('407', True)], '415': [('414', True)], '420': [('419', True)], '433': [('432', True)], '438': [('437', True)]}
MAIN i=5 block=0 nodes={'84': (5, 1), '86': (5, 1), '89': (5, 1), '91': (5, 1), '93': (5, 1), '95': (5, 1), '96': (5, 1), '99': (5, 1), '100': (5, 1), '103': (5, 2), '104': (5, 1), '409': (2, 1), '416': (2, 1), '421': (2, 1), '434': (2, 1), '439': (2, 1)} inputs={'84': [('52', True)], '86': [('54', True)], '89': [('88', True)], '91': [('90', True)], '93': [('92', True)], '95': [('94', True)], '96': [('64', True)], '99': [('98', True)], '100': [('68', True)], '103': [('102', True)], '104': [('72', True)], '409': [('408', True)], '416': [('415', True)], '421': [('420', True)], '434': [('433', True)], '439': [('438', True)]}
MAIN i=5 block=0: MCTS tier returned None for every seed (ceiling_flag=0)
MAIN i=6 block=0 nodes={'85': (5, 1), '87': (5, 1), '97': (5, 1), '101': (5, 1), '106': (1, 1), '108': (1, 1), '105': (5, 0), '410': (2, 1), '417': (2, 1), '422': (2, 1), '435': (2, 1), '440': (2, 1), '452': (2, 1), '454': (2, 1), '456': (2, 1), '458': (2, 1), '461': (2, 1)} inputs={'85': [('84', True)], '87': [('86', True)], '97': [('96', True)], '101': [('100', True)], '106': [('103', True)], '108': [('103', True)], '105': [('104', True)], '410': [('409', True)], '417': [('416', True)], '422': [('421', True)], '435': [('434', True)], '440': [('439', True)], '452': [('89', True)], '454': [('91', True)], '456': [('93', True)], '458': [('95', True)], '461': [('99', True)]}
MAIN i=7 block=0 nodes={'110': (4, 1), '411': (2, 1), '418': (2, 1), '423': (2, 1), '436': (2, 1), '441': (2, 1), '442': (2, 1), '451': (2, 1), '453': (2, 1), '455': (2, 1), '457': (2, 1), '459': (2, 1), '460': (2, 1), '462': (2, 1), '463': (2, 1), '464': (2, 1)} inputs={'110': [('106', True)], '411': [('410', True)], '418': [('417', True)], '423': [('422', True)], '436': [('435', True)], '441': [('440', True)], '442': [('85', True)], '451': [('87', True)], '453': [('452', True)], '455': [('454', True)], '457': [('456', True)], '459': [('458', True)], '460': [('97', True)], '462': [('461', True)], '463': [('101', True)], '464': [('108', True)]}
MAIN i=8 block=1 nodes={'111': (1, 1), '112': (0, 1), '113': (4, 1), '114': (5, 1), '117': (0, 2), '123': (0, 2), '132': (0, 2), '139': (0, 2), '148': (0, 2), '159': (0, 2), '172': (0, 2), '186': (0, 2), '202': (0, 2), '218': (0, 2), '424': (2, 1), '443': (2, 1)} inputs={'111': [('463', True)], '112': [('441', True)], '113': [('464', True)], '114': [('110', True)], '117': [('462', True)], '123': [('436', True)], '132': [('460', True)], '139': [('459', True)], '148': [('418', True)], '159': [('457', True)], '172': [('455', True)], '186': [('411', True)], '202': [('453', True)], '218': [('451', True)], '424': [('423', True)], '443': [('442', True)]}
MAIN i=9 block=1 nodes={'118': (5, 1), '116': (1, 1), '127': (5, 1), '115': (5, 1), '122': (1, 1), '131': (1, 1), '138': (1, 1), '147': (1, 1), '158': (1, 1), '171': (1, 1), '185': (1, 1), '201': (1, 1), '217': (1, 1), '425': (2, 1), '444': (2, 1), '491': (2, 1)} inputs={'118': [('111', True)], '116': [('112', True), ('117', True)], '127': [('113', True)], '115': [('114', True)], '122': [('117', True), ('123', True)], '131': [('123', True), ('132', True)], '138': [('132', True), ('139', True)], '147': [('139', True), ('148', True)], '158': [('148', True), ('159', True)], '171': [('159', True), ('172', True)], '185': [('172', True), ('186', True)], '201': [('186', True), ('202', True)], '217': [('202', True), ('218', True)], '425': [('424', True)], '444': [('443', True)], '491': [('218', True)]}
MAIN i=9 block=1: MCTS tier returned None for every seed (ceiling_flag=0)
MAIN i=9 block=1: ceiling-retry tier returned None too -> gate-by-gate FALLBACK
FALLBACK block=1 at outer i=9: block_range=[10, 21] rows_=[0, 1, 2, 3, 4, 5, 6, 7, 8, 9, 10, 11]
  j=1/11 block=1 nodes={'111': (1, 1), '112': (0, 1), '113': (4, 1), '114': (5, 1), '405': (2, 1), '413': (2, 1), '418': (2, 1), '429': (2, 1), '431': (2, 1), '442': (2, 1), '452': (2, 1), '461': (2, 1), '468': (2, 1), '474': (2, 1), '478': (2, 1), '481': (2, 1)}
  j=1 block=1 embedded by MCTS/ceiling tier; state has 47 nodes
  j=2/11 block=1 nodes={'115': (5, 1), '116': (1, 1), '117': (0, 1), '118': (5, 1), '406': (2, 1), '414': (2, 1), '419': (2, 1), '430': (2, 1), '432': (2, 1), '443': (2, 1), '453': (2, 1), '462': (2, 1), '469': (2, 1), '475': (2, 1), '479': (2, 1), '482': (2, 1)}
  j=2 block=1 embedded by MCTS/ceiling tier; state has 63 nodes
  j=3/11 block=1 nodes={'119': (5, 1), '122': (1, 1), '123': (0, 1), '124': (5, 1), '127': (5, 1), '407': (2, 1), '415': (2, 1), '420': (2, 1), '433': (2, 1), '444': (2, 1), '454': (2, 1), '463': (2, 1), '470': (2, 1), '476': (2, 1), '480': (2, 1), '483': (2, 1)}
  j=3 block=1 embedded by MCTS/ceiling tier; state has 79 nodes
  j=4/11 block=1 nodes={'125': (5, 1), '128': (5, 1), '129': (5, 1), '131': (1, 1), '132': (0, 1), '133': (4, 1), '408': (2, 1), '416': (2, 1), '421': (2, 1), '434': (2, 1), '445': (2, 1), '455': (2, 1), '464': (2, 1), '471': (2, 1), '477': (2, 1), '484': (2, 1)}
  j=4 block=1 embedded by MCTS/ceiling tier; state has 95 nodes
  j=5/11 block=1 nodes={'130': (5, 1), '135': (5, 1), '138': (1, 1), '139': (0, 1), '140': (4, 1), '409': (2, 1), '417': (2, 1), '422': (2, 1), '435': (2, 1), '446': (2, 1), '456': (2, 1), '465': (2, 1), '472': (2, 1), '485': (2, 1), '486': (2, 1), '489': (2, 1)}
  j=5 block=1 embedded by MCTS/ceiling tier; state has 111 nodes
  j=6/11 block=1 nodes={'136': (5, 1), '142': (5, 1), '145': (5, 1), '147': (1, 1), '148': (0, 1), '149': (4, 1), '151': (5, 1), '410': (2, 1), '423': (2, 1), '436': (2, 1), '447': (2, 1), '457': (2, 1), '466': (2, 1), '473': (2, 1), '487': (2, 1), '491': (2, 1)}
  j=6 block=1 embedded by MCTS/ceiling tier; state has 127 nodes
  j=7/11 block=1 nodes={'143': (5, 1), '146': (5, 1), '152': (5, 1), '158': (1, 1), '159': (0, 1), '160': (5, 1), '163': (5, 1), '411': (2, 1), '424': (2, 1), '437': (2, 1), '448': (2, 1), '458': (2, 1), '467': (2, 1), '488': (2, 1), '490': (2, 1), '493': (2, 1)}
  j=7 block=1 embedded by MCTS/ceiling tier; state has 159 nodes
  j=8/11 block=1 nodes={'154': (5, 1), '156': (1, 1), '157': (0, 1), '161': (5, 1), '164': (5, 1), '171': (1, 1), '172': (0, 1), '173': (5, 1), '176': (5, 1), '412': (2, 1), '425': (2, 1), '438': (2, 1), '449': (2, 1), '459': (2, 1), '492': (2, 1), '494': (2, 1)}
  j=8 block=1 embedded by MCTS/ceiling tier; state has 175 nodes
  j=9/11 block=1 nodes={'155': (5, 1), '166': (5, 1), '170': (4, 1), '174': (5, 1), '177': (5, 1), '179': (5, 1), '185': (1, 1), '186': (0, 1), '187': (5, 1), '426': (2, 1), '439': (2, 1), '450': (2, 1), '460': (2, 1), '495': (2, 1), '496': (2, 1), '497': (2, 1)}
  j=9 block=1 embedded by MCTS/ceiling tier; state has 191 nodes
  j=10/11 block=1 nodes={'167': (5, 1), '168': (1, 1), '169': (0, 1), '180': (5, 1), '188': (5, 1), '190': (5, 1), '193': (5, 1), '201': (1, 1), '202': (0, 1), '203': (4, 1), '427': (2, 1), '440': (2, 1), '451': (2, 1), '498': (2, 1), '499': (2, 1), '500': (2, 1)}
  j=10 block=1 embedded by MCTS/ceiling tier; state has 223 nodes
  j=11/11 block=1 nodes={'181': (1, 0), '182': (0, 0), '183': (4, 0), '191': (5, 0), '194': (5, 0), '199': (5, 0), '205': (5, 0), '208': (5, 0), '217': (1, 0), '218': (0, 0), '219': (5, 0), '428': (2, 0), '441': (2, 0), '501': (2, 0), '502': (2, 0), '503': (2, 0)}
  j=11 block=1 embedded by MCTS/ceiling tier; state has 239 nodes
outer i=10 block=1 SKIPPED (fallback already did this block)
outer i=11 block=1 SKIPPED (fallback already did this block)
outer i=12 block=1 SKIPPED (fallback already did this block)
outer i=13 block=1 SKIPPED (fallback already did this block)
outer i=14 block=1 SKIPPED (fallback already did this block)
outer i=15 block=1 SKIPPED (fallback already did this block)
outer i=16 block=2 leaving fallback-done block 1, input_mapping_flag=1
MAIN i=16 block=2 nodes={'195': (1, 1), '196': (0, 1), '197': (4, 1), '200': (5, 1), '206': (5, 1), '209': (5, 2), '211': (0, 2), '214': (5, 1), '220': (5, 1), '222': (5, 1), '225': (5, 1), '237': (1, 1), '238': (0, 1), '239': (5, 1), '242': (5, 1), '257': (4, 2)} inputs={'195': [('182_1', True)], '196': [('501_1', True)], '197': [('181_1', True)], '200': [('199_1', True)], '206': [('205_1', True)], '209': [('208_1', True)], '211': [('194_1', True)], '214': [('183_1', True)], '220': [('219_1', True)], '222': [('502_1', True)], '225': [('191_1', True)], '237': [('218_1', True)], '238': [('428_1', True)], '239': [('217_1', True)], '242': [('503_1', True)], '257': [('441_1', True)]}
MAIN i=17 block=2 nodes={'212': (4, 1), '210': (1, 1), '232': (5, 1), '235': (5, 1), '245': (5, 1), '227': (1, 1), '247': (1, 1), '215': (5, 1), '260': (5, 1), '223': (5, 1), '226': (5, 1), '258': (4, 1), '256': (1, 1), '240': (5, 1), '243': (5, 1), '309': (5, 1)} inputs={'212': [('195', True)], '210': [('196', True), ('211', True)], '232': [('197', True)], '235': [('200', True)], '245': [('206', True)], '227': [('211', True), ('209', True)], '247': [('209', True)], '215': [('214', True)], '260': [('220', True)], '223': [('222', True)], '226': [('225', True)], '258': [('237', True)], '256': [('238', True), ('257', True)], '240': [('239', True)], '243': [('242', True)], '309': [('257', True)]}
MAIN i=17 block=2: MCTS tier returned None for every seed (ceiling_flag=0)
MAIN i=17 block=2: ceiling-retry tier returned None too -> gate-by-gate FALLBACK
FALLBACK block=2 at outer i=17: block_range=[21, 32] rows_=[0, 1, 2, 3, 4, 5, 6, 7, 8, 9, 10, 11]
  j=1/11 block=2 nodes={'195': (1, 1), '196': (0, 1), '197': (4, 1), '200': (5, 1), '206': (5, 1), '209': (5, 1), '220': (5, 1), '222': (5, 1), '237': (1, 1), '238': (0, 1), '239': (5, 1), '242': (5, 1), '405': (2, 1), '406': (2, 1), '407': (2, 1), '408': (2, 1)}
  j=1 block=2 embedded by MCTS/ceiling tier; state has 37 nodes
  j=2/11 block=2 nodes={'210': (1, 1), '211': (0, 1), '212': (4, 1), '214': (5, 1), '223': (5, 1), '225': (5, 1), '240': (5, 1), '243': (5, 1), '256': (1, 1), '257': (0, 1), '258': (4, 1), '409': (2, 1), '410': (2, 1), '411': (2, 1), '412': (2, 1), '415': (2, 1)}
  j=2 block=2 embedded by MCTS/ceiling tier; state has 53 nodes
  j=3/11 block=2 nodes={'215': (5, 1), '226': (5, 1), '227': (1, 1), '228': (0, 1), '229': (5, 1), '232': (5, 1), '235': (5, 1), '245': (5, 1), '260': (5, 1), '274': (4, 1), '275': (5, 1), '413': (2, 1), '416': (2, 1), '426': (2, 1), '427': (2, 1), '435': (2, 1)}
  j=3 block=2 embedded by MCTS/ceiling tier; state has 85 nodes
  j=4/11 block=2 nodes={'230': (5, 1), '233': (5, 1), '236': (5, 1), '246': (5, 1), '247': (1, 1), '248': (0, 1), '249': (4, 1), '251': (5, 1), '261': (5, 1), '263': (5, 1), '276': (5, 1), '278': (5, 1), '281': (5, 1), '295': (5, 1), '414': (2, 1), '443': (2, 1)}
  j=4 block=2 embedded by MCTS/ceiling tier; state has 101 nodes
  j=5/11 block=2 nodes={'252': (5, 1), '254': (5, 1), '264': (5, 1), '265': (1, 1), '266': (0, 1), '267': (4, 1), '279': (5, 1), '282': (5, 1), '296': (5, 1), '309': (5, 1), '417': (2, 1), '418': (2, 1), '419': (2, 1), '428': (2, 1), '436': (2, 1), '444': (2, 1)}
  j=5 block=2 embedded by MCTS/ceiling tier; state has 117 nodes
  j=6/11 block=2 nodes={'255': (5, 1), '269': (5, 1), '272': (5, 1), '283': (1, 1), '284': (0, 1), '285': (5, 1), '288': (5, 1), '298': (5, 1), '310': (5, 1), '311': (5, 1), '420': (2, 1), '429': (2, 1), '437': (2, 1), '445': (2, 1), '446': (2, 1), '455': (2, 1)}
  j=6 block=2 embedded by MCTS/ceiling tier; state has 149 nodes
  j=7/11 block=2 nodes={'270': (5, 1), '273': (5, 1), '286': (5, 1), '289': (5, 1), '291': (5, 1), '299': (5, 1), '300': (1, 1), '301': (0, 1), '302': (4, 1), '304': (5, 1), '312': (5, 1), '314': (5, 1), '325': (5, 1), '421': (2, 1), '430': (2, 1), '459': (2, 1)}
  j=7 block=2 embedded by MCTS/ceiling tier; state has 165 nodes
  j=8/11 block=2 nodes={'292': (5, 1), '305': (5, 1), '315': (5, 1), '316': (1, 1), '317': (0, 1), '318': (4, 1), '326': (5, 1), '335': (5, 1), '422': (2, 1), '431': (2, 1), '438': (2, 1), '439': (2, 1), '447': (2, 1), '451': (2, 1), '456': (2, 1), '460': (2, 1)}
  j=8 block=2 embedded by MCTS/ceiling tier; state has 181 nodes
  j=9/11 block=2 nodes={'307': (5, 1), '321': (5, 1), '327': (1, 1), '328': (0, 1), '329': (4, 1), '331': (5, 1), '336': (5, 1), '337': (5, 1), '423': (2, 1), '432': (2, 1), '440': (2, 1), '448': (2, 1), '452': (2, 1), '457': (2, 1), '461': (2, 1), '463': (2, 1)}
  j=9 block=2 embedded by MCTS/ceiling tier; state has 197 nodes
  j=10/11 block=2 nodes={'308': (5, 1), '322': (5, 1), '332': (5, 1), '333': (5, 1), '338': (5, 1), '339': (1, 1), '340': (0, 1), '341': (4, 1), '343': (5, 1), '424': (2, 1), '433': (2, 1), '441': (2, 1), '449': (2, 1), '453': (2, 1), '464': (2, 1), '466': (2, 1)}
  j=10 block=2 embedded by MCTS/ceiling tier; state has 213 nodes
  j=11/11 block=2 nodes={'334': (5, 0), '344': (5, 0), '346': (1, 0), '347': (0, 0), '348': (4, 0), '350': (5, 0), '425': (2, 0), '434': (2, 0), '442': (2, 0), '450': (2, 0), '454': (2, 0), '458': (2, 0), '462': (2, 0), '465': (2, 0), '467': (2, 0), '468': (2, 0)}
  j=11 block=2 embedded by MCTS/ceiling tier; state has 229 nodes
outer i=18 block=2 SKIPPED (fallback already did this block)
outer i=19 block=2 SKIPPED (fallback already did this block)
outer i=20 block=2 SKIPPED (fallback already did this block)
outer i=21 block=2 SKIPPED (fallback already did this block)
outer i=22 block=2 SKIPPED (fallback already did this block)
outer i=23 block=2 SKIPPED (fallback already did this block)
outer i=24 block=3 leaving fallback-done block 2, input_mapping_flag=1
MAIN i=24 block=3 nodes={'351': (5, 1), '353': (5, 1), '355': (1, 1), '356': (5, 1), '357': (5, 1), '360': (5, 1), '363': (5, 1), '368': (5, 1), '508': (2, 1), '518': (2, 1), '527': (2, 1), '536': (2, 1), '544': (2, 1), '550': (2, 1), '557': (2, 1), '565': (2, 1)} inputs={'351': [('350_2', True)], '353': [('465_2', True)], '355': [('347_2', True)], '356': [('467_2', True)], '357': [('346_2', True)], '360': [('468_2', True)], '363': [('344_2', True)], '368': [('348_2', True)], '508': [('425_2', True)], '518': [('434_2', True)], '527': [('442_2', True)], '536': [('450_2', True)], '544': [('454_2', True)], '550': [('458_2', True)], '557': [('462_2', True)], '565': [('334_2', True)]}
MAIN i=25 block=3 nodes={'371': (5, 1), '354': (5, 1), '366': (5, 1), '358': (5, 1), '361': (5, 1), '364': (5, 1), '369': (5, 1), '509': (2, 1), '519': (2, 1), '528': (2, 1), '537': (2, 1), '545': (2, 1), '551': (2, 1), '558': (2, 1), '566': (2, 1), '581': (2, 1)} inputs={'371': [('351', True)], '354': [('353', True)], '366': [('356', True)], '358': [('357', True)], '361': [('360', True)], '364': [('363', True)], '369': [('368', True)], '509': [('508', True)], '519': [('518', True)], '528': [('527', True)], '537': [('536', True)], '545': [('544', True)], '551': [('550', True)], '558': [('557', True)], '566': [('565', True)], '581': [('355', True)]}
MAIN i=26 block=3 nodes={'372': (5, 1), '379': (5, 1), '374': (5, 1), '377': (5, 1), '382': (5, 1), '510': (2, 1), '520': (2, 1), '529': (2, 1), '538': (2, 1), '546': (2, 1), '552': (2, 1), '559': (2, 1), '567': (2, 1), '577': (2, 1), '582': (2, 1), '586': (2, 1)} inputs={'372': [('371', True)], '379': [('366', True)], '374': [('358', True)], '377': [('361', True)], '382': [('369', True)], '510': [('509', True)], '520': [('519', True)], '529': [('528', True)], '538': [('537', True)], '546': [('545', True)], '552': [('551', True)], '559': [('558', True)], '567': [('566', True)], '577': [('354', True)], '582': [('581', True)], '586': [('364', True)]}
MAIN i=27 block=3 nodes={'380': (5, 1), '375': (5, 1), '378': (5, 1), '383': (5, 1), '511': (2, 1), '521': (2, 1), '530': (2, 1), '539': (2, 1), '547': (2, 1), '553': (2, 1), '560': (2, 1), '568': (2, 1), '578': (2, 1), '583': (2, 1), '587': (2, 1), '590': (2, 1)} inputs={'380': [('379', True)], '375': [('374', True)], '378': [('377', True)], '383': [('382', True)], '511': [('510', True)], '521': [('520', True)], '530': [('529', True)], '539': [('538', True)], '547': [('546', True)], '553': [('552', True)], '560': [('559', True)], '568': [('567', True)], '578': [('577', True)], '583': [('582', True)], '587': [('586', True)], '590': [('372', True)]}
MAIN i=28 block=3 nodes={'387': (5, 1), '385': (5, 1), '512': (2, 1), '522': (2, 1), '531': (2, 1), '540': (2, 1), '548': (2, 1), '554': (2, 1), '561': (2, 1), '569': (2, 1), '579': (2, 1), '584': (2, 1), '588': (2, 1), '591': (2, 1), '593': (2, 1), '595': (2, 1)} inputs={'387': [('380', True)], '385': [('375', True)], '512': [('511', True)], '522': [('521', True)], '531': [('530', True)], '540': [('539', True)], '548': [('547', True)], '554': [('553', True)], '561': [('560', True)], '569': [('568', True)], '579': [('578', True)], '584': [('583', True)], '588': [('587', True)], '591': [('590', True)], '593': [('378', True)], '595': [('383', True)]}
MAIN i=29 block=3 nodes={'388': (5, 1), '386': (5, 1), '513': (2, 1), '523': (2, 1), '532': (2, 1), '541': (2, 1), '549': (2, 1), '555': (2, 1), '562': (2, 1), '570': (2, 1), '580': (2, 1), '585': (2, 1), '589': (2, 1), '592': (2, 1), '594': (2, 1), '596': (2, 1)} inputs={'388': [('387', True)], '386': [('385', True)], '513': [('512', True)], '523': [('522', True)], '532': [('531', True)], '541': [('540', True)], '549': [('548', True)], '555': [('554', True)], '562': [('561', True)], '570': [('569', True)], '580': [('579', True)], '585': [('584', True)], '589': [('588', True)], '592': [('591', True)], '594': [('593', True)], '596': [('595', True)]}
MAIN i=30 block=4 nodes={} inputs={}
RETURN main-loop seal at i=30 block=4 brute_last=False layer nodes=[]
