MAIN i=1 block=0 nodes={'33': (0, 2), '35': (0, 1), '32': (1, 1), '34': (1, 1), '256': (2, 1), '259': (2, 1), '265': (2, 1), '274': (2, 1), '280': (2, 1), '295': (2, 1), '307': (2, 1), '322': (2, 1), '340': (2, 1), '349': (2, 1), '352': (2, 1), '358': (2, 1)} inputs={'33': [('0', True)], '35': [('2', True)], '32': [('5', True)], '34': [('14', True)], '256': [('1', True)], '259': [('3', True)], '265': [('4', True)], '274': [('6', True)], '280': [('7', True)], '295': [('8', True)], '307': [('9', True)], '322': [('10', True)], '340': [('11', True)], '349': [('12', True)], '352': [('13', True)], '358': [('15', True)]}
MAIN i=2 block=0 nodes={'40': (1, 2), '36': (5, 1), '38': (5, 1), '257': (2, 1), '260': (2, 1), '266': (2, 1), '275': (2, 1), '281': (2, 1), '296': (2, 1), '308': (2, 1), '323': (2, 1), '341': (2, 1), '350': (2, 1), '353': (2, 1), '359': (2, 1), '373': (2, 1), '375': (2, 1)} inputs={'40': [('33', True)], '36': [('32', True)], '38': [('34', True)], '257': [('256', True)], '260': [('259', True)], '266': [('265', True)], '275': [('274', True)], '281': [('280', True)], '296': [('295', True)], '308': [('307', True)], '323': [('322', True)], '341': [('340', True)], '350': [('349', True)], '353': [('352', True)], '359': [('358', True)], '373': [('33', True)], '375': [('35', True)]}
MAIN i=3 block=0 nodes={'37': (5, 0), '39': (5, 1), '258': (2, 1), '261': (2, 1), '267': (2, 1), '276': (2, 1), '282': (2, 1), '297': (2, 1), '309': (2, 1), '324': (2, 1), '342': (2, 1), '351': (2, 1), '354': (2, 1), '360': (2, 1), '374': (2, 1), '376': (2, 1), '377': (2, 1)} inputs={'37': [('36', True), ('40', True)], '39': [('38', True)], '258': [('257', True)], '261': [('260', True)], '267': [('266', True)], '276': [('275', True)], '282': [('281', True)], '297': [('296', True)], '309': [('308', True)], '324': [('323', True)], '342': [('341', True)], '351': [('350', True)], '354': [('353', True)], '360': [('359', True)], '374': [('373', True)], '376': [('375', True)], '377': [('40', True)]}
MAIN i=4 block=1 nodes={'42': (1, 1), '43': (0, 1), '44': (1, 1), '45': (0, 2), '46': (1, 1), '262': (2, 1), '268': (2, 1), '277': (2, 1), '283': (2, 1), '298': (2, 1), '310': (2, 1), '325': (2, 1), '343': (2, 1), '355': (2, 1), '361': (2, 1), '378': (2, 1)} inputs={'42': [('39', True)], '43': [('376', True)], '44': [('258', True)], '45': [('374', True)], '46': [('351', True)], '262': [('261', True)], '268': [('267', True)], '277': [('276', True)], '283': [('282', True)], '298': [('297', True)], '310': [('309', True)], '325': [('324', True)], '343': [('342', True)], '355': [('354', True)], '361': [('360', True)], '378': [('377', True)]}
MAIN i=5 block=1 nodes={'55': (0, 2), '48': (5, 1), '52': (1, 2), '50': (5, 1), '263': (2, 1), '269': (2, 1), '278': (2, 1), '284': (2, 1), '299': (2, 1), '311': (2, 1), '326': (2, 1), '344': (2, 1), '356': (2, 1), '362': (2, 1), '379': (2, 1), '387': (2, 1), '392': (2, 1)} inputs={'55': [('43', True)], '48': [('44', True)], '52': [('45', True)], '50': [('46', True)], '263': [('262', True)], '269': [('268', True)], '278': [('277', True)], '284': [('283', True)], '299': [('298', True)], '311': [('310', True)], '326': [('325', True)], '344': [('343', True)], '356': [('355', True)], '362': [('361', True)], '379': [('378', True)], '387': [('42', True)], '392': [('45', True)]}
MAIN i=6 block=1 nodes={'54': (1, 1), '49': (5, 0), '51': (5, 0), '264': (2, 1), '270': (2, 1), '279': (2, 1), '285': (2, 1), '300': (2, 1), '312': (2, 1), '327': (2, 1), '345': (2, 1), '357': (2, 1), '363': (2, 1), '380': (2, 1), '388': (2, 1), '393': (2, 1), '394': (2, 1), '407': (2, 1)} inputs={'54': [('55', True)], '49': [('48', True), ('52', True)], '51': [('50', True)], '264': [('263', True)], '270': [('269', True)], '279': [('278', True)], '285': [('284', True)], '300': [('299', True)], '312': [('311', True)], '327': [('326', True)], '345': [('344', True)], '357': [('356', True)], '363': [('362', True)], '380': [('379', True)], '388': [('387', True)], '393': [('392', True)], '394': [('52', True)], '407': [('55', True)]}
MAIN i=7 block=2 nodes={'56': (1, 1), '57': (0, 2), '58': (1, 1), '59': (0, 2), '60': (1, 1), '61': (0, 2), '271': (2, 1), '286': (2, 1), '301': (2, 1), '313': (2, 1), '328': (2, 1), '346': (2, 1), '364': (2, 1), '381': (2, 1), '389': (2, 1), '395': (2, 1)} inputs={'56': [('357', True)], '57': [('393', True)], '58': [('264', True)], '59': [('394', True)], '60': [('279', True)], '61': [('407', True)], '271': [('270', True)], '286': [('285', True)], '301': [('300', True)], '313': [('312', True)], '328': [('327', True)], '346': [('345', True)], '364': [('363', True)], '381': [('380', True)], '389': [('388', True)], '395': [('54', True)]}
MAIN i=8 block=2 nodes={'66': (5, 1), '68': (1, 2), '82': (5, 1), '62': (5, 1), '70': (1, 2), '64': (5, 1), '72': (1, 2), '272': (2, 1), '287': (2, 1), '302': (2, 1), '314': (2, 1), '329': (2, 1), '347': (2, 1), '365': (2, 1), '382': (2, 1), '390': (2, 1), '396': (2, 1), '408': (2, 1), '410': (2, 1)} inputs={'66': [('56', True)], '68': [('57', True)], '82': [('57', True)], '62': [('58', True)], '70': [('59', True)], '64': [('60', True)], '72': [('61', True)], '272': [('271', True)], '287': [('286', True)], '302': [('301', True)], '314': [('313', True)], '329': [('328', True)], '347': [('346', True)], '365': [('364', True)], '382': [('381', True)], '390': [('389', True)], '396': [('395', True)], '408': [('59', True)], '410': [('61', True)]}
MAIN i=8 block=2: MCTS tier returned None for every seed (ceiling_flag=0)
MAIN i=9 block=2 nodes={'67': (5, 0), '63': (5, 0), '65': (5, 0), '273': (2, 1), '288': (2, 1), '303': (2, 1), '315': (2, 1), '330': (2, 1), '348': (2, 1), '366': (2, 1), '383': (2, 1), '391': (2, 1), '397': (2, 1), '409': (2, 1), '411': (2, 1), '412': (2, 1), '416': (2, 1), '417': (2, 1), '424': (2, 1)} inputs={'67': [('66', True), ('68', True)], '63': [('62', True), ('70', True)], '65': [('64', True), ('72', True)], '273': [('272', True)], '288': [('287', True)], '303': [('302', True)], '315': [('314', True)], '330': [('329', True)], '348': [('347', True)], '366': [('365', True)], '383': [('382', True)], '391': [('390', True)], '397': [('396', True)], '409': [('408', True)], '411': [('410', True)], '412': [('68', True)], '416': [('70', True)], '417': [('72', True)], '424': [('82', True)]}
MAIN i=9 block=2: MCTS tier returned None for every seed (ceiling_flag=0)
MAIN i=9 block=2: ceiling-retry tier returned None too -> gate-by-gate FALLBACK
FALLBACK block=2 at outer i=9: block_range=[11, 19] rows_=[0, 1, 2, 3, 4, 5, 6, 7, 8]
  j=1/8 block=2 nodes={'56': (1, 1), '57': (0, 1), '256': (2, 1), '257': (2, 1), '265': (2, 1), '267': (2, 1), '275': (2, 1), '283': (2, 1), '291': (2, 1), '299': (2, 1), '307': (2, 1), '315': (2, 1), '323': (2, 1), '331': (2, 1), '332': (2, 1), '340': (2, 1)}
  j=1 block=2 embedded by MCTS/ceiling tier; state has 47 nodes
  j=2/8 block=2 nodes={'58': (1, 1), '59': (0, 1), '66': (5, 1), '258': (2, 1), '266': (2, 1), '268': (2, 1), '276': (2, 1), '284': (2, 1), '292': (2, 1), '300': (2, 1), '308': (2, 1), '316': (2, 1), '324': (2, 1), '333': (2, 1), '341': (2, 1), '342': (2, 1)}
  j=2 block=2 embedded by MCTS/ceiling tier; state has 63 nodes
  j=3/8 block=2 nodes={'60': (1, 1), '61': (0, 1), '67': (5, 1), '259': (2, 1), '269': (2, 1), '277': (2, 1), '285': (2, 1), '293': (2, 1), '301': (2, 1), '309': (2, 1), '317': (2, 1), '325': (2, 1), '334': (2, 1), '343': (2, 1), '346': (2, 1), '347': (2, 1)}
  j=3 block=2 embedded by MCTS/ceiling tier; state has 79 nodes
  j=4/8 block=2 nodes={'62': (5, 1), '64': (5, 1), '260': (2, 1), '270': (2, 1), '278': (2, 1), '286': (2, 1), '294': (2, 1), '302': (2, 1), '310': (2, 1), '318': (2, 1), '326': (2, 1), '335': (2, 1), '344': (2, 1), '348': (2, 1), '351': (2, 1), '358': (2, 1)}
  j=4 block=2 embedded by MCTS/ceiling tier; state has 95 nodes
  j=5/8 block=2 nodes={'63': (5, 1), '65': (5, 1), '261': (2, 1), '271': (2, 1), '279': (2, 1), '287': (2, 1), '295': (2, 1), '303': (2, 1), '311': (2, 1), '319': (2, 1), '327': (2, 1), '336': (2, 1), '345': (2, 1), '349': (2, 1), '352': (2, 1), '359': (2, 1)}
  j=5 block=2 embedded by MCTS/ceiling tier; state has 111 nodes
  j=6/8 block=2 nodes={'68': (1, 1), '69': (0, 1), '262': (2, 1), '272': (2, 1), '280': (2, 1), '288': (2, 1), '296': (2, 1), '304': (2, 1), '312': (2, 1), '320': (2, 1), '328': (2, 1), '337': (2, 1), '350': (2, 1), '353': (2, 1), '355': (2, 1), '356': (2, 1)}
  j=6 block=2 embedded by MCTS/ceiling tier; state has 127 nodes
  j=7/8 block=2 nodes={'70': (1, 1), '71': (0, 1), '263': (2, 1), '273': (2, 1), '281': (2, 1), '289': (2, 1), '297': (2, 1), '305': (2, 1), '313': (2, 1), '321': (2, 1), '329': (2, 1), '338': (2, 1), '354': (2, 1), '357': (2, 1), '360': (2, 1), '362': (2, 1)}
  j=7 block=2 embedded by MCTS/ceiling tier; state has 143 nodes
  j=8/8 block=2 nodes={'72': (1, 0), '73': (0, 0), '82': (5, 0), '264': (2, 0), '274': (2, 0), '282': (2, 0), '290': (2, 0), '298': (2, 0), '306': (2, 0), '314': (2, 0), '322': (2, 0), '330': (2, 0), '339': (2, 0), '361': (2, 0), '363': (2, 0), '364': (2, 0)}
  j=8 block=2 embedded by MCTS/ceiling tier; state has 159 nodes
outer i=10 block=3 leaving fallback-done block 2, input_mapping_flag=1
MAIN i=10 block=3 nodes={'75': (1, 1), '76': (0, 2), '78': (1, 1), '79': (0, 2), '80': (1, 1), '81': (0, 2), '83': (5, 1), '84': (5, 1), '289': (2, 1), '304': (2, 1), '316': (2, 1), '331': (2, 1), '367': (2, 1), '384': (2, 1), '398': (2, 1), '413': (2, 1)} inputs={'75': [('306_2', True)], '76': [('364_2', True)], '78': [('264_2', True)], '79': [('363_2', True)], '80': [('330_2', True)], '81': [('72_2', True)], '83': [('82_2', True)], '84': [('73_2', True)], '289': [('274_2', True)], '304': [('282_2', True)], '316': [('290_2', True)], '331': [('298_2', True)], '367': [('314_2', True)], '384': [('322_2', True)], '398': [('339_2', True)], '413': [('361_2', True)]}
MAIN i=11 block=3 nodes={'88': (5, 1), '93': (1, 2), '86': (5, 1), '96': (1, 2), '90': (5, 1), '98': (1, 2), '85': (5, 1), '290': (2, 1), '305': (2, 1), '317': (2, 1), '332': (2, 1), '368': (2, 1), '385': (2, 1), '399': (2, 1), '414': (2, 1), '418': (2, 1), '420': (2, 1), '422': (2, 1), '425': (2, 1)} inputs={'88': [('75', True)], '93': [('76', True)], '86': [('78', True)], '96': [('79', True)], '90': [('80', True)], '98': [('81', True)], '85': [('84', True)], '290': [('289', True)], '305': [('304', True)], '317': [('316', True)], '332': [('331', True)], '368': [('367', True)], '385': [('384', True)], '399': [('398', True)], '414': [('413', True)], '418': [('76', True)], '420': [('79', True)], '422': [('81', True)], '425': [('83', True)]}
MAIN i=11 block=3: MCTS tier returned None for every seed (ceiling_flag=0)
MAIN i=12 block=3 nodes={'89': (5, 0), '87': (5, 0), '91': (5, 0), '291': (2, 1), '306': (2, 1), '318': (2, 1), '333': (2, 1), '369': (2, 1), '386': (2, 1), '400': (2, 1), '415': (2, 1), '419': (2, 1), '421': (2, 1), '423': (2, 1), '426': (2, 1), '446': (2, 1), '466': (2, 1), '476': (2, 1), '477': (2, 1)} inputs={'89': [('88', True), ('93', True)], '87': [('86', True), ('96', True)], '91': [('90', True), ('98', True)], '291': [('290', True)], '306': [('305', True)], '318': [('317', True)], '333': [('332', True)], '369': [('368', True)], '386': [('385', True)], '400': [('399', True)], '415': [('414', True)], '419': [('418', True)], '421': [('420', True)], '423': [('422', True)], '426': [('425', True)], '446': [('85', True)], '466': [('93', True)], '476': [('96', True)], '477': [('98', True)]}
MAIN i=12 block=3: MCTS tier returned None for every seed (ceiling_flag=0)
MAIN i=12 block=3: ceiling-retry tier returned None too -> gate-by-gate FALLBACK
FALLBACK block=3 at outer i=12: block_range=[19, 25] rows_=[0, 1, 2, 3, 4, 5, 6]
  j=1/6 block=3 nodes={'75': (1, 1), '76': (0, 1), '83': (5, 1), '256': (2, 1), '257': (2, 1), '263': (2, 1), '269': (2, 1), '275': (2, 1), '281': (2, 1), '287': (2, 1), '293': (2, 1), '294': (2, 1), '300': (2, 1), '306': (2, 1), '307': (2, 1), '308': (2, 1)}
  j=1 block=3 embedded by MCTS/ceiling tier; state has 45 nodes
  j=2/6 block=3 nodes={'78': (1, 1), '79': (0, 1), '80': (1, 1), '81': (0, 1), '258': (2, 1), '264': (2, 1), '270': (2, 1), '276': (2, 1), '282': (2, 1), '288': (2, 1), '295': (2, 1), '301': (2, 1), '309': (2, 1), '310': (2, 1), '311': (2, 1), '320': (2, 1)}
  j=2 block=3 embedded by MCTS/ceiling tier; state has 61 nodes
  j=3/6 block=3 nodes={'84': (5, 1), '86': (5, 1), '88': (5, 1), '90': (5, 1), '259': (2, 1), '265': (2, 1), '271': (2, 1), '277': (2, 1), '283': (2, 1), '289': (2, 1), '296': (2, 1), '302': (2, 1), '312': (2, 1), '314': (2, 1), '317': (2, 1), '321': (2, 1)}
  j=3 block=3 embedded by MCTS/ceiling tier; state has 93 nodes
  j=4/6 block=3 nodes={'85': (5, 1), '87': (5, 1), '89': (5, 1), '91': (5, 1), '260': (2, 1), '266': (2, 1), '272': (2, 1), '278': (2, 1), '284': (2, 1), '290': (2, 1), '297': (2, 1), '303': (2, 1), '313': (2, 1), '315': (2, 1), '318': (2, 1), '322': (2, 1)}
  j=4 block=3 embedded by MCTS/ceiling tier; state has 109 nodes
  j=5/6 block=3 nodes={'93': (1, 1), '94': (0, 1), '261': (2, 1), '267': (2, 1), '273': (2, 1), '279': (2, 1), '285': (2, 1), '291': (2, 1), '298': (2, 1), '304': (2, 1), '316': (2, 1), '319': (2, 1), '323': (2, 1), '325': (2, 1), '327': (2, 1), '328': (2, 1)}
  j=5 block=3 embedded by MCTS/ceiling tier; state has 125 nodes
  j=6/6 block=3 nodes={'96': (1, 0), '97': (0, 0), '98': (1, 0), '99': (0, 0), '262': (2, 0), '268': (2, 0), '274': (2, 0), '280': (2, 0), '286': (2, 0), '292': (2, 0), '299': (2, 0), '305': (2, 0), '324': (2, 0), '326': (2, 0), '329': (2, 0), '330': (2, 0)}
  j=6 block=3 embedded by MCTS/ceiling tier; state has 141 nodes
outer i=13 block=4 leaving fallback-done block 3, input_mapping_flag=1
MAIN i=13 block=4 nodes={'101': (1, 1), '102': (0, 2), '103': (1, 1), '104': (0, 2), '105': (1, 1), '106': (0, 2), '107': (5, 1), '292': (2, 1), '319': (2, 1), '334': (2, 1), '370': (2, 1), '401': (2, 1), '427': (2, 1), '447': (2, 1), '467': (2, 1), '478': (2, 1)} inputs={'101': [('292_3', True)], '102': [('97_3', True)], '103': [('268_3', True)], '104': [('96_3', True)], '105': [('305_3', True)], '106': [('99_3', True)], '107': [('330_3', True)], '292': [('262_3', True)], '319': [('274_3', True)], '334': [('280_3', True)], '370': [('286_3', True)], '401': [('299_3', True)], '427': [('324_3', True)], '447': [('326_3', True)], '467': [('329_3', True)], '478': [('98_3', True)]}
MAIN i=14 block=4 nodes={'109': (5, 1), '116': (1, 2), '130': (5, 1), '111': (5, 1), '118': (1, 2), '113': (5, 1), '120': (1, 2), '108': (5, 1), '293': (2, 1), '320': (2, 1), '335': (2, 1), '371': (2, 1), '402': (2, 1), '428': (2, 1), '448': (2, 1), '468': (2, 1), '479': (2, 1), '484': (2, 1), '486': (2, 1)} inputs={'109': [('101', True)], '116': [('102', True)], '130': [('102', True)], '111': [('103', True)], '118': [('104', True)], '113': [('105', True)], '120': [('106', True)], '108': [('107', True)], '293': [('292', True)], '320': [('319', True)], '335': [('334', True)], '371': [('370', True)], '402': [('401', True)], '428': [('427', True)], '448': [('447', True)], '468': [('467', True)], '479': [('478', True)], '484': [('104', True)], '486': [('106', True)]}
MAIN i=15 block=4 nodes={'110': (5, 0), '112': (5, 0), '114': (5, 0), '294': (2, 1), '321': (2, 1), '336': (2, 1), '372': (2, 1), '403': (2, 1), '429': (2, 1), '449': (2, 1), '469': (2, 1), '480': (2, 1), '485': (2, 1), '487': (2, 1), '488': (2, 1), '505': (2, 1), '506': (2, 1), '507': (2, 1), '518': (2, 1)} inputs={'110': [('109', True), ('116', True)], '112': [('111', True), ('118', True)], '114': [('113', True), ('120', True)], '294': [('293', True)], '321': [('320', True)], '336': [('335', True)], '372': [('371', True)], '403': [('402', True)], '429': [('428', True)], '449': [('448', True)], '469': [('468', True)], '480': [('479', True)], '485': [('484', True)], '487': [('486', True)], '488': [('108', True)], '505': [('116', True)], '506': [('118', True)], '507': [('120', True)], '518': [('130', True)]}
MAIN i=16 block=5 nodes={'123': (1, 1), '124': (0, 2), '125': (1, 1), '126': (0, 2), '128': (1, 1), '129': (0, 2), '131': (5, 1), '132': (5, 1), '337': (2, 1), '404': (2, 1), '430': (2, 1), '450': (2, 1), '470': (2, 1), '481': (2, 1), '489': (2, 1), '508': (2, 1)} inputs={'123': [('294', True)], '124': [('485', True)], '125': [('372', True)], '126': [('505', True)], '128': [('321', True)], '129': [('506', True)], '131': [('518', True)], '132': [('487', True)], '337': [('336', True)], '404': [('403', True)], '430': [('429', True)], '450': [('449', True)], '470': [('469', True)], '481': [('480', True)], '489': [('488', True)], '508': [('507', True)]}
MAIN i=17 block=5 nodes={'134': (5, 1), '141': (1, 2), '156': (5, 1), '138': (5, 1), '143': (1, 2), '136': (5, 1), '146': (1, 2), '133': (5, 1), '338': (2, 1), '405': (2, 1), '431': (2, 1), '451': (2, 1), '471': (2, 1), '482': (2, 1), '490': (2, 1), '509': (2, 1), '514': (2, 1), '516': (2, 1), '519': (2, 1)} inputs={'134': [('123', True)], '141': [('124', True)], '156': [('124', True)], '138': [('125', True)], '143': [('126', True)], '136': [('128', True)], '146': [('129', True)], '133': [('132', True)], '338': [('337', True)], '405': [('404', True)], '431': [('430', True)], '451': [('450', True)], '471': [('470', True)], '482': [('481', True)], '490': [('489', True)], '509': [('508', True)], '514': [('126', True)], '516': [('129', True)], '519': [('131', True)]}
MAIN i=17 block=5: MCTS tier returned None for every seed (ceiling_flag=0)
MAIN i=18 block=5 nodes={'135': (5, 0), '139': (5, 0), '137': (5, 0), '339': (2, 1), '406': (2, 1), '432': (2, 1), '452': (2, 1), '472': (2, 1), '483': (2, 1), '491': (2, 1), '510': (2, 1), '515': (2, 1), '517': (2, 1), '520': (2, 1), '534': (2, 1), '548': (2, 1), '549': (2, 1), '556': (2, 1), '563': (2, 1)} inputs={'135': [('134', True), ('141', True)], '139': [('138', True), ('143', True)], '137': [('136', True), ('146', True)], '339': [('338', True)], '406': [('405', True)], '432': [('431', True)], '452': [('451', True)], '472': [('471', True)], '483': [('482', True)], '491': [('490', True)], '510': [('509', True)], '515': [('514', True)], '517': [('516', True)], '520': [('519', True)], '534': [('133', True)], '548': [('141', True)], '549': [('143', True)], '556': [('146', True)], '563': [('156', True)]}
MAIN i=18 block=5: MCTS tier returned None for every seed (ceiling_flag=0)
MAIN i=18 block=5: ceiling-retry tier returned None too -> gate-by-gate FALLBACK
FALLBACK block=5 at outer i=18: block_range=[32, 40] rows_=[0, 1, 2, 3, 4, 5, 6, 7, 8]
  j=1/8 block=5 nodes={'123': (1, 1), '124': (0, 1), '131': (5, 1), '256': (2, 1), '258': (2, 1), '266': (2, 1), '267': (2, 1), '275': (2, 1), '283': (2, 1), '291': (2, 1), '299': (2, 1), '307': (2, 1), '315': (2, 1), '316': (2, 1), '318': (2, 1), '326': (2, 1)}
  j=1 block=5 embedded by MCTS/ceiling tier; state has 48 nodes
  j=2/8 block=5 nodes={'125': (1, 1), '126': (0, 1), '257': (2, 1), '259': (2, 1), '268': (2, 1), '276': (2, 1), '284': (2, 1), '292': (2, 1), '300': (2, 1), '308': (2, 1), '317': (2, 1), '319': (2, 1), '327': (2, 1), '329': (2, 1), '330': (2, 1), '342': (2, 1)}
  j=2 block=5 embedded by MCTS/ceiling tier; state has 64 nodes
  j=3/8 block=5 nodes={'128': (1, 1), '129': (0, 1), '134': (5, 1), '138': (5, 1), '260': (2, 1), '269': (2, 1), '277': (2, 1), '285': (2, 1), '293': (2, 1), '301': (2, 1), '309': (2, 1), '320': (2, 1), '328': (2, 1), '331': (2, 1), '334': (2, 1), '343': (2, 1)}
  j=3 block=5 embedded by MCTS/ceiling tier; state has 80 nodes
  j=4/8 block=5 nodes={'132': (5, 1), '135': (5, 1), '136': (5, 1), '139': (5, 1), '261': (2, 1), '270': (2, 1), '278': (2, 1), '286': (2, 1), '294': (2, 1), '302': (2, 1), '310': (2, 1), '321': (2, 1), '332': (2, 1), '335': (2, 1), '338': (2, 1), '344': (2, 1)}
  j=4 block=5 embedded by MCTS/ceiling tier; state has 96 nodes
  j=5/8 block=5 nodes={'133': (5, 1), '137': (5, 1), '262': (2, 1), '271': (2, 1), '279': (2, 1), '287': (2, 1), '295': (2, 1), '303': (2, 1), '311': (2, 1), '322': (2, 1), '333': (2, 1), '336': (2, 1), '339': (2, 1), '345': (2, 1), '352': (2, 1), '355': (2, 1)}
  j=5 block=5 embedded by MCTS/ceiling tier; state has 112 nodes
  j=6/8 block=5 nodes={'141': (1, 1), '142': (0, 1), '263': (2, 1), '272': (2, 1), '280': (2, 1), '288': (2, 1), '296': (2, 1), '304': (2, 1), '312': (2, 1), '323': (2, 1), '337': (2, 1), '340': (2, 1), '346': (2, 1), '349': (2, 1), '353': (2, 1), '356': (2, 1)}
  j=6 block=5 embedded by MCTS/ceiling tier; state has 128 nodes
  j=7/8 block=5 nodes={'143': (1, 1), '144': (0, 1), '264': (2, 1), '273': (2, 1), '281': (2, 1), '289': (2, 1), '297': (2, 1), '305': (2, 1), '313': (2, 1), '324': (2, 1), '341': (2, 1), '347': (2, 1), '350': (2, 1), '354': (2, 1), '357': (2, 1), '359': (2, 1)}
  j=7 block=5 embedded by MCTS/ceiling tier; state has 144 nodes
  j=8/8 block=5 nodes={'146': (1, 0), '147': (0, 0), '156': (5, 0), '265': (2, 0), '274': (2, 0), '282': (2, 0), '290': (2, 0), '298': (2, 0), '306': (2, 0), '314': (2, 0), '325': (2, 0), '348': (2, 0), '351': (2, 0), '358': (2, 0), '360': (2, 0), '361': (2, 0)}
  j=8 block=5 embedded by MCTS/ceiling tier; state has 160 nodes
outer i=19 block=6 leaving fallback-done block 5, input_mapping_flag=1
MAIN i=19 block=6 nodes={'150': (1, 1), '151': (0, 2), '152': (1, 1), '153': (0, 2), '154': (1, 1), '155': (0, 2), '157': (5, 1), '158': (5, 1), '433': (2, 1), '453': (2, 1), '473': (2, 1), '492': (2, 1), '511': (2, 1), '521': (2, 1), '535': (2, 1), '550': (2, 1)} inputs={'150': [('265_5', True)], '151': [('358_5', True)], '152': [('274_5', True)], '153': [('147_5', True)], '154': [('306_5', True)], '155': [('146_5', True)], '157': [('156_5', True)], '158': [('361_5', True)], '433': [('282_5', True)], '453': [('290_5', True)], '473': [('298_5', True)], '492': [('314_5', True)], '511': [('325_5', True)], '521': [('348_5', True)], '535': [('351_5', True)], '550': [('360_5', True)]}
MAIN i=20 block=6 nodes={'160': (5, 1), '168': (1, 2), '162': (5, 1), '170': (1, 2), '164': (5, 1), '172': (1, 2), '159': (5, 1), '434': (2, 1), '454': (2, 1), '474': (2, 1), '493': (2, 1), '512': (2, 1), '522': (2, 1), '536': (2, 1), '551': (2, 1), '557': (2, 1), '559': (2, 1), '561': (2, 1), '564': (2, 1)} inputs={'160': [('150', True)], '168': [('151', True)], '162': [('152', True)], '170': [('153', True)], '164': [('154', True)], '172': [('155', True)], '159': [('158', True)], '434': [('433', True)], '454': [('453', True)], '474': [('473', True)], '493': [('492', True)], '512': [('511', True)], '522': [('521', True)], '536': [('535', True)], '551': [('550', True)], '557': [('151', True)], '559': [('153', True)], '561': [('155', True)], '564': [('157', True)]}
MAIN i=21 block=6 nodes={'161': (5, 0), '163': (5, 0), '165': (5, 0), '435': (2, 1), '455': (2, 1), '475': (2, 1), '494': (2, 1), '513': (2, 1), '523': (2, 1), '537': (2, 1), '552': (2, 1), '558': (2, 1), '560': (2, 1), '562': (2, 1), '565': (2, 1), '576': (2, 1), '587': (2, 1), '588': (2, 1), '589': (2, 1)} inputs={'161': [('160', True), ('168', True)], '163': [('162', True), ('170', True)], '165': [('164', True), ('172', True)], '435': [('434', True)], '455': [('454', True)], '475': [('474', True)], '494': [('493', True)], '513': [('512', True)], '523': [('522', True)], '537': [('536', True)], '552': [('551', True)], '558': [('557', True)], '560': [('559', True)], '562': [('561', True)], '565': [('564', True)], '576': [('159', True)], '587': [('168', True)], '588': [('170', True)], '589': [('172', True)]}
MAIN i=21 block=6: MCTS tier returned None for every seed (ceiling_flag=0)
MAIN i=21 block=6: ceiling-retry tier returned None too -> gate-by-gate FALLBACK
FALLBACK block=6 at outer i=21: block_range=[40, 48] rows_=[0, 1, 2, 3, 4, 5, 6, 7, 8]
  j=1/8 block=6 nodes={'150': (1, 1), '151': (0, 1), '157': (5, 1), '158': (5, 1), '256': (2, 1), '257': (2, 1), '265': (2, 1), '273': (2, 1), '281': (2, 1), '283': (2, 1), '291': (2, 1), '299': (2, 1), '307': (2, 1), '315': (2, 1), '323': (2, 1), '325': (2, 1)}
  j=1 block=6 embedded by MCTS/ceiling tier; state has 45 nodes
  j=2/8 block=6 nodes={'152': (1, 1), '153': (0, 1), '159': (5, 1), '258': (2, 1), '266': (2, 1), '274': (2, 1), '282': (2, 1), '284': (2, 1), '292': (2, 1), '300': (2, 1), '308': (2, 1), '316': (2, 1), '324': (2, 1), '326': (2, 1), '328': (2, 1), '341': (2, 1)}
  j=2 block=6 embedded by MCTS/ceiling tier; state has 61 nodes
  j=3/8 block=6 nodes={'154': (1, 1), '155': (0, 1), '259': (2, 1), '267': (2, 1), '275': (2, 1), '285': (2, 1), '293': (2, 1), '301': (2, 1), '309': (2, 1), '317': (2, 1), '327': (2, 1), '329': (2, 1), '332': (2, 1), '333': (2, 1), '342': (2, 1), '348': (2, 1)}
  j=3 block=6 embedded by MCTS/ceiling tier; state has 77 nodes
  j=4/8 block=6 nodes={'160': (5, 1), '162': (5, 1), '164': (5, 1), '260': (2, 1), '268': (2, 1), '276': (2, 1), '286': (2, 1), '294': (2, 1), '302': (2, 1), '310': (2, 1), '318': (2, 1), '330': (2, 1), '334': (2, 1), '337': (2, 1), '343': (2, 1), '349': (2, 1)}
  j=4 block=6 embedded by MCTS/ceiling tier; state has 93 nodes
  j=5/8 block=6 nodes={'161': (5, 1), '163': (5, 1), '165': (5, 1), '261': (2, 1), '269': (2, 1), '277': (2, 1), '287': (2, 1), '295': (2, 1), '303': (2, 1), '311': (2, 1), '319': (2, 1), '331': (2, 1), '335': (2, 1), '338': (2, 1), '344': (2, 1), '350': (2, 1)}
  j=5 block=6 embedded by MCTS/ceiling tier; state has 109 nodes
  j=6/8 block=6 nodes={'168': (1, 1), '169': (0, 1), '262': (2, 1), '270': (2, 1), '278': (2, 1), '288': (2, 1), '296': (2, 1), '304': (2, 1), '312': (2, 1), '320': (2, 1), '336': (2, 1), '339': (2, 1), '345': (2, 1), '351': (2, 1), '354': (2, 1), '355': (2, 1)}
  j=6 block=6 embedded by MCTS/ceiling tier; state has 125 nodes
  j=7/8 block=6 nodes={'170': (1, 1), '171': (0, 1), '263': (2, 1), '271': (2, 1), '279': (2, 1), '289': (2, 1), '297': (2, 1), '305': (2, 1), '313': (2, 1), '321': (2, 1), '340': (2, 1), '346': (2, 1), '352': (2, 1), '356': (2, 1), '357': (2, 1), '359': (2, 1)}
  j=7 block=6 embedded by MCTS/ceiling tier; state has 141 nodes
  j=8/8 block=6 nodes={'172': (1, 0), '173': (0, 0), '264': (2, 0), '272': (2, 0), '280': (2, 0), '290': (2, 0), '298': (2, 0), '306': (2, 0), '314': (2, 0), '322': (2, 0), '347': (2, 0), '353': (2, 0), '358': (2, 0), '360': (2, 0), '361': (2, 0), '362': (2, 0)}
  j=8 block=6 embedded by MCTS/ceiling tier; state has 157 nodes
outer i=22 block=7 leaving fallback-done block 6, input_mapping_flag=1
MAIN i=22 block=7 nodes={'174': (1, 1), '175': (0, 2), '177': (1, 1), '178': (0, 2), '179': (1, 1), '180': (0, 2), '182': (5, 1), '190': (5, 1), '436': (2, 1), '456': (2, 1), '495': (2, 1), '524': (2, 1), '538': (2, 1), '553': (2, 1), '566': (2, 1), '577': (2, 1)} inputs={'174': [('280_6', True)], '175': [('360_6', True)], '177': [('298_6', True)], '178': [('173_6', True)], '179': [('361_6', True)], '180': [('358_6', True)], '182': [('362_6', True)], '190': [('172_6', True)], '436': [('264_6', True)], '456': [('272_6', True)], '495': [('290_6', True)], '524': [('306_6', True)], '538': [('314_6', True)], '553': [('322_6', True)], '566': [('347_6', True)], '577': [('353_6', True)]}
MAIN i=23 block=7 nodes={'184': (5, 1), '192': (1, 2), '206': (5, 1), '188': (5, 1), '195': (1, 2), '186': (5, 1), '197': (1, 2), '183': (5, 1), '191': (5, 1), '437': (2, 1), '457': (2, 1), '496': (2, 1), '525': (2, 1), '539': (2, 1), '554': (2, 1), '567': (2, 1), '578': (2, 1), '590': (2, 1), '592': (2, 1)} inputs={'184': [('174', True)], '192': [('175', True)], '206': [('175', True)], '188': [('177', True)], '195': [('178', True)], '186': [('179', True)], '197': [('180', True)], '183': [('182', True)], '191': [('190', True)], '437': [('436', True)], '457': [('456', True)], '496': [('495', True)], '525': [('524', True)], '539': [('538', True)], '554': [('553', True)], '567': [('566', True)], '578': [('577', True)], '590': [('178', True)], '592': [('180', True)]}
MAIN i=24 block=7 nodes={'185': (5, 0), '189': (5, 0), '187': (5, 0), '438': (2, 1), '458': (2, 1), '497': (2, 1), '526': (2, 1), '540': (2, 1), '555': (2, 1), '568': (2, 1), '579': (2, 1), '591': (2, 1), '593': (2, 1), '594': (2, 1), '602': (2, 1), '610': (2, 1), '614': (2, 1), '615': (2, 1), '618': (2, 1)} inputs={'185': [('184', True), ('192', True)], '189': [('188', True), ('195', True)], '187': [('186', True), ('197', True)], '438': [('437', True)], '458': [('457', True)], '497': [('496', True)], '526': [('525', True)], '540': [('539', True)], '555': [('554', True)], '568': [('567', True)], '579': [('578', True)], '591': [('590', True)], '593': [('592', True)], '594': [('183', True)], '602': [('191', True)], '610': [('192', True)], '614': [('195', True)], '615': [('197', True)], '618': [('206', True)]}
MAIN i=24 block=7: MCTS tier returned None for every seed (ceiling_flag=0)
MAIN i=24 block=7: ceiling-retry tier returned None too -> gate-by-gate FALLBACK
FALLBACK block=7 at outer i=24: block_range=[48, 56] rows_=[0, 1, 2, 3, 4, 5, 6, 7, 8]
  j=1/8 block=7 nodes={'174': (1, 1), '175': (0, 1), '256': (2, 1), '264': (2, 1), '272': (2, 1), '280': (2, 1), '281': (2, 1), '289': (2, 1), '297': (2, 1), '305': (2, 1), '313': (2, 1), '321': (2, 1), '323': (2, 1), '325': (2, 1), '327': (2, 1), '328': (2, 1)}
  j=1 block=7 embedded by MCTS/ceiling tier; state has 46 nodes
  j=2/8 block=7 nodes={'177': (1, 1), '178': (0, 1), '190': (5, 1), '257': (2, 1), '265': (2, 1), '273': (2, 1), '282': (2, 1), '290': (2, 1), '298': (2, 1), '306': (2, 1), '314': (2, 1), '322': (2, 1), '324': (2, 1), '326': (2, 1), '329': (2, 1), '331': (2, 1)}
  j=2 block=7 embedded by MCTS/ceiling tier; state has 62 nodes
  j=3/8 block=7 nodes={'179': (1, 1), '180': (0, 1), '182': (5, 1), '188': (5, 1), '191': (5, 1), '258': (2, 1), '266': (2, 1), '274': (2, 1), '283': (2, 1), '291': (2, 1), '299': (2, 1), '307': (2, 1), '315': (2, 1), '330': (2, 1), '332': (2, 1), '335': (2, 1)}
  j=3 block=7 embedded by MCTS/ceiling tier; state has 78 nodes
  j=4/8 block=7 nodes={'183': (5, 1), '184': (5, 1), '186': (5, 1), '189': (5, 1), '259': (2, 1), '267': (2, 1), '275': (2, 1), '284': (2, 1), '292': (2, 1), '300': (2, 1), '308': (2, 1), '316': (2, 1), '333': (2, 1), '336': (2, 1), '339': (2, 1), '351': (2, 1)}
  j=4 block=7 embedded by MCTS/ceiling tier; state has 94 nodes
  j=5/8 block=7 nodes={'185': (5, 1), '187': (5, 1), '260': (2, 1), '268': (2, 1), '276': (2, 1), '285': (2, 1), '293': (2, 1), '301': (2, 1), '309': (2, 1), '317': (2, 1), '334': (2, 1), '337': (2, 1), '340': (2, 1), '343': (2, 1), '349': (2, 1), '352': (2, 1)}
