MAIN i=1 block=0 nodes={'45': (1, 2), '43': (1, 2), '41': (1, 2), '39': (1, 2), '37': (1, 2), '35': (1, 2), '33': (1, 2), '31': (1, 2), '29': (1, 2), '27': (1, 2), '25': (1, 2), '23': (1, 2), '21': (1, 2), '19': (1, 2), '17': (1, 1), '18': (0, 1)} inputs={'45': [('0', True)], '43': [('1', True)], '41': [('2', True)], '39': [('3', True)], '37': [('4', True)], '35': [('5', True)], '33': [('6', True)], '31': [('7', True)], '29': [('8', True)], '27': [('9', True)], '25': [('10', True)], '23': [('11', True)], '21': [('12', True)], '19': [('13', True)], '17': [('14', True)], '18': [('15', True)]}
MAIN i=2 block=0 nodes={'46': (0, 1), '44': (0, 1), '42': (0, 1), '40': (0, 1), '38': (0, 1), '36': (0, 1), '34': (0, 1), '32': (0, 1), '30': (0, 1), '28': (0, 1), '26': (0, 1), '24': (0, 1), '22': (0, 1), '20': (0, 1), '63': (2, 1), '64': (2, 1)} inputs={'46': [('43', True), ('45', True)], '44': [('41', True), ('43', True)], '42': [('39', True), ('41', True)], '40': [('37', True), ('39', True)], '38': [('35', True), ('37', True)], '36': [('33', True), ('35', True)], '34': [('31', True), ('33', True)], '32': [('29', True), ('31', True)], '30': [('27', True), ('29', True)], '28': [('25', True), ('27', True)], '26': [('23', True), ('25', True)], '24': [('21', True), ('23', True)], '22': [('19', True), ('21', True)], '20': [('17', True), ('19', True)], '63': [('18', True)], '64': [('45', True)]}
MAIN i=2 block=0: MCTS tier returned None for every seed (ceiling_flag=0)
MAIN i=2 block=0: ceiling-retry tier returned None too -> gate-by-gate FALLBACK
FALLBACK block=0 at outer i=2: block_range=[0, 16] rows_=[0, 1, 2, 3, 4, 5, 6, 7, 8, 9, 10, 11, 12, 13, 14, 15]
  j=1/15 block=0 nodes={'17': (1, 1), '18': (0, 1), '63': (2, 1), '77': (2, 1), '90': (2, 1), '102': (2, 1), '113': (2, 1), '123': (2, 1), '132': (2, 1), '140': (2, 1), '147': (2, 1), '153': (2, 1), '158': (2, 1), '162': (2, 1), '165': (2, 1), '167': (2, 1)}
  j=1 block=0 embedded by MCTS/ceiling tier; state has 32 nodes
  j=2/15 block=0 nodes={'19': (1, 1), '20': (0, 1), '64': (2, 1), '78': (2, 1), '91': (2, 1), '103': (2, 1), '114': (2, 1), '124': (2, 1), '133': (2, 1), '141': (2, 1), '148': (2, 1), '154': (2, 1), '159': (2, 1), '163': (2, 1), '166': (2, 1), '168': (2, 1)}
  j=2 block=0 embedded by MCTS/ceiling tier; state has 48 nodes
  j=3/15 block=0 nodes={'21': (1, 1), '22': (0, 1), '65': (2, 1), '79': (2, 1), '92': (2, 1), '104': (2, 1), '115': (2, 1), '125': (2, 1), '134': (2, 1), '142': (2, 1), '149': (2, 1), '155': (2, 1), '160': (2, 1), '164': (2, 1), '169': (2, 1), '182': (2, 1)}
  j=3 block=0 embedded by MCTS/ceiling tier; state has 64 nodes
  j=4/15 block=0 nodes={'23': (1, 1), '24': (0, 1), '66': (2, 1), '80': (2, 1), '93': (2, 1), '105': (2, 1), '116': (2, 1), '126': (2, 1), '135': (2, 1), '143': (2, 1), '150': (2, 1), '156': (2, 1), '161': (2, 1), '170': (2, 1), '183': (2, 1), '195': (2, 1)}
  j=4 block=0 embedded by MCTS/ceiling tier; state has 96 nodes
  j=5/15 block=0 nodes={'25': (1, 1), '26': (0, 1), '67': (2, 1), '81': (2, 1), '94': (2, 1), '106': (2, 1), '117': (2, 1), '127': (2, 1), '136': (2, 1), '144': (2, 1), '151': (2, 1), '157': (2, 1), '171': (2, 1), '184': (2, 1), '196': (2, 1), '207': (2, 1)}
  j=5 block=0 embedded by MCTS/ceiling tier; state has 112 nodes
  j=6/15 block=0 nodes={'27': (1, 1), '28': (0, 1), '68': (2, 1), '82': (2, 1), '95': (2, 1), '107': (2, 1), '118': (2, 1), '128': (2, 1), '137': (2, 1), '145': (2, 1), '152': (2, 1), '172': (2, 1), '185': (2, 1), '197': (2, 1), '208': (2, 1), '218': (2, 1)}
  j=6 block=0 embedded by MCTS/ceiling tier; state has 128 nodes
  j=7/15 block=0 nodes={'29': (1, 1), '30': (0, 1), '69': (2, 1), '83': (2, 1), '96': (2, 1), '108': (2, 1), '119': (2, 1), '129': (2, 1), '138': (2, 1), '146': (2, 1), '173': (2, 1), '186': (2, 1), '198': (2, 1), '209': (2, 1), '219': (2, 1), '228': (2, 1)}
  j=7 block=0 embedded by MCTS/ceiling tier; state has 144 nodes
  j=8/15 block=0 nodes={'31': (1, 1), '32': (0, 1), '70': (2, 1), '84': (2, 1), '97': (2, 1), '109': (2, 1), '120': (2, 1), '130': (2, 1), '139': (2, 1), '174': (2, 1), '187': (2, 1), '199': (2, 1), '210': (2, 1), '220': (2, 1), '229': (2, 1), '237': (2, 1)}
  j=8 block=0 embedded by MCTS/ceiling tier; state has 160 nodes
  j=9/15 block=0 nodes={'33': (1, 1), '34': (0, 1), '71': (2, 1), '85': (2, 1), '98': (2, 1), '110': (2, 1), '121': (2, 1), '131': (2, 1), '175': (2, 1), '188': (2, 1), '200': (2, 1), '211': (2, 1), '221': (2, 1), '230': (2, 1), '238': (2, 1), '245': (2, 1)}
  j=9 block=0 embedded by MCTS/ceiling tier; state has 176 nodes
  j=10/15 block=0 nodes={'35': (1, 1), '36': (0, 1), '72': (2, 1), '86': (2, 1), '99': (2, 1), '111': (2, 1), '122': (2, 1), '176': (2, 1), '189': (2, 1), '201': (2, 1), '212': (2, 1), '222': (2, 1), '231': (2, 1), '239': (2, 1), '246': (2, 1), '252': (2, 1)}
  j=10 block=0 embedded by MCTS/ceiling tier; state has 192 nodes
  j=11/15 block=0 nodes={'37': (1, 1), '38': (0, 1), '73': (2, 1), '87': (2, 1), '100': (2, 1), '112': (2, 1), '177': (2, 1), '190': (2, 1), '202': (2, 1), '213': (2, 1), '223': (2, 1), '232': (2, 1), '240': (2, 1), '247': (2, 1), '253': (2, 1), '258': (2, 1)}
  j=11 block=0 embedded by MCTS/ceiling tier; state has 208 nodes
  j=12/15 block=0 nodes={'39': (1, 1), '40': (0, 1), '74': (2, 1), '88': (2, 1), '101': (2, 1), '178': (2, 1), '191': (2, 1), '203': (2, 1), '214': (2, 1), '224': (2, 1), '233': (2, 1), '241': (2, 1), '248': (2, 1), '254': (2, 1), '259': (2, 1), '263': (2, 1)}
  j=12 block=0 embedded by MCTS/ceiling tier; state has 240 nodes
  j=13/15 block=0 nodes={'41': (1, 1), '42': (0, 1), '75': (2, 1), '89': (2, 1), '179': (2, 1), '192': (2, 1), '204': (2, 1), '215': (2, 1), '225': (2, 1), '234': (2, 1), '242': (2, 1), '249': (2, 1), '255': (2, 1), '260': (2, 1), '264': (2, 1), '267': (2, 1)}
  j=13 block=0 embedded by MCTS/ceiling tier; state has 256 nodes
  j=14/15 block=0 nodes={'43': (1, 1), '44': (0, 1), '76': (2, 1), '180': (2, 1), '193': (2, 1), '205': (2, 1), '216': (2, 1), '226': (2, 1), '235': (2, 1), '243': (2, 1), '250': (2, 1), '256': (2, 1), '261': (2, 1), '265': (2, 1), '268': (2, 1), '270': (2, 1)}
  j=14 block=0 embedded by MCTS/ceiling tier; state has 272 nodes
  j=15/15 block=0 nodes={'45': (1, 0), '46': (0, 0), '181': (2, 0), '194': (2, 0), '206': (2, 0), '217': (2, 0), '227': (2, 0), '236': (2, 0), '244': (2, 0), '251': (2, 0), '257': (2, 0), '262': (2, 0), '266': (2, 0), '269': (2, 0), '271': (2, 0), '272': (2, 0)}
  j=15 block=0 embedded by MCTS/ceiling tier; state has 288 nodes
outer i=3 block=1 leaving fallback-done block 0, input_mapping_flag=1
MAIN i=3 block=1 nodes={} inputs={}
RETURN main-loop seal at i=3 block=1 brute_last=False layer nodes=[]
