MAIN i=1 block=0 nodes={'16': (5, 1), '18': (5, 1), '36': (1, 3), '99': (2, 1), '101': (2, 1), '103': (2, 1), '105': (2, 1), '107': (2, 1), '109': (2, 1), '111': (2, 1), '113': (2, 1), '115': (2, 1), '117': (2, 1), '119': (2, 1), '121': (2, 1), '123': (2, 1)} inputs={'16': [('0', True)], '18': [('1', True)], '36': [('15', True)], '99': [('2', True)], '101': [('3', True)], '103': [('4', True)], '105': [('5', True)], '107': [('6', True)], '109': [('7', True)], '111': [('8', True)], '113': [('9', True)], '115': [('10', True)], '117': [('11', True)], '119': [('12', True)], '121': [('13', True)], '123': [('14', True)]}
MAIN i=2 block=0 nodes={'17': (5, 0), '19': (5, 0), '37': (0, 1), '39': (0, 1), '100': (2, 1), '102': (2, 1), '104': (2, 1), '106': (2, 1), '108': (2, 1), '110': (2, 1), '112': (2, 1), '114': (2, 1), '116': (2, 1), '118': (2, 1), '120': (2, 1), '122': (2, 1), '124': (2, 1), '125': (2, 1)} inputs={'17': [('16', True)], '19': [('18', True)], '37': [('36', True)], '39': [('36', True)], '100': [('99', True)], '102': [('101', True)], '104': [('103', True)], '106': [('105', True)], '108': [('107', True)], '110': [('109', True)], '112': [('111', True)], '114': [('113', True)], '116': [('115', True)], '118': [('117', True)], '120': [('119', True)], '122': [('121', True)], '124': [('123', True)], '125': [('36', True)]}
MAIN i=3 block=1 nodes={'42': (1, 1), '43': (0, 1), '46': (0, 1), '49': (0, 2), '54': (0, 2), '56': (0, 2), '59': (0, 2), '63': (0, 2), '65': (0, 2), '68': (0, 2), '72': (0, 2), '75': (0, 2), '77': (0, 2), '81': (0, 2), '126': (2, 1), '129': (2, 1)} inputs={'42': [('125', True)], '43': [('100', True)], '46': [('102', True)], '49': [('104', True)], '54': [('106', True)], '56': [('108', True)], '59': [('110', True)], '63': [('112', True)], '65': [('114', True)], '68': [('116', True)], '72': [('118', True)], '75': [('120', True)], '77': [('122', True)], '81': [('124', True)], '126': [('37', True)], '129': [('39', True)]}
MAIN i=4 block=1 nodes={'48': (1, 0), '50': (5, 1), '55': (1, 0), '62': (1, 0), '67': (1, 0), '74': (1, 0), '80': (1, 1), '127': (2, 1), '130': (2, 1), '132': (2, 1), '134': (2, 1), '136': (2, 1), '138': (2, 1), '140': (2, 1), '142': (2, 1), '144': (2, 1), '146': (2, 1), '148': (2, 1), '150': (2, 1), '152': (2, 1), '155': (2, 1)} inputs={'48': [('49', True), ('42', True), ('54', True)], '50': [('46', True)], '55': [('56', True), ('59', True)], '62': [('63', True), ('65', True)], '67': [('68', True), ('72', True)], '74': [('75', True), ('77', True)], '80': [('81', True)], '127': [('126', True)], '130': [('129', True)], '132': [('43', True)], '134': [('49', True)], '136': [('54', True)], '138': [('56', True)], '140': [('59', True)], '142': [('63', True)], '144': [('65', True)], '146': [('68', True)], '148': [('72', True)], '150': [('75', True)], '152': [('77', True)], '155': [('81', True)]}
MAIN i=4 block=1: MCTS tier returned None for every seed (ceiling_flag=0)
MAIN i=4 block=1: ceiling-retry tier returned None too -> gate-by-gate FALLBACK
FALLBACK block=1 at outer i=4: block_range=[5, 19] rows_=[0, 1, 2, 3, 4, 5, 6, 7, 8, 9, 10, 11, 12, 13, 14, 15]
  j=1/15 block=1 nodes={'42': (1, 1), '43': (0, 1), '99': (2, 1), '100': (2, 1), '102': (2, 1), '105': (2, 1), '109': (2, 1), '114': (2, 1), '120': (2, 1), '127': (2, 1), '135': (2, 1), '144': (2, 1), '154': (2, 1), '165': (2, 1), '177': (2, 1), '190': (2, 1)}
  j=1 block=1 embedded by MCTS/ceiling tier; state has 46 nodes
  j=2/15 block=1 nodes={'45': (1, 1), '46': (0, 1), '101': (2, 1), '103': (2, 1), '106': (2, 1), '110': (2, 1), '115': (2, 1), '121': (2, 1), '128': (2, 1), '136': (2, 1), '145': (2, 1), '155': (2, 1), '166': (2, 1), '178': (2, 1), '191': (2, 1), '203': (2, 1)}
  j=2 block=1 embedded by MCTS/ceiling tier; state has 62 nodes
  j=3/15 block=1 nodes={'48': (1, 1), '49': (0, 1), '104': (2, 1), '107': (2, 1), '111': (2, 1), '116': (2, 1), '122': (2, 1), '129': (2, 1), '137': (2, 1), '146': (2, 1), '156': (2, 1), '167': (2, 1), '179': (2, 1), '192': (2, 1), '204': (2, 1), '215': (2, 1)}
  j=3 block=1 embedded by MCTS/ceiling tier; state has 78 nodes
  j=4/15 block=1 nodes={'50': (5, 1), '53': (1, 1), '54': (0, 1), '108': (2, 1), '112': (2, 1), '117': (2, 1), '123': (2, 1), '130': (2, 1), '138': (2, 1), '147': (2, 1), '157': (2, 1), '168': (2, 1), '180': (2, 1), '193': (2, 1), '205': (2, 1), '216': (2, 1)}
  j=4 block=1 embedded by MCTS/ceiling tier; state has 94 nodes
  j=5/15 block=1 nodes={'51': (5, 1), '55': (1, 1), '56': (0, 1), '113': (2, 1), '118': (2, 1), '124': (2, 1), '131': (2, 1), '139': (2, 1), '148': (2, 1), '158': (2, 1), '169': (2, 1), '181': (2, 1), '194': (2, 1), '206': (2, 1), '217': (2, 1), '234': (2, 1)}
  j=5 block=1 embedded by MCTS/ceiling tier; state has 110 nodes
  j=6/15 block=1 nodes={'58': (1, 1), '59': (0, 1), '119': (2, 1), '125': (2, 1), '132': (2, 1), '140': (2, 1), '149': (2, 1), '159': (2, 1), '170': (2, 1), '182': (2, 1), '195': (2, 1), '207': (2, 1), '218': (2, 1), '226': (2, 1), '235': (2, 1), '243': (2, 1)}
  j=6 block=1 embedded by MCTS/ceiling tier; state has 126 nodes
  j=7/15 block=1 nodes={'62': (1, 1), '63': (0, 1), '126': (2, 1), '133': (2, 1), '141': (2, 1), '150': (2, 1), '160': (2, 1), '171': (2, 1), '183': (2, 1), '196': (2, 1), '208': (2, 1), '219': (2, 1), '227': (2, 1), '236': (2, 1), '244': (2, 1), '251': (2, 1)}
  j=7 block=1 embedded by MCTS/ceiling tier; state has 142 nodes
  j=8/15 block=1 nodes={'64': (1, 1), '65': (0, 1), '134': (2, 1), '142': (2, 1), '151': (2, 1), '161': (2, 1), '172': (2, 1), '184': (2, 1), '197': (2, 1), '209': (2, 1), '220': (2, 1), '228': (2, 1), '237': (2, 1), '245': (2, 1), '252': (2, 1), '258': (2, 1)}
  j=8 block=1 embedded by MCTS/ceiling tier; state has 158 nodes
  j=9/15 block=1 nodes={'67': (1, 1), '68': (0, 1), '143': (2, 1), '152': (2, 1), '162': (2, 1), '173': (2, 1), '185': (2, 1), '198': (2, 1), '210': (2, 1), '221': (2, 1), '229': (2, 1), '238': (2, 1), '246': (2, 1), '253': (2, 1), '259': (2, 1), '264': (2, 1)}
  j=9 block=1 embedded by MCTS/ceiling tier; state has 174 nodes
  j=10/15 block=1 nodes={'71': (1, 1), '72': (0, 1), '153': (2, 1), '163': (2, 1), '174': (2, 1), '186': (2, 1), '199': (2, 1), '211': (2, 1), '222': (2, 1), '230': (2, 1), '239': (2, 1), '247': (2, 1), '254': (2, 1), '260': (2, 1), '265': (2, 1), '269': (2, 1)}
  j=10 block=1 embedded by MCTS/ceiling tier; state has 190 nodes
  j=11/15 block=1 nodes={'74': (1, 1), '75': (0, 1), '164': (2, 1), '175': (2, 1), '187': (2, 1), '200': (2, 1), '212': (2, 1), '223': (2, 1), '231': (2, 1), '240': (2, 1), '248': (2, 1), '255': (2, 1), '261': (2, 1), '266': (2, 1), '270': (2, 1), '273': (2, 1)}
  j=11 block=1 embedded by MCTS/ceiling tier; state has 206 nodes
  j=12/15 block=1 nodes={'76': (1, 1), '77': (0, 1), '176': (2, 1), '188': (2, 1), '201': (2, 1), '213': (2, 1), '224': (2, 1), '232': (2, 1), '241': (2, 1), '249': (2, 1), '256': (2, 1), '262': (2, 1), '267': (2, 1), '271': (2, 1), '274': (2, 1), '276': (2, 1)}
  j=12 block=1 embedded by MCTS/ceiling tier; state has 222 nodes
  j=13/15 block=1 nodes={'80': (1, 1), '81': (0, 1), '189': (2, 1), '202': (2, 1), '214': (2, 1), '225': (2, 1), '233': (2, 1), '242': (2, 1), '250': (2, 1), '257': (2, 1), '263': (2, 1), '268': (2, 1), '272': (2, 1), '275': (2, 1), '277': (2, 1), '278': (2, 1)}
  j=13 block=1 embedded by MCTS/ceiling tier; state has 238 nodes
  j=14/15 block=1 nodes={'279': (3, 1), '280': (2, 1), '281': (2, 1), '282': (2, 1), '283': (2, 1), '284': (2, 1), '285': (2, 1), '286': (2, 1), '287': (2, 1), '288': (2, 1), '289': (2, 1), '290': (2, 1), '291': (2, 1), '292': (2, 1), '293': (2, 1), '294': (2, 1)}
  j=14 block=1 embedded by MCTS/ceiling tier; state has 254 nodes
  j=15/15 block=1 nodes={}
RETURN j-loop seal block=1 j=15 brute_last=False
